<html>
<body>
<pre>
<h1>µVision Build Log</h1>
<h2>Tool Versions:</h2>
IDE-Version: µVision V5.26.2.0
Copyright (C) 2018 ARM Ltd and ARM Germany GmbH. All rights reserved.
License Information: Micha³ Berdzik, AGH University of Science , LIC=----
 
Tool Versions:
Toolchain:       MDK-Lite  Version: 5.26.2.0
Toolchain Path:  C:\Keil_v5\ARM\ARMCC\Bin
C Compiler:      Armcc.exe V5.06 update 6 (build 750)
Assembler:       Armasm.exe V5.06 update 6 (build 750)
Linker/Locator:  ArmLink.exe V5.06 update 6 (build 750)
Library Manager: ArmAr.exe V5.06 update 6 (build 750)
Hex Converter:   FromElf.exe V5.06 update 6 (build 750)
CPU DLL:         SARMCM3.DLL V5.26.2.0
Dialog DLL:      DARMCM1.DLL V1.19.1.0
Target DLL:      CMSIS_AGDI.dll V1.30.6.0
Dialog DLL:      TARMCM1.DLL V1.14.0.0
 
<h2>Project:</h2>
G:\Cortex\serwa\serwa.uvprojx
Project File Date:  01/18/2019

<h2>Output:</h2>
*** Using Compiler 'V5.06 update 6 (build 750)', folder: 'C:\Keil_v5\ARM\ARMCC\Bin'
Rebuild target 'Target 1'
compiling pwm.c...
pwm.h(69): warning:  #1-D: last line of file ends without a newline
  #endif /* PWM_H_ */
pwm.c(259): warning:  #1-D: last line of file ends without a newline
  /***************************************************************************************/
pwm.c: 2 warnings, 0 errors
compiling serwo.c...
pwm.h(69): warning:  #1-D: last line of file ends without a newline
  #endif /* PWM_H_ */
serwo.h(34): warning:  #1-D: last line of file ends without a newline
  #endif /* SERWO_H_ */
serwo.c: 2 warnings, 0 errors
compiling main.c...
pwm.h(69): warning:  #1-D: last line of file ends without a newline
  #endif /* PWM_H_ */
serwo.h(34): warning:  #1-D: last line of file ends without a newline
  #endif /* SERWO_H_ */
main.c(86): warning:  #223-D: function "uart_Init" declared implicitly
  	uart_Init((UART_MemMapPtr)UART0,3,115200);
main.c(102): warning:  #223-D: function "uart_String" declared implicitly
  	uart_String((UART_MemMapPtr)UART0, "Hello from KL25Z \r\n");
main.c(179): warning:  #223-D: function "uart_Put" declared implicitly
  	uart_Put((UART_MemMapPtr)UART0, resultx);
main.c(183): warning:  #111-D: statement is unreachable
  	return 0;
main.c(90): warning:  #177-D: variable "data"  was declared but never referenced
  	uint16_t data;
main.c: 7 warnings, 0 errors
compiling extra.c...
compiling I2C_Transmission.c...
compiling Accelometer.c...
Accelometer.c(104): warning:  #550-D: variable "data"  was set but never used
  	float data;
Accelometer.c(127): warning:  #550-D: variable "data"  was set but never used
  	float data;
Accelometer.c(150): warning:  #550-D: variable "data"  was set but never used
  	float data;
Accelometer.c(173): warning:  #550-D: variable "data"  was set but never used
  	float data;
Accelometer.c(196): warning:  #550-D: variable "data"  was set but never used
  	float data;
Accelometer.c(219): warning:  #550-D: variable "data"  was set but never used
  	float data;
Accelometer.c(242): warning:  #550-D: variable "psix"  was set but never used
  	float psix;
Accelometer.c(256): warning:  #550-D: variable "psiy"  was set but never used
  	float psiy;
Accelometer.c(266): warning:  #177-D: variable "omega"  was declared but never referenced
  	float psi1, psi2, omega;
Accelometer.c(275): warning:  #177-D: variable "omega"  was declared but never referenced
  	float psi1, psi2, omega;
Accelometer.c: 10 warnings, 0 errors
compiling lptmr.c...
compiling uart.c...
uart.h(15): warning:  #1-D: last line of file ends without a newline
  #endif /* UART_H_ */
uart.c(51): warning:  #111-D: statement is unreachable
  			break;
uart.c(85): warning:  #111-D: statement is unreachable
  			break;
uart.c(119): warning:  #111-D: statement is unreachable
  			break;
uart.c(166): warning:  #1-D: last line of file ends without a newline
  }
uart.c: 5 warnings, 0 errors
compiling angle_cal.c...
compiling sqrt16.c...
compiling median.c...
compiling i2c.c...
assembling startup_MKL25Z4.s...
compiling mma8451.c...
compiling system_MKL25Z4.c...
linking...
Program Size: Code=8654 RO-data=434 RW-data=64 ZI-data=464  
FromELF: creating hex file...
".\Objects\serwa.axf" - 0 Error(s), 26 Warning(s).

<h2>Software Packages used:</h2>

Package Vendor: ARM
                http://www.keil.com/pack/ARM.CMSIS.5.4.0.pack
                ARM.CMSIS.5.4.0
                CMSIS (Cortex Microcontroller Software Interface Standard)
   * Component: CORE Version: 5.1.2
   * Component: DSP Version: 1.5.2

Package Vendor: Keil
                http://www.keil.com/pack/Keil.Kinetis_KLxx_DFP.1.15.0.pack
                Keil.Kinetis_KLxx_DFP.1.15.0
                NXP Kinetis KLxx Series Device Support and Examples
   * Component: Startup Version: 2.5.0

<h2>Collection of Component include folders:</h2>
  .\RTE\Device\MKL25Z128xxx4
  .\RTE\_Target_1
  C:\Keil_v5\ARM\PACK\ARM\CMSIS\5.4.0\CMSIS\Core\Include
  C:\Keil_v5\ARM\PACK\ARM\CMSIS\5.4.0\CMSIS\DSP\Include
  C:\Keil_v5\ARM\PACK\Keil\Kinetis_KLxx_DFP\1.15.0\Device\Include

<h2>Collection of Component Files used:</h2>

   * Component: ARM::CMSIS:CORE:5.1.2

   * Component: ARM::CMSIS:DSP:1.5.2
      Include file:  CMSIS\DSP\Include\arm_math.h
      Library file:  CMSIS\Lib\ARM\arm_cortexM0l_math.lib

   * Component: Keil::Device:Startup:2.5.0
      Source file:   Device\Source\ARM\startup_MKL25Z4.s
      Source file:   Device\Source\system_MKL25Z4.c
      Include file:  Device\Source\system_MKL25Z4.h
Build Time Elapsed:  00:00:06
</pre>
</body>
</html>
