Component: ARM Compiler 5.06 update 6 (build 750) Tool: armlink [4d35ed]

==============================================================================

Section Cross References

    main.o(i.main) refers to serwo.o(i.initSerwo) for initSerwo
    main.o(i.main) refers to serwo.o(i.resetPosition) for resetPosition
    main.o(i.main) refers to lptmr.o(i.time_delay_ms) for time_delay_ms
    main.o(i.main) refers to uart.o(i.uart_Init) for uart_Init
    main.o(i.main) refers to mma8451.o(i.accel_init) for accel_init
    main.o(i.main) refers to mma8451.o(i.accel_read) for accel_read
    main.o(i.main) refers to uart.o(i.uart_String) for uart_String
    main.o(i.main) refers to fflti.o(.text) for __aeabi_ui2f
    main.o(i.main) refers to ffixi.o(.text) for __aeabi_f2iz
    main.o(i.main) refers to serwo.o(i.setPosition) for setPosition
    main.o(i.main) refers to uart.o(i.uart_Put) for uart_Put
    main.o(i.main) refers to mma8451.o(.data) for resultx
    serwo.o(i.goToPosition) refers to dflti.o(.text) for __aeabi_ui2d
    serwo.o(i.goToPosition) refers to dmul.o(.text) for __aeabi_dmul
    serwo.o(i.goToPosition) refers to daddsub.o(.text) for __aeabi_dadd
    serwo.o(i.goToPosition) refers to ddiv.o(.text) for __aeabi_ddiv
    serwo.o(i.goToPosition) refers to dfixui.o(.text) for __aeabi_d2uiz
    serwo.o(i.goToPosition) refers to pwm.o(i.pwm_tpm_CnV) for pwm_tpm_CnV
    serwo.o(i.goToPosition) refers to extra.o(i.delay_mc) for delay_mc
    serwo.o(i.goToPosition) refers to dlef.o(x$fpl$dleqf) for __aeabi_cdcmple
    serwo.o(i.goToZero) refers to serwo.o(i.rotateFor) for rotateFor
    serwo.o(i.initSerwo) refers to pwm.o(i.pwm_tpm_Init) for pwm_tpm_Init
    serwo.o(i.initSerwo) refers to pwm.o(i.pwm_tpm_Ch_Init) for pwm_tpm_Ch_Init
    serwo.o(i.resetPosition) refers to pwm.o(i.pwm_tpm_CnV) for pwm_tpm_CnV
    serwo.o(i.rotateFor) refers to dflti.o(.text) for __aeabi_i2d
    serwo.o(i.rotateFor) refers to dmul.o(.text) for __aeabi_dmul
    serwo.o(i.rotateFor) refers to daddsub.o(.text) for __aeabi_dadd
    serwo.o(i.rotateFor) refers to dfixui.o(.text) for __aeabi_d2uiz
    serwo.o(i.rotateFor) refers to pwm.o(i.pwm_tpm_CnV) for pwm_tpm_CnV
    serwo.o(i.rotateSerwoControl) refers to dflti.o(.text) for __aeabi_i2d
    serwo.o(i.rotateSerwoControl) refers to deqf.o(x$fpl$deqf) for __aeabi_cdcmpeq
    serwo.o(i.rotateSerwoControl) refers to serwo.o(i.rotateFor) for rotateFor
    serwo.o(i.rotateSerwoControl) refers to serwo.o(i.setPosition) for setPosition
    serwo.o(i.rotateSerwoControl) refers to serwo.o(.data) for buffer
    serwo.o(i.setPosition) refers to dflti.o(.text) for __aeabi_i2d
    serwo.o(i.setPosition) refers to dmul.o(.text) for __aeabi_dmul
    serwo.o(i.setPosition) refers to daddsub.o(.text) for __aeabi_dadd
    serwo.o(i.setPosition) refers to dfixui.o(.text) for __aeabi_d2uiz
    serwo.o(i.setPosition) refers to pwm.o(i.pwm_tpm_CnV) for pwm_tpm_CnV
    accelometer.o(i.Gyro_R_Read) refers to accelometer.o(i.X_gyro_read) for X_gyro_read
    accelometer.o(i.Gyro_R_Read) refers to accelometer.o(i.Y_gyro_read) for Y_gyro_read
    accelometer.o(i.Gyro_R_Read) refers to accelometer.o(i.Z_gyro_read) for Z_gyro_read
    accelometer.o(i.Gyro_R_Read) refers to accelometer.o(i.X_acc_read) for X_acc_read
    accelometer.o(i.Gyro_R_Read) refers to accelometer.o(i.Y_acc_read) for Y_acc_read
    accelometer.o(i.Gyro_R_Read) refers to accelometer.o(i.Z_acc_read) for Z_acc_read
    accelometer.o(i.Gyro_R_Read) refers to fmul.o(x$fpl$fmul) for __aeabi_fmul
    accelometer.o(i.Gyro_R_Read) refers to faddsub.o(x$fpl$fadd) for __aeabi_fadd
    accelometer.o(i.Gyro_R_Read) refers to f2d.o(.text) for __aeabi_f2d
    accelometer.o(i.Gyro_R_Read) refers to sqrt.o(i.sqrt) for sqrt
    accelometer.o(i.Gyro_R_Read) refers to d2f.o(.text) for __aeabi_d2f
    accelometer.o(i.Gyro_R_Read) refers to fdiv.o(.text) for __aeabi_fdiv
    accelometer.o(i.Gyro_R_Read) refers to accelometer.o(i.omega_x) for omega_x
    accelometer.o(i.Gyro_R_Read) refers to accelometer.o(i.omega_y) for omega_y
    accelometer.o(i.Gyro_R_Read) refers to accelometer.o(.bss) for mpu_results
    accelometer.o(i.X_acc_read) refers to mma8451.o(i.hal_dev_mma8451_read_reg) for hal_dev_mma8451_read_reg
    accelometer.o(i.X_acc_read) refers to dflti.o(.text) for __aeabi_i2d
    accelometer.o(i.X_acc_read) refers to dmul.o(.text) for __aeabi_dmul
    accelometer.o(i.X_acc_read) refers to d2f.o(.text) for __aeabi_d2f
    accelometer.o(i.X_gyro_read) refers to mma8451.o(i.hal_dev_mma8451_read_reg) for hal_dev_mma8451_read_reg
    accelometer.o(i.X_gyro_read) refers to dflti.o(.text) for __aeabi_i2d
    accelometer.o(i.X_gyro_read) refers to dmul.o(.text) for __aeabi_dmul
    accelometer.o(i.X_gyro_read) refers to d2f.o(.text) for __aeabi_d2f
    accelometer.o(i.Y_acc_read) refers to mma8451.o(i.hal_dev_mma8451_read_reg) for hal_dev_mma8451_read_reg
    accelometer.o(i.Y_acc_read) refers to dflti.o(.text) for __aeabi_i2d
[...]
    fdiv.o(.text) refers (Special) to usenofp.o(x$fpl$usenofp) for __I$use$fp
    fdiv.o(.text) refers to fdiv.o(.constdata) for .constdata
    fdiv.o(.constdata) refers (Special) to usenofp.o(x$fpl$usenofp) for __I$use$fp
    ffixi.o(.text) refers (Special) to usenofp.o(x$fpl$usenofp) for __I$use$fp
    fflti.o(.text) refers (Special) to usenofp.o(x$fpl$usenofp) for __I$use$fp
    fmul.o(x$fpl$fmul) refers (Special) to usenofp.o(x$fpl$usenofp) for __I$use$fp
    asin.o(i.__softfp_asin) refers (Special) to usenofp.o(x$fpl$usenofp) for __I$use$fp
    asin.o(i.__softfp_asin) refers to asin.o(i.asin) for asin
    asin.o(i.asin) refers (Special) to usenofp.o(x$fpl$usenofp) for __I$use$fp
    asin.o(i.asin) refers to dunder.o(i.__mathlib_dbl_infnan) for __mathlib_dbl_infnan
    asin.o(i.asin) refers to dmul.o(.text) for __aeabi_dmul
    asin.o(i.asin) refers to _rserrno.o(.text) for __set_errno
    asin.o(i.asin) refers to dunder.o(i.__mathlib_dbl_invalid) for __mathlib_dbl_invalid
    asin.o(i.asin) refers to fpclassify.o(i.__ARM_fpclassify) for __ARM_fpclassify
    asin.o(i.asin) refers to dunder.o(i.__mathlib_dbl_underflow) for __mathlib_dbl_underflow
    asin.o(i.asin) refers to poly.o(i.__kernel_poly) for __kernel_poly
    asin.o(i.asin) refers to daddsub.o(.text) for __aeabi_dadd
    asin.o(i.asin) refers to ddiv.o(.text) for __aeabi_ddiv
    asin.o(i.asin) refers to dscalbn.o(.text) for __ARM_scalbn
    asin.o(i.asin) refers to sqrt.o(i.sqrt) for sqrt
    asin.o(i.asin) refers to asin.o(.constdata) for .constdata
    asin.o(.constdata) refers (Special) to usenofp.o(x$fpl$usenofp) for __I$use$fp
    asin_x.o(i.____softfp_asin$lsc) refers (Special) to usenofp.o(x$fpl$usenofp) for __I$use$fp
    asin_x.o(i.____softfp_asin$lsc) refers to asin_x.o(i.__asin$lsc) for __asin$lsc
    asin_x.o(i.__asin$lsc) refers (Special) to usenofp.o(x$fpl$usenofp) for __I$use$fp
    asin_x.o(i.__asin$lsc) refers to dunder.o(i.__mathlib_dbl_infnan) for __mathlib_dbl_infnan
    asin_x.o(i.__asin$lsc) refers to dmul.o(.text) for __aeabi_dmul
    asin_x.o(i.__asin$lsc) refers to _rserrno.o(.text) for __set_errno
    asin_x.o(i.__asin$lsc) refers to poly.o(i.__kernel_poly) for __kernel_poly
    asin_x.o(i.__asin$lsc) refers to daddsub.o(.text) for __aeabi_dadd
    asin_x.o(i.__asin$lsc) refers to ddiv.o(.text) for __aeabi_ddiv
    asin_x.o(i.__asin$lsc) refers to dscalbn.o(.text) for __ARM_scalbn
    asin_x.o(i.__asin$lsc) refers to sqrt.o(i.sqrt) for sqrt
    asin_x.o(i.__asin$lsc) refers to asin_x.o(.constdata) for .constdata
    asin_x.o(.constdata) refers (Special) to usenofp.o(x$fpl$usenofp) for __I$use$fp
    atan2.o(i.__softfp_atan2) refers (Special) to usenofp.o(x$fpl$usenofp) for __I$use$fp
    atan2.o(i.__softfp_atan2) refers to atan2.o(i.atan2) for atan2
    atan2.o(i.atan2) refers (Special) to usenofp.o(x$fpl$usenofp) for __I$use$fp
    atan2.o(i.atan2) refers to dunder.o(i.__mathlib_dbl_infnan2) for __mathlib_dbl_infnan2
    atan2.o(i.atan2) refers to atan.o(i.atan) for atan
    atan2.o(i.atan2) refers to ddiv.o(.text) for __aeabi_ddiv
    atan2.o(i.atan2) refers to daddsub.o(.text) for __aeabi_dsub
    atan2.o(i.atan2) refers to qnan.o(.constdata) for __mathlib_zero
    atan2_x.o(i.____softfp_atan2$lsc) refers (Special) to usenofp.o(x$fpl$usenofp) for __I$use$fp
    atan2_x.o(i.____softfp_atan2$lsc) refers to atan2_x.o(i.__atan2$lsc) for __atan2$lsc
    atan2_x.o(i.__atan2$lsc) refers (Special) to usenofp.o(x$fpl$usenofp) for __I$use$fp
    atan2_x.o(i.__atan2$lsc) refers to dunder.o(i.__mathlib_dbl_infnan2) for __mathlib_dbl_infnan2
    atan2_x.o(i.__atan2$lsc) refers to atan.o(i.atan) for atan
    atan2_x.o(i.__atan2$lsc) refers to _rserrno.o(.text) for __set_errno
    atan2_x.o(i.__atan2$lsc) refers to ddiv.o(.text) for __aeabi_ddiv
    atan2_x.o(i.__atan2$lsc) refers to daddsub.o(.text) for __aeabi_dsub
    atan2_x.o(i.__atan2$lsc) refers to qnan.o(.constdata) for __mathlib_zero
    sqrt.o(i.__softfp_sqrt) refers (Special) to usenofp.o(x$fpl$usenofp) for __I$use$fp
    sqrt.o(i.__softfp_sqrt) refers to dsqrt.o(.text) for _dsqrt
    sqrt.o(i.__softfp_sqrt) refers to _rserrno.o(.text) for __set_errno
    sqrt.o(i.sqrt) refers (Special) to usenofp.o(x$fpl$usenofp) for __I$use$fp
    sqrt.o(i.sqrt) refers to dsqrt.o(.text) for _dsqrt
    sqrt.o(i.sqrt) refers to _rserrno.o(.text) for __set_errno
    sqrt_x.o(i.____softfp_sqrt$lsc) refers (Special) to usenofp.o(x$fpl$usenofp) for __I$use$fp
    sqrt_x.o(i.____softfp_sqrt$lsc) refers to dlef.o(x$fpl$dleqf) for __aeabi_cdcmple
    sqrt_x.o(i.____softfp_sqrt$lsc) refers to _rserrno.o(.text) for __set_errno
    sqrt_x.o(i.____softfp_sqrt$lsc) refers to dsqrt.o(.text) for _dsqrt
    sqrt_x.o(i.__sqrt$lsc) refers (Special) to usenofp.o(x$fpl$usenofp) for __I$use$fp
    sqrt_x.o(i.__sqrt$lsc) refers to dlef.o(x$fpl$dleqf) for __aeabi_cdcmple
    sqrt_x.o(i.__sqrt$lsc) refers to _rserrno.o(.text) for __set_errno
    sqrt_x.o(i.__sqrt$lsc) refers to dsqrt.o(.text) for _dsqrt
    __rtentry.o(.ARM.Collect$$rtentry$$00000000) refers (Special) to __rtentry2.o(.ARM.Collect$$rtentry$$0000000A) for __rt_entry_li
    __rtentry.o(.ARM.Collect$$rtentry$$00000000) refers (Special) to __rtentry2.o(.ARM.Collect$$rtentry$$0000000D) for __rt_entry_main
    __rtentry.o(.ARM.Collect$$rtentry$$00000000) refers (Special) to __rtentry2.o(.ARM.Collect$$rtentry$$0000000C) for __rt_entry_postli_1
    __rtentry.o(.ARM.Collect$$rtentry$$00000000) refers (Special) to __rtentry2.o(.ARM.Collect$$rtentry$$00000009) for __rt_entry_postsh_1
    __rtentry.o(.ARM.Collect$$rtentry$$00000000) refers (Special) to __rtentry2.o(.ARM.Collect$$rtentry$$00000002) for __rt_entry_presh_1
    __rtentry.o(.ARM.Collect$$rtentry$$00000000) refers (Special) to __rtentry4.o(.ARM.Collect$$rtentry$$00000004) for __rt_entry_sh
    aeabi_idiv0_sigfpe.o(.text) refers to rt_div0.o(.text) for __rt_div0
    _rserrno.o(.text) refers to rt_errno_addr_intlibspace.o(.text) for __aeabi_errno_addr
    dcmpin.o(.text) refers (Special) to usenofp.o(x$fpl$usenofp) for __I$use$fp
    dcmpin.o(.text) refers to cmpret.o(.text) for __fpl_cmpreturn
    dcmpin.o(.text) refers to dnan2.o(.text) for __fpl_dcheck_NaN2
    dscalbn.o(.text) refers (Special) to usenofp.o(x$fpl$usenofp) for __I$use$fp
    dsqrt.o(.text) refers (Special) to usenofp.o(x$fpl$usenofp) for __I$use$fp
    atan.o(i.__softfp_atan) refers (Special) to usenofp.o(x$fpl$usenofp) for __I$use$fp
    atan.o(i.__softfp_atan) refers to atan.o(i.atan) for atan
    atan.o(i.atan) refers (Special) to usenofp.o(x$fpl$usenofp) for __I$use$fp
    atan.o(i.atan) refers to dunder.o(i.__mathlib_dbl_infnan) for __mathlib_dbl_infnan
    atan.o(i.atan) refers to fpclassify.o(i.__ARM_fpclassify) for __ARM_fpclassify
    atan.o(i.atan) refers to dunder.o(i.__mathlib_dbl_underflow) for __mathlib_dbl_underflow
    atan.o(i.atan) refers to daddsub.o(.text) for __aeabi_dadd
    atan.o(i.atan) refers to dscalbn.o(.text) for __ARM_scalbn
    atan.o(i.atan) refers to ddiv.o(.text) for __aeabi_ddiv
    atan.o(i.atan) refers to dmul.o(.text) for __aeabi_dmul
    atan.o(i.atan) refers to poly.o(i.__kernel_poly) for __kernel_poly
    atan.o(i.atan) refers to atan.o(.constdata) for .constdata
    atan.o(.constdata) refers (Special) to usenofp.o(x$fpl$usenofp) for __I$use$fp
    atan_x.o(i.____softfp_atan$lsc) refers (Special) to usenofp.o(x$fpl$usenofp) for __I$use$fp
    atan_x.o(i.____softfp_atan$lsc) refers to atan_x.o(i.__atan$lsc) for __atan$lsc
    atan_x.o(i.__atan$lsc) refers (Special) to usenofp.o(x$fpl$usenofp) for __I$use$fp
    atan_x.o(i.__atan$lsc) refers to dunder.o(i.__mathlib_dbl_infnan) for __mathlib_dbl_infnan
    atan_x.o(i.__atan$lsc) refers to daddsub.o(.text) for __aeabi_dadd
    atan_x.o(i.__atan$lsc) refers to dscalbn.o(.text) for __ARM_scalbn
    atan_x.o(i.__atan$lsc) refers to ddiv.o(.text) for __aeabi_ddiv
    atan_x.o(i.__atan$lsc) refers to dmul.o(.text) for __aeabi_dmul
    atan_x.o(i.__atan$lsc) refers to poly.o(i.__kernel_poly) for __kernel_poly
    atan_x.o(i.__atan$lsc) refers to atan_x.o(.constdata) for .constdata
    atan_x.o(.constdata) refers (Special) to usenofp.o(x$fpl$usenofp) for __I$use$fp
    dunder.o(i.__mathlib_dbl_divzero) refers to ddiv.o(.text) for __aeabi_ddiv
    dunder.o(i.__mathlib_dbl_infnan) refers to dscalbn.o(.text) for __ARM_scalbn
    dunder.o(i.__mathlib_dbl_infnan2) refers to daddsub.o(.text) for __aeabi_dadd
    dunder.o(i.__mathlib_dbl_invalid) refers to ddiv.o(.text) for __aeabi_ddiv
    dunder.o(i.__mathlib_dbl_overflow) refers to dscalbn.o(.text) for __ARM_scalbn
    dunder.o(i.__mathlib_dbl_posinfnan) refers to dmul.o(.text) for __aeabi_dmul
    dunder.o(i.__mathlib_dbl_underflow) refers to dscalbn.o(.text) for __ARM_scalbn
    fpclassify.o(i.__ARM_fpclassify) refers (Special) to usenofp.o(x$fpl$usenofp) for __I$use$fp
    poly.o(i.__kernel_poly) refers (Special) to usenofp.o(x$fpl$usenofp) for __I$use$fp
    poly.o(i.__kernel_poly) refers to dmul.o(.text) for __aeabi_dmul
    poly.o(i.__kernel_poly) refers to daddsub.o(.text) for __aeabi_dadd
    qnan.o(.constdata) refers (Special) to usenofp.o(x$fpl$usenofp) for __I$use$fp
    __rtentry2.o(.ARM.Collect$$rtentry$$00000008) refers to boardinit2.o(.text) for _platform_post_stackheap_init
    __rtentry2.o(.ARM.Collect$$rtentry$$0000000A) refers to libinit.o(.ARM.Collect$$libinit$$00000000) for __rt_lib_init
    __rtentry2.o(.ARM.Collect$$rtentry$$0000000B) refers to boardinit3.o(.text) for _platform_post_lib_init
    __rtentry2.o(.ARM.Collect$$rtentry$$0000000D) refers to main.o(i.main) for main
    __rtentry2.o(.ARM.Collect$$rtentry$$0000000D) refers to exit.o(.text) for exit
    __rtentry2.o(.ARM.exidx) refers to __rtentry2.o(.ARM.Collect$$rtentry$$00000001) for .ARM.Collect$$rtentry$$00000001
    __rtentry2.o(.ARM.exidx) refers to __rtentry2.o(.ARM.Collect$$rtentry$$00000008) for .ARM.Collect$$rtentry$$00000008
    __rtentry2.o(.ARM.exidx) refers to __rtentry2.o(.ARM.Collect$$rtentry$$0000000A) for .ARM.Collect$$rtentry$$0000000A
    __rtentry2.o(.ARM.exidx) refers to __rtentry2.o(.ARM.Collect$$rtentry$$0000000B) for .ARM.Collect$$rtentry$$0000000B
    __rtentry2.o(.ARM.exidx) refers to __rtentry2.o(.ARM.Collect$$rtentry$$0000000D) for .ARM.Collect$$rtentry$$0000000D
    __rtentry4.o(.ARM.Collect$$rtentry$$00000004) refers to sys_stackheap_outer.o(.text) for __user_setup_stackheap
    __rtentry4.o(.ARM.exidx) refers to __rtentry4.o(.ARM.Collect$$rtentry$$00000004) for .ARM.Collect$$rtentry$$00000004
    rt_div0.o(.text) refers to defsig_fpe_outer.o(.text) for __rt_SIGFPE
    rt_errno_addr.o(.text) refers to rt_errno_addr.o(.bss) for __aeabi_errno_addr_data
    rt_errno_addr_intlibspace.o(.text) refers to libspace.o(.bss) for __libspace_start
    cmpret.o(.text) refers (Special) to usenofp.o(x$fpl$usenofp) for __I$use$fp
    dnan2.o(.text) refers (Special) to usenofp.o(x$fpl$usenofp) for __I$use$fp
    dnan2.o(.text) refers to retnan.o(.text) for __fpl_return_NaN
    libspace.o(.text) refers to libspace.o(.bss) for __libspace_start
    sys_stackheap_outer.o(.text) refers to libspace.o(.text) for __user_perproc_libspace
    sys_stackheap_outer.o(.text) refers to startup_mkl25z4.o(.text) for __user_initial_stackheap
    sys_stackheap_outer.o(__vectab_stack_and_reset_area) refers to tempstk.o(.text) for __temporary_stack_top
    sys_stackheap_outer.o(__vectab_stack_and_reset_area) refers to __main.o(!!!main) for __main
    exit.o(.text) refers to rtexit.o(.ARM.Collect$$rtexit$$00000000) for __rt_exit
    defsig_fpe_outer.o(.text) refers to defsig_fpe_inner.o(.text) for __rt_SIGFPE_inner
    defsig_fpe_outer.o(.text) refers to defsig_exit.o(.text) for __sig_exit
    defsig_fpe_formal.o(.text) refers to rt_raise.o(.text) for __rt_raise
    libinit.o(.ARM.Collect$$libinit$$00000000) refers (Special) to libinit2.o(.ARM.Collect$$libinit$$0000002E) for __rt_lib_init_alloca_1
    libinit.o(.ARM.Collect$$libinit$$00000000) refers (Special) to libinit2.o(.ARM.Collect$$libinit$$0000002C) for __rt_lib_init_argv_1
    libinit.o(.ARM.Collect$$libinit$$00000000) refers (Special) to libinit2.o(.ARM.Collect$$libinit$$0000001B) for __rt_lib_init_atexit_1
    libinit.o(.ARM.Collect$$libinit$$00000000) refers (Special) to libinit2.o(.ARM.Collect$$libinit$$00000021) for __rt_lib_init_clock_1
    libinit.o(.ARM.Collect$$libinit$$00000000) refers (Special) to libinit2.o(.ARM.Collect$$libinit$$00000032) for __rt_lib_init_cpp_1
    libinit.o(.ARM.Collect$$libinit$$00000000) refers (Special) to libinit2.o(.ARM.Collect$$libinit$$00000030) for __rt_lib_init_exceptions_1
    libinit.o(.ARM.Collect$$libinit$$00000000) refers (Special) to libinit2.o(.ARM.Collect$$libinit$$00000002) for __rt_lib_init_fp_1
    libinit.o(.ARM.Collect$$libinit$$00000000) refers (Special) to libinit2.o(.ARM.Collect$$libinit$$0000001F) for __rt_lib_init_fp_trap_1
    libinit.o(.ARM.Collect$$libinit$$00000000) refers (Special) to libinit2.o(.ARM.Collect$$libinit$$00000023) for __rt_lib_init_getenv_1
    libinit.o(.ARM.Collect$$libinit$$00000000) refers (Special) to libinit2.o(.ARM.Collect$$libinit$$0000000A) for __rt_lib_init_heap_1
    libinit.o(.ARM.Collect$$libinit$$00000000) refers (Special) to libinit2.o(.ARM.Collect$$libinit$$00000011) for __rt_lib_init_lc_collate_1
    libinit.o(.ARM.Collect$$libinit$$00000000) refers (Special) to libinit2.o(.ARM.Collect$$libinit$$00000013) for __rt_lib_init_lc_ctype_1
    libinit.o(.ARM.Collect$$libinit$$00000000) refers (Special) to libinit2.o(.ARM.Collect$$libinit$$00000015) for __rt_lib_init_lc_monetary_1
    libinit.o(.ARM.Collect$$libinit$$00000000) refers (Special) to libinit2.o(.ARM.Collect$$libinit$$00000017) for __rt_lib_init_lc_numeric_1
    libinit.o(.ARM.Collect$$libinit$$00000000) refers (Special) to libinit2.o(.ARM.Collect$$libinit$$00000019) for __rt_lib_init_lc_time_1
    libinit.o(.ARM.Collect$$libinit$$00000000) refers (Special) to libinit2.o(.ARM.Collect$$libinit$$00000004) for __rt_lib_init_preinit_1
    libinit.o(.ARM.Collect$$libinit$$00000000) refers (Special) to libinit2.o(.ARM.Collect$$libinit$$0000000E) for __rt_lib_init_rand_1
    libinit.o(.ARM.Collect$$libinit$$00000000) refers (Special) to libinit2.o(.ARM.Collect$$libinit$$00000033) for __rt_lib_init_return
    libinit.o(.ARM.Collect$$libinit$$00000000) refers (Special) to libinit2.o(.ARM.Collect$$libinit$$0000001D) for __rt_lib_init_signal_1
    libinit.o(.ARM.Collect$$libinit$$00000000) refers (Special) to libinit2.o(.ARM.Collect$$libinit$$00000025) for __rt_lib_init_stdio_1
    libinit.o(.ARM.Collect$$libinit$$00000000) refers (Special) to libinit2.o(.ARM.Collect$$libinit$$0000000C) for __rt_lib_init_user_alloc_1
    retnan.o(.text) refers (Special) to usenofp.o(x$fpl$usenofp) for __I$use$fp
    retnan.o(.text) refers to cmpret.o(.text) for __fpl_cmpreturn
    rtexit.o(.ARM.Collect$$rtexit$$00000000) refers (Special) to rtexit2.o(.ARM.Collect$$rtexit$$00000004) for __rt_exit_exit
    rtexit.o(.ARM.Collect$$rtexit$$00000000) refers (Special) to rtexit2.o(.ARM.Collect$$rtexit$$00000003) for __rt_exit_ls
    rtexit.o(.ARM.Collect$$rtexit$$00000000) refers (Special) to rtexit2.o(.ARM.Collect$$rtexit$$00000002) for __rt_exit_prels_1
    rtexit.o(.ARM.exidx) refers (Special) to rtexit2.o(.ARM.Collect$$rtexit$$00000004) for __rt_exit_exit
    rtexit.o(.ARM.exidx) refers (Special) to rtexit2.o(.ARM.Collect$$rtexit$$00000003) for __rt_exit_ls
    rtexit.o(.ARM.exidx) refers (Special) to rtexit2.o(.ARM.Collect$$rtexit$$00000002) for __rt_exit_prels_1
    rtexit.o(.ARM.exidx) refers to rtexit.o(.ARM.Collect$$rtexit$$00000000) for .ARM.Collect$$rtexit$$00000000
    rt_raise.o(.text) refers to __raise.o(.text) for __raise
    rt_raise.o(.text) refers to sys_exit.o(.text) for _sys_exit
    defsig_exit.o(.text) refers to sys_exit.o(.text) for _sys_exit
    defsig_fpe_inner.o(.text) refers to defsig_general.o(.text) for __default_signal_display
    libinit2.o(.ARM.Collect$$libinit$$00000010) refers to libinit2.o(.ARM.Collect$$libinit$$0000000F) for .ARM.Collect$$libinit$$0000000F
    libinit2.o(.ARM.Collect$$libinit$$00000012) refers to libinit2.o(.ARM.Collect$$libinit$$0000000F) for .ARM.Collect$$libinit$$0000000F
    libinit2.o(.ARM.Collect$$libinit$$00000014) refers to libinit2.o(.ARM.Collect$$libinit$$0000000F) for .ARM.Collect$$libinit$$0000000F
    libinit2.o(.ARM.Collect$$libinit$$00000016) refers to libinit2.o(.ARM.Collect$$libinit$$0000000F) for .ARM.Collect$$libinit$$0000000F
    libinit2.o(.ARM.Collect$$libinit$$00000018) refers to libinit2.o(.ARM.Collect$$libinit$$0000000F) for .ARM.Collect$$libinit$$0000000F
    libinit2.o(.ARM.Collect$$libinit$$00000026) refers to argv_veneer.o(.text) for __ARM_argv_veneer
    libinit2.o(.ARM.Collect$$libinit$$00000027) refers to argv_veneer.o(.text) for __ARM_argv_veneer
    sys_exit.o(.text) refers (Special) to use_no_semi.o(.text) for __I$use$semihosting
    sys_exit.o(.text) refers (Special) to indicate_semi.o(.text) for __semihosting_library_function
    rtexit2.o(.ARM.Collect$$rtexit$$00000003) refers to libshutdown.o(.ARM.Collect$$libshutdown$$00000000) for __rt_lib_shutdown
    rtexit2.o(.ARM.Collect$$rtexit$$00000004) refers to sys_exit.o(.text) for _sys_exit
    rtexit2.o(.ARM.exidx) refers to rtexit2.o(.ARM.Collect$$rtexit$$00000001) for .ARM.Collect$$rtexit$$00000001
    rtexit2.o(.ARM.exidx) refers to rtexit2.o(.ARM.Collect$$rtexit$$00000003) for .ARM.Collect$$rtexit$$00000003
    rtexit2.o(.ARM.exidx) refers to rtexit2.o(.ARM.Collect$$rtexit$$00000004) for .ARM.Collect$$rtexit$$00000004
    __raise.o(.text) refers to defsig.o(CL$$defsig) for __default_signal_handler
    defsig_general.o(.text) refers to sys_wrch.o(.text) for _ttywrch
    sys_wrch.o(.text) refers (Special) to use_no_semi.o(.text) for __I$use$semihosting
    sys_wrch.o(.text) refers (Special) to indicate_semi.o(.text) for __semihosting_library_function
    defsig.o(CL$$defsig) refers to defsig_fpe_inner.o(.text) for __rt_SIGFPE_inner
    defsig.o(CL$$defsig) refers to defsig_rtmem_inner.o(.text) for __rt_SIGRTMEM_inner
    _get_argv_nomalloc.o(.text) refers (Special) to hrguard.o(.text) for __heap_region$guard
    _get_argv_nomalloc.o(.text) refers to defsig_rtmem_outer.o(.text) for __rt_SIGRTMEM
    _get_argv_nomalloc.o(.text) refers to sys_command.o(.text) for _sys_command_string
    libshutdown.o(.ARM.Collect$$libshutdown$$00000000) refers (Special) to libshutdown2.o(.ARM.Collect$$libshutdown$$00000002) for __rt_lib_shutdown_cpp_1
    libshutdown.o(.ARM.Collect$$libshutdown$$00000000) refers (Special) to libshutdown2.o(.ARM.Collect$$libshutdown$$00000007) for __rt_lib_shutdown_fp_trap_1
    libshutdown.o(.ARM.Collect$$libshutdown$$00000000) refers (Special) to libshutdown2.o(.ARM.Collect$$libshutdown$$0000000F) for __rt_lib_shutdown_heap_1
    libshutdown.o(.ARM.Collect$$libshutdown$$00000000) refers (Special) to libshutdown2.o(.ARM.Collect$$libshutdown$$00000010) for __rt_lib_shutdown_return
    libshutdown.o(.ARM.Collect$$libshutdown$$00000000) refers (Special) to libshutdown2.o(.ARM.Collect$$libshutdown$$0000000A) for __rt_lib_shutdown_signal_1
    libshutdown.o(.ARM.Collect$$libshutdown$$00000000) refers (Special) to libshutdown2.o(.ARM.Collect$$libshutdown$$00000004) for __rt_lib_shutdown_stdio_1
    libshutdown.o(.ARM.Collect$$libshutdown$$00000000) refers (Special) to libshutdown2.o(.ARM.Collect$$libshutdown$$0000000C) for __rt_lib_shutdown_user_alloc_1
    sys_command.o(.text) refers (Special) to use_no_semi.o(.text) for __I$use$semihosting
    sys_command.o(.text) refers (Special) to indicate_semi.o(.text) for __semihosting_library_function
    defsig_abrt_inner.o(.text) refers to defsig_general.o(.text) for __default_signal_display
    defsig_rtred_inner.o(.text) refers to defsig_general.o(.text) for __default_signal_display
    defsig_rtmem_inner.o(.text) refers to defsig_general.o(.text) for __default_signal_display
    defsig_rtmem_outer.o(.text) refers to defsig_rtmem_inner.o(.text) for __rt_SIGRTMEM_inner
    defsig_rtmem_outer.o(.text) refers to defsig_exit.o(.text) for __sig_exit
    defsig_rtmem_formal.o(.text) refers to rt_raise.o(.text) for __rt_raise
    defsig_stak_inner.o(.text) refers to defsig_general.o(.text) for __default_signal_display
    defsig_pvfn_inner.o(.text) refers to defsig_general.o(.text) for __default_signal_display
    defsig_cppl_inner.o(.text) refers to defsig_general.o(.text) for __default_signal_display
    defsig_segv_inner.o(.text) refers to defsig_general.o(.text) for __default_signal_display
    defsig_other.o(.text) refers to defsig_general.o(.text) for __default_signal_display


==============================================================================

Removing Unused input sections from the image.

    Removing main.o(.rev16_text), (4 bytes).
    Removing main.o(.revsh_text), (4 bytes).
    Removing pwm.o(.rev16_text), (4 bytes).
    Removing pwm.o(.revsh_text), (4 bytes).
    Removing serwo.o(.rev16_text), (4 bytes).
    Removing serwo.o(.revsh_text), (4 bytes).
    Removing serwo.o(i.goToPosition), (204 bytes).
    Removing serwo.o(i.goToZero), (16 bytes).
    Removing serwo.o(i.rotateFor), (152 bytes).
    Removing serwo.o(i.rotateSerwoControl), (104 bytes).
    Removing serwo.o(.data), (4 bytes).
    Removing extra.o(.rev16_text), (4 bytes).
    Removing extra.o(.revsh_text), (4 bytes).
    Removing extra.o(i.delay_mc), (28 bytes).
    Removing accelometer.o(.rev16_text), (4 bytes).
    Removing accelometer.o(.revsh_text), (4 bytes).
    Removing accelometer.o(i.Gyro_R_Read), (384 bytes).
    Removing accelometer.o(i.X_acc_read), (76 bytes).
    Removing accelometer.o(i.X_gyro_read), (92 bytes).
    Removing accelometer.o(i.Y_acc_read), (76 bytes).
    Removing accelometer.o(i.Y_gyro_read), (92 bytes).
    Removing accelometer.o(i.Z_acc_read), (76 bytes).
    Removing accelometer.o(i.Z_gyro_read), (92 bytes).
    Removing accelometer.o(i.mpu_accel_read), (104 bytes).
    Removing accelometer.o(i.mpu_angle_calc), (488 bytes).
    Removing accelometer.o(i.omega_x), (30 bytes).
    Removing accelometer.o(i.omega_y), (30 bytes).
    Removing accelometer.o(i.psi_x), (54 bytes).
    Removing accelometer.o(i.psi_y), (54 bytes).
    Removing accelometer.o(i.read_register), (102 bytes).
    Removing accelometer.o(i.write_register), (58 bytes).
    Removing accelometer.o(.bss), (120 bytes).
    Removing accelometer.o(.data), (56 bytes).
    Removing i2c_transmission.o(.rev16_text), (4 bytes).
    Removing i2c_transmission.o(.revsh_text), (4 bytes).
    Removing i2c_transmission.o(i.I2C_GetAck), (24 bytes).
    Removing i2c_transmission.o(i.I2C_Init), (76 bytes).
    Removing i2c_transmission.o(i.I2C_ReadByte), (12 bytes).
    Removing i2c_transmission.o(i.I2C_RepeatedStart), (20 bytes).
    Removing i2c_transmission.o(i.I2C_SendAck), (20 bytes).
    Removing i2c_transmission.o(i.I2C_SendNack), (20 bytes).
    Removing i2c_transmission.o(i.I2C_SetRXmode), (20 bytes).
    Removing i2c_transmission.o(i.I2C_SetTXmode), (20 bytes).
    Removing i2c_transmission.o(i.I2C_Start), (12 bytes).
    Removing i2c_transmission.o(i.I2C_Stop), (12 bytes).
    Removing i2c_transmission.o(i.I2C_Wait), (32 bytes).
    Removing i2c_transmission.o(i.I2C_WaitForAck), (20 bytes).
    Removing i2c_transmission.o(i.I2C_Write), (16 bytes).
    Removing i2c_transmission.o(i.I2C_WriteByte), (12 bytes).
    Removing i2c_transmission.o(i.I2C_deinit), (28 bytes).
    Removing i2c_transmission.o(i.I2C_set_master_mode), (20 bytes).
    Removing i2c_transmission.o(i.I2C_set_slave_mode), (20 bytes).
    Removing lptmr.o(.rev16_text), (4 bytes).
    Removing lptmr.o(.revsh_text), (4 bytes).
    Removing lptmr.o(i.lptmr_init), (72 bytes).
    Removing uart.o(.rev16_text), (4 bytes).
    Removing uart.o(.revsh_text), (4 bytes).
    Removing uart.o(i.uart_Get), (18 bytes).
    Removing angle_cal.o(.rev16_text), (4 bytes).
    Removing angle_cal.o(.revsh_text), (4 bytes).
    Removing angle_cal.o(i.detect_fall_detection), (76 bytes).
    Removing i2c.o(.rev16_text), (4 bytes).
    Removing i2c.o(.revsh_text), (4 bytes).
    Removing i2c.o(i.hal_i2c0_deinit), (24 bytes).
    Removing i2c.o(i.hal_i2c1_deinit), (24 bytes).
    Removing i2c.o(i.hal_i2c1_init), (52 bytes).
    Removing i2c.o(i.i2c_give_ack), (10 bytes).
    Removing mma8451.o(.rev16_text), (4 bytes).
    Removing mma8451.o(.revsh_text), (4 bytes).
    Removing system_mkl25z4.o(.rev16_text), (4 bytes).
    Removing system_mkl25z4.o(.revsh_text), (4 bytes).
    Removing system_mkl25z4.o(i.SystemCoreClockUpdate), (400 bytes).

72 unused section(s) (total 3648 bytes) removed from the image.

==============================================================================

Image Symbol Table

    Local Symbols

    Symbol Name                              Value     Ov Type        Size  Object(Section)

    RESET                                    0x00000000   Section      192  startup_mkl25z4.o(RESET)
    ../clib/angel/boardlib.s                 0x00000000   Number         0  boardshut.o ABSOLUTE
    ../clib/angel/boardlib.s                 0x00000000   Number         0  boardinit1.o ABSOLUTE
    ../clib/angel/boardlib.s                 0x00000000   Number         0  boardinit3.o ABSOLUTE
    ../clib/angel/boardlib.s                 0x00000000   Number         0  boardinit2.o ABSOLUTE
    ../clib/angel/handlers.s                 0x00000000   Number         0  __scatter_copy.o ABSOLUTE
    ../clib/angel/handlers.s                 0x00000000   Number         0  __scatter_zi.o ABSOLUTE
    ../clib/angel/kernel.s                   0x00000000   Number         0  rtexit.o ABSOLUTE
    ../clib/angel/kernel.s                   0x00000000   Number         0  rtexit2.o ABSOLUTE
    ../clib/angel/kernel.s                   0x00000000   Number         0  __rtentry4.o ABSOLUTE
    ../clib/angel/kernel.s                   0x00000000   Number         0  __rtentry2.o ABSOLUTE
    ../clib/angel/kernel.s                   0x00000000   Number         0  __rtentry.o ABSOLUTE
    ../clib/angel/rt.s                       0x00000000   Number         0  aeabi_idiv0.o ABSOLUTE
    ../clib/angel/rt.s                       0x00000000   Number         0  rt_errno_addr_intlibspace.o ABSOLUTE
    ../clib/angel/rt.s                       0x00000000   Number         0  rt_errno_addr.o ABSOLUTE
    ../clib/angel/rt.s                       0x00000000   Number         0  rt_div0.o ABSOLUTE
    ../clib/angel/rt.s                       0x00000000   Number         0  rt_raise.o ABSOLUTE
    ../clib/angel/rt.s                       0x00000000   Number         0  aeabi_idiv0_sigfpe.o ABSOLUTE
    ../clib/angel/scatterp.s                 0x00000000   Number         0  __scatter.o ABSOLUTE
    ../clib/angel/startup.s                  0x00000000   Number         0  __main.o ABSOLUTE
    ../clib/angel/sys.s                      0x00000000   Number         0  sys_stackheap_outer.o ABSOLUTE
    ../clib/angel/sys.s                      0x00000000   Number         0  libspace.o ABSOLUTE
    ../clib/angel/sys.s                      0x00000000   Number         0  use_no_semi.o ABSOLUTE
    ../clib/angel/sys.s                      0x00000000   Number         0  indicate_semi.o ABSOLUTE
    ../clib/angel/sys.s                      0x00000000   Number         0  tempstk.o ABSOLUTE
    ../clib/angel/sysapp.c                   0x00000000   Number         0  sys_wrch.o ABSOLUTE
    ../clib/angel/sysapp.c                   0x00000000   Number         0  sys_command.o ABSOLUTE
    ../clib/angel/sysapp.c                   0x00000000   Number         0  sys_exit.o ABSOLUTE
    ../clib/armsys.c                         0x00000000   Number         0  argv_veneer.o ABSOLUTE
    ../clib/armsys.c                         0x00000000   Number         0  _get_argv_nomalloc.o ABSOLUTE
    ../clib/armsys.c                         0x00000000   Number         0  no_argv.o ABSOLUTE
    ../clib/division.s                       0x00000000   Number         0  aeabi_sdiv_div0.o ABSOLUTE
    ../clib/division.s                       0x00000000   Number         0  aeabi_sdiv.o ABSOLUTE
    ../clib/fenv.c                           0x00000000   Number         0  _rserrno.o ABSOLUTE
    ../clib/heapalloc.c                      0x00000000   Number         0  hrguard.o ABSOLUTE
    ../clib/heapaux.c                        0x00000000   Number         0  heapauxi.o ABSOLUTE
    ../clib/libinit.s                        0x00000000   Number         0  libinit2.o ABSOLUTE
    ../clib/libinit.s                        0x00000000   Number         0  libinit.o ABSOLUTE
    ../clib/libinit.s                        0x00000000   Number         0  libshutdown.o ABSOLUTE
    ../clib/libinit.s                        0x00000000   Number         0  libshutdown2.o ABSOLUTE
    ../clib/signal.c                         0x00000000   Number         0  defsig_rtmem_inner.o ABSOLUTE
    ../clib/signal.c                         0x00000000   Number         0  defsig_other.o ABSOLUTE
    ../clib/signal.c                         0x00000000   Number         0  defsig_abrt_inner.o ABSOLUTE
    ../clib/signal.c                         0x00000000   Number         0  defsig_fpe_inner.o ABSOLUTE
    ../clib/signal.c                         0x00000000   Number         0  defsig_segv_inner.o ABSOLUTE
    ../clib/signal.c                         0x00000000   Number         0  defsig_exit.o ABSOLUTE
    ../clib/signal.c                         0x00000000   Number         0  defsig_fpe_outer.o ABSOLUTE
    ../clib/signal.c                         0x00000000   Number         0  defsig_general.o ABSOLUTE
    ../clib/signal.c                         0x00000000   Number         0  defsig_rtred_inner.o ABSOLUTE
    ../clib/signal.c                         0x00000000   Number         0  defsig_fpe_formal.o ABSOLUTE
    ../clib/signal.c                         0x00000000   Number         0  __raise.o ABSOLUTE
    ../clib/signal.c                         0x00000000   Number         0  defsig_cppl_inner.o ABSOLUTE
    ../clib/signal.c                         0x00000000   Number         0  defsig_pvfn_inner.o ABSOLUTE
    ../clib/signal.c                         0x00000000   Number         0  defsig_stak_inner.o ABSOLUTE
    ../clib/signal.c                         0x00000000   Number         0  defsig_rtmem_formal.o ABSOLUTE
    ../clib/signal.c                         0x00000000   Number         0  defsig_rtmem_outer.o ABSOLUTE
    ../clib/signal.s                         0x00000000   Number         0  defsig.o ABSOLUTE
    ../clib/stdlib.c                         0x00000000   Number         0  exit.o ABSOLUTE
    ../fplib/cfplib/cmpret.c                 0x00000000   Number         0  cmpret.o ABSOLUTE
    ../fplib/cfplib/d2f.c                    0x00000000   Number         0  d2f.o ABSOLUTE
    ../fplib/cfplib/daddsub.c                0x00000000   Number         0  daddsub.o ABSOLUTE
    ../fplib/cfplib/dcmpin.c                 0x00000000   Number         0  dcmpin.o ABSOLUTE
    ../fplib/cfplib/ddiv.c                   0x00000000   Number         0  ddiv.o ABSOLUTE
    ../fplib/cfplib/dmul.c                   0x00000000   Number         0  dmul.o ABSOLUTE
    ../fplib/cfplib/dsqrt.c                  0x00000000   Number         0  dsqrt.o ABSOLUTE
    ../fplib/cfplib/f2d.c                    0x00000000   Number         0  f2d.o ABSOLUTE
    ../fplib/cfplib/fdiv.c                   0x00000000   Number         0  fdiv.o ABSOLUTE
    ../fplib/cfplib/ffix.c                   0x00000000   Number         0  dfixi.o ABSOLUTE
    ../fplib/cfplib/ffix.c                   0x00000000   Number         0  dfixui.o ABSOLUTE
    ../fplib/cfplib/ffix.c                   0x00000000   Number         0  ffixi.o ABSOLUTE
    ../fplib/cfplib/fflt.c                   0x00000000   Number         0  dflti.o ABSOLUTE
    ../fplib/cfplib/fflt.c                   0x00000000   Number         0  fflti.o ABSOLUTE
    ../fplib/cfplib/fpinit.c                 0x00000000   Number         0  fpinit.o ABSOLUTE
    ../fplib/cfplib/nan2.c                   0x00000000   Number         0  dnan2.o ABSOLUTE
    ../fplib/cfplib/retnan.c                 0x00000000   Number         0  retnan.o ABSOLUTE
    ../fplib/cfplib/scalbn.c                 0x00000000   Number         0  dscalbn.o ABSOLUTE
    ../fplib/deqf6m.s                        0x00000000   Number         0  deqf.o ABSOLUTE
    ../fplib/dleqf6m.s                       0x00000000   Number         0  dlef.o ABSOLUTE
    ../fplib/faddsub6m.s                     0x00000000   Number         0  faddsub.o ABSOLUTE
    ../fplib/fmul6m.s                        0x00000000   Number         0  fmul.o ABSOLUTE
    ../fplib/usenofp.s                       0x00000000   Number         0  usenofp.o ABSOLUTE
    ../mathlib/asin.c                        0x00000000   Number         0  asin_x.o ABSOLUTE
    ../mathlib/asin.c                        0x00000000   Number         0  asin.o ABSOLUTE
    ../mathlib/atan.c                        0x00000000   Number         0  atan_x.o ABSOLUTE
    ../mathlib/atan.c                        0x00000000   Number         0  atan.o ABSOLUTE
    ../mathlib/atan2.c                       0x00000000   Number         0  atan2_x.o ABSOLUTE
    ../mathlib/atan2.c                       0x00000000   Number         0  atan2.o ABSOLUTE
    ../mathlib/dunder.c                      0x00000000   Number         0  dunder.o ABSOLUTE
    ../mathlib/fpclassify.c                  0x00000000   Number         0  fpclassify.o ABSOLUTE
    ../mathlib/poly.c                        0x00000000   Number         0  poly.o ABSOLUTE
    ../mathlib/qnan.c                        0x00000000   Number         0  qnan.o ABSOLUTE
    ../mathlib/sqrt.c                        0x00000000   Number         0  sqrt.o ABSOLUTE
    ../mathlib/sqrt.c                        0x00000000   Number         0  sqrt_x.o ABSOLUTE
    Accelometer.c                            0x00000000   Number         0  accelometer.o ABSOLUTE
    Accelometer.c                            0x00000000   Number         0  accelometer.o ABSOLUTE
    I2C_Transmission.c                       0x00000000   Number         0  i2c_transmission.o ABSOLUTE
    I2C_Transmission.c                       0x00000000   Number         0  i2c_transmission.o ABSOLUTE
    RTE\Device\MKL25Z128xxx4\startup_MKL25Z4.s 0x00000000   Number         0  startup_mkl25z4.o ABSOLUTE
    RTE\Device\MKL25Z128xxx4\system_MKL25Z4.c 0x00000000   Number         0  system_mkl25z4.o ABSOLUTE
    RTE\\Device\\MKL25Z128xxx4\\system_MKL25Z4.c 0x00000000   Number         0  system_mkl25z4.o ABSOLUTE
    angle_cal.c                              0x00000000   Number         0  angle_cal.o ABSOLUTE
    angle_cal.c                              0x00000000   Number         0  angle_cal.o ABSOLUTE
    dc.s                                     0x00000000   Number         0  dc.o ABSOLUTE
    extra.c                                  0x00000000   Number         0  extra.o ABSOLUTE
    extra.c                                  0x00000000   Number         0  extra.o ABSOLUTE
    i2c.c                                    0x00000000   Number         0  i2c.o ABSOLUTE
    i2c.c                                    0x00000000   Number         0  i2c.o ABSOLUTE
    lptmr.c                                  0x00000000   Number         0  lptmr.o ABSOLUTE
    lptmr.c                                  0x00000000   Number         0  lptmr.o ABSOLUTE
    main.c                                   0x00000000   Number         0  main.o ABSOLUTE
    main.c                                   0x00000000   Number         0  main.o ABSOLUTE
    median.c                                 0x00000000   Number         0  median.o ABSOLUTE
    mma8451.c                                0x00000000   Number         0  mma8451.o ABSOLUTE
    mma8451.c                                0x00000000   Number         0  mma8451.o ABSOLUTE
    pwm.c                                    0x00000000   Number         0  pwm.o ABSOLUTE
    pwm.c                                    0x00000000   Number         0  pwm.o ABSOLUTE
    serwo.c                                  0x00000000   Number         0  serwo.o ABSOLUTE
    serwo.c                                  0x00000000   Number         0  serwo.o ABSOLUTE
    sqrt16.c                                 0x00000000   Number         0  sqrt16.o ABSOLUTE
    uart.c                                   0x00000000   Number         0  uart.o ABSOLUTE
    uart.c                                   0x00000000   Number         0  uart.o ABSOLUTE
    !!!main                                  0x000000c0   Section        8  __main.o(!!!main)
    !!!scatter                               0x000000c8   Section       60  __scatter.o(!!!scatter)
    !!handler_copy                           0x00000104   Section       26  __scatter_copy.o(!!handler_copy)
    !!handler_zi                             0x00000120   Section       28  __scatter_zi.o(!!handler_zi)
    .ARM.Collect$$libinit$$00000000          0x0000013c   Section        2  libinit.o(.ARM.Collect$$libinit$$00000000)
    .ARM.Collect$$libinit$$00000002          0x0000013e   Section        0  libinit2.o(.ARM.Collect$$libinit$$00000002)
    .ARM.Collect$$libinit$$00000004          0x0000013e   Section        0  libinit2.o(.ARM.Collect$$libinit$$00000004)
    .ARM.Collect$$libinit$$0000000A          0x0000013e   Section        0  libinit2.o(.ARM.Collect$$libinit$$0000000A)
    .ARM.Collect$$libinit$$0000000C          0x0000013e   Section        0  libinit2.o(.ARM.Collect$$libinit$$0000000C)
    .ARM.Collect$$libinit$$0000000E          0x0000013e   Section        0  libinit2.o(.ARM.Collect$$libinit$$0000000E)
    .ARM.Collect$$libinit$$00000011          0x0000013e   Section        0  libinit2.o(.ARM.Collect$$libinit$$00000011)
    .ARM.Collect$$libinit$$00000013          0x0000013e   Section        0  libinit2.o(.ARM.Collect$$libinit$$00000013)
    .ARM.Collect$$libinit$$00000015          0x0000013e   Section        0  libinit2.o(.ARM.Collect$$libinit$$00000015)
    .ARM.Collect$$libinit$$00000017          0x0000013e   Section        0  libinit2.o(.ARM.Collect$$libinit$$00000017)
    .ARM.Collect$$libinit$$00000019          0x0000013e   Section        0  libinit2.o(.ARM.Collect$$libinit$$00000019)
    .ARM.Collect$$libinit$$0000001B          0x0000013e   Section        0  libinit2.o(.ARM.Collect$$libinit$$0000001B)
    .ARM.Collect$$libinit$$0000001D          0x0000013e   Section        0  libinit2.o(.ARM.Collect$$libinit$$0000001D)
    .ARM.Collect$$libinit$$0000001F          0x0000013e   Section        0  libinit2.o(.ARM.Collect$$libinit$$0000001F)
    .ARM.Collect$$libinit$$00000021          0x0000013e   Section        0  libinit2.o(.ARM.Collect$$libinit$$00000021)
    .ARM.Collect$$libinit$$00000023          0x0000013e   Section        0  libinit2.o(.ARM.Collect$$libinit$$00000023)
    .ARM.Collect$$libinit$$00000025          0x0000013e   Section        0  libinit2.o(.ARM.Collect$$libinit$$00000025)
    .ARM.Collect$$libinit$$0000002C          0x0000013e   Section        0  libinit2.o(.ARM.Collect$$libinit$$0000002C)
    .ARM.Collect$$libinit$$0000002E          0x0000013e   Section        0  libinit2.o(.ARM.Collect$$libinit$$0000002E)
    .ARM.Collect$$libinit$$00000030          0x0000013e   Section        0  libinit2.o(.ARM.Collect$$libinit$$00000030)
    .ARM.Collect$$libinit$$00000032          0x0000013e   Section        0  libinit2.o(.ARM.Collect$$libinit$$00000032)
    .ARM.Collect$$libinit$$00000033          0x0000013e   Section        2  libinit2.o(.ARM.Collect$$libinit$$00000033)
    .ARM.Collect$$libshutdown$$00000000      0x00000140   Section        2  libshutdown.o(.ARM.Collect$$libshutdown$$00000000)
    .ARM.Collect$$libshutdown$$00000002      0x00000142   Section        0  libshutdown2.o(.ARM.Collect$$libshutdown$$00000002)
    .ARM.Collect$$libshutdown$$00000004      0x00000142   Section        0  libshutdown2.o(.ARM.Collect$$libshutdown$$00000004)
    .ARM.Collect$$libshutdown$$00000007      0x00000142   Section        0  libshutdown2.o(.ARM.Collect$$libshutdown$$00000007)
    .ARM.Collect$$libshutdown$$0000000A      0x00000142   Section        0  libshutdown2.o(.ARM.Collect$$libshutdown$$0000000A)
    .ARM.Collect$$libshutdown$$0000000C      0x00000142   Section        0  libshutdown2.o(.ARM.Collect$$libshutdown$$0000000C)
    .ARM.Collect$$libshutdown$$0000000F      0x00000142   Section        0  libshutdown2.o(.ARM.Collect$$libshutdown$$0000000F)
    .ARM.Collect$$libshutdown$$00000010      0x00000142   Section        2  libshutdown2.o(.ARM.Collect$$libshutdown$$00000010)
    .ARM.Collect$$rtentry$$00000000          0x00000144   Section        0  __rtentry.o(.ARM.Collect$$rtentry$$00000000)
    .ARM.Collect$$rtentry$$00000002          0x00000144   Section        0  __rtentry2.o(.ARM.Collect$$rtentry$$00000002)
    .ARM.Collect$$rtentry$$00000004          0x00000144   Section        6  __rtentry4.o(.ARM.Collect$$rtentry$$00000004)
    .ARM.Collect$$rtentry$$00000009          0x0000014a   Section        0  __rtentry2.o(.ARM.Collect$$rtentry$$00000009)
    .ARM.Collect$$rtentry$$0000000A          0x0000014a   Section        4  __rtentry2.o(.ARM.Collect$$rtentry$$0000000A)
    .ARM.Collect$$rtentry$$0000000C          0x0000014e   Section        0  __rtentry2.o(.ARM.Collect$$rtentry$$0000000C)
    .ARM.Collect$$rtentry$$0000000D          0x0000014e   Section        8  __rtentry2.o(.ARM.Collect$$rtentry$$0000000D)
    .ARM.Collect$$rtexit$$00000000           0x00000156   Section        2  rtexit.o(.ARM.Collect$$rtexit$$00000000)
    .ARM.Collect$$rtexit$$00000002           0x00000158   Section        0  rtexit2.o(.ARM.Collect$$rtexit$$00000002)
    .ARM.Collect$$rtexit$$00000003           0x00000158   Section        4  rtexit2.o(.ARM.Collect$$rtexit$$00000003)
    .ARM.Collect$$rtexit$$00000004           0x0000015c   Section        6  rtexit2.o(.ARM.Collect$$rtexit$$00000004)
    .text                                    0x00000164   Section       64  startup_mkl25z4.o(.text)
    .text                                    0x000001a4   Section      346  aeabi_sdiv.o(.text)
    .text                                    0x000002fe   Section        0  heapauxi.o(.text)
    .text                                    0x00000304   Section        0  dfixi.o(.text)
    .text                                    0x00000370   Section        0  dfixui.o(.text)
    .text                                    0x000003b8   Section        0  _rserrno.o(.text)
    .text                                    0x000003d0   Section        8  rt_errno_addr_intlibspace.o(.text)
    .text                                    0x000003d8   Section        8  libspace.o(.text)
    .text                                    0x000003e0   Section        0  exit.o(.text)
    .text                                    0x000003f0   Section        0  sys_exit.o(.text)
    .text                                    0x000003fc   Section        2  use_no_semi.o(.text)
    .text                                    0x000003fe   Section        0  indicate_semi.o(.text)
    x$fpl$usenofp                            0x000003fe   Section        0  usenofp.o(x$fpl$usenofp)
    .ARM.__at_0x400                          0x00000400   Section       16  startup_mkl25z4.o(.ARM.__at_0x400)
    .text                                    0x00000410   Section        0  daddsub.o(.text)
    _dadd1                                   0x00000411   Thumb Code   290  daddsub.o(.text)
    _dsub1                                   0x00000533   Thumb Code   470  daddsub.o(.text)
    .text                                    0x00000768   Section        0  ddiv.o(.text)
    .text                                    0x00000bb0   Section        0  dflti.o(.text)
    .text                                    0x00000c08   Section        0  dmul.o(.text)
    .text                                    0x00000e50   Section        0  ffixi.o(.text)
    .text                                    0x00000e9c   Section        0  fflti.o(.text)
    .text                                    0x00000efc   Section        0  dscalbn.o(.text)
    .text                                    0x00000f5c   Section        0  dsqrt.o(.text)
    .text                                    0x0000105c   Section       62  sys_stackheap_outer.o(.text)
    i.SystemInit                             0x0000109c   Section        0  system_mkl25z4.o(i.SystemInit)
    i.__ARM_common_switch8                   0x000010a8   Section        0  uart.o(i.__ARM_common_switch8)
    i.__ARM_fpclassify                       0x000010c4   Section        0  fpclassify.o(i.__ARM_fpclassify)
    i.__kernel_poly                          0x000010f0   Section        0  poly.o(i.__kernel_poly)
    i.__mathlib_dbl_infnan                   0x0000119c   Section        0  dunder.o(i.__mathlib_dbl_infnan)
    i.__mathlib_dbl_invalid                  0x000011a6   Section        0  dunder.o(i.__mathlib_dbl_invalid)
    i.__mathlib_dbl_underflow                0x000011b8   Section        0  dunder.o(i.__mathlib_dbl_underflow)
    i.accel_init                             0x000011cc   Section        0  mma8451.o(i.accel_init)
    i.accel_read                             0x000011e8   Section        0  mma8451.o(i.accel_read)
    i.angle_calculation                      0x00001318   Section        0  angle_cal.o(i.angle_calculation)
    i.asin                                   0x00001500   Section        0  asin.o(i.asin)
    i.hal_dev_mma8451_init                   0x00001774   Section        0  mma8451.o(i.hal_dev_mma8451_init)
    i.hal_dev_mma8451_read_reg               0x00001784   Section        0  mma8451.o(i.hal_dev_mma8451_read_reg)
    i.hal_dev_mma8451_write_reg              0x00001804   Section        0  mma8451.o(i.hal_dev_mma8451_write_reg)
    i.hal_i2c0_init                          0x0000185c   Section        0  i2c.o(i.hal_i2c0_init)
    i.i2c_get_ack                            0x00001894   Section        0  i2c.o(i.i2c_get_ack)
    i.i2c_give_nack                          0x000018a8   Section        0  i2c.o(i.i2c_give_nack)
    i.i2c_read_byte                          0x000018b2   Section        0  i2c.o(i.i2c_read_byte)
    i.i2c_repeated_start                     0x000018b8   Section        0  i2c.o(i.i2c_repeated_start)
    i.i2c_set_master_mode                    0x000018c2   Section        0  i2c.o(i.i2c_set_master_mode)
    i.i2c_set_rx_mode                        0x000018cc   Section        0  i2c.o(i.i2c_set_rx_mode)
    i.i2c_set_slave_mode                     0x000018d6   Section        0  i2c.o(i.i2c_set_slave_mode)
    i.i2c_set_tx_mode                        0x000018e0   Section        0  i2c.o(i.i2c_set_tx_mode)
    i.i2c_start                              0x000018ea   Section        0  i2c.o(i.i2c_start)
    i.i2c_stop                               0x000018fc   Section        0  i2c.o(i.i2c_stop)
    i.i2c_wait                               0x0000190e   Section        0  i2c.o(i.i2c_wait)
    i.i2c_write_byte                         0x00001922   Section        0  i2c.o(i.i2c_write_byte)
    i.initSerwo                              0x00001928   Section        0  serwo.o(i.initSerwo)
    i.main                                   0x00001970   Section        0  main.o(i.main)
    i.median                                 0x00001aa8   Section        0  median.o(i.median)
    i.pause                                  0x00001b20   Section        0  mma8451.o(i.pause)
    pause                                    0x00001b21   Thumb Code    12  mma8451.o(i.pause)
    i.pwm_tpm_Ch_Init                        0x00001b2c   Section        0  pwm.o(i.pwm_tpm_Ch_Init)
    i.pwm_tpm_CnV                            0x00001db0   Section        0  pwm.o(i.pwm_tpm_CnV)
    i.pwm_tpm_Init                           0x00001dc0   Section        0  pwm.o(i.pwm_tpm_Init)
    i.resetPosition                          0x00001e68   Section        0  serwo.o(i.resetPosition)
    i.setPosition                            0x00001e94   Section        0  serwo.o(i.setPosition)
    i.sqrt                                   0x00001f24   Section        0  sqrt.o(i.sqrt)
    i.sqrt_16                                0x00001f6c   Section        0  sqrt16.o(i.sqrt_16)
    i.time_delay_ms                          0x00001f9c   Section        0  lptmr.o(i.time_delay_ms)
    i.uart_Init                              0x00001fe8   Section        0  uart.o(i.uart_Init)
    i.uart_Put                               0x00002264   Section        0  uart.o(i.uart_Put)
    i.uart_String                            0x00002274   Section        0  uart.o(i.uart_String)
    .constdata                               0x0000228e   Section      128  ddiv.o(.constdata)
    ddiv_reciptbl                            0x0000228e   Data         128  ddiv.o(.constdata)
    .constdata                               0x00002310   Section       80  asin.o(.constdata)
    pS                                       0x00002310   Data          48  asin.o(.constdata)
    qS                                       0x00002340   Data          32  asin.o(.constdata)
    .data                                    0x1ffff000   Section       48  angle_cal.o(.data)
    .data                                    0x1ffff030   Section       12  mma8451.o(.data)
    .data                                    0x1ffff03c   Section        4  system_mkl25z4.o(.data)
    .bss                                     0x1ffff040   Section      108  angle_cal.o(.bss)
    .bss                                     0x1ffff0ac   Section       96  libspace.o(.bss)
    HEAP                                     0x1ffff110   Section        0  startup_mkl25z4.o(HEAP)
    STACK                                    0x1ffff110   Section      256  startup_mkl25z4.o(STACK)
    Heap_Mem                                 0x1ffff110   Data           0  startup_mkl25z4.o(HEAP)
    Stack_Mem                                0x1ffff110   Data         256  startup_mkl25z4.o(STACK)
    __initial_sp                             0x1ffff210   Data           0  startup_mkl25z4.o(STACK)

    Global Symbols

    Symbol Name                              Value     Ov Type        Size  Object(Section)

    BuildAttributes$$THM_ISAv3M$S$PE$A:L22$X:L11$S22$IEEE1$IW$USESV6$~STKCKD$USESV7$~SHL$OTIME$ROPI$IEEEX$EBA8$UX$STANDARDLIB$REQ8$PRES8$EABIv2 0x00000000   Number         0  anon$$obj.o ABSOLUTE
    __ARM_use_no_argv                        0x00000000   Number         0  main.o ABSOLUTE
    __Vectors                                0x00000000   Data           4  startup_mkl25z4.o(RESET)
    __ARM_exceptions_init                     - Undefined Weak Reference
    __alloca_initialize                       - Undefined Weak Reference
    __arm_preinit_                            - Undefined Weak Reference
    __cpp_initialize__aeabi_                  - Undefined Weak Reference
    __cxa_finalize                            - Undefined Weak Reference
    __rt_locale                               - Undefined Weak Reference
    __sigvec_lookup                           - Undefined Weak Reference
    _atexit_init                              - Undefined Weak Reference
    _call_atexit_fns                          - Undefined Weak Reference
    _clock_init                               - Undefined Weak Reference
    _fp_trap_init                             - Undefined Weak Reference
    _fp_trap_shutdown                         - Undefined Weak Reference
    _get_lc_collate                           - Undefined Weak Reference
    _get_lc_ctype                             - Undefined Weak Reference
    _get_lc_monetary                          - Undefined Weak Reference
    _get_lc_numeric                           - Undefined Weak Reference
    _get_lc_time                              - Undefined Weak Reference
    _getenv_init                              - Undefined Weak Reference
    _handle_redirection                       - Undefined Weak Reference
    _init_alloc                               - Undefined Weak Reference
    _init_user_alloc                          - Undefined Weak Reference
    _initio                                   - Undefined Weak Reference
    _rand_init                                - Undefined Weak Reference
    _signal_finish                            - Undefined Weak Reference
    _signal_init                              - Undefined Weak Reference
    _terminate_alloc                          - Undefined Weak Reference
    _terminate_user_alloc                     - Undefined Weak Reference
    _terminateio                              - Undefined Weak Reference
    __Vectors_End                            0x000000c0   Data           0  startup_mkl25z4.o(RESET)
    __Vectors_Size                           0x000000c0   Number         0  startup_mkl25z4.o ABSOLUTE
    __main                                   0x000000c1   Thumb Code     8  __main.o(!!!main)
    __scatterload                            0x000000c9   Thumb Code     0  __scatter.o(!!!scatter)
    __scatterload_rt2                        0x000000c9   Thumb Code    52  __scatter.o(!!!scatter)
    __scatterload_rt2_thumb_only             0x000000c9   Thumb Code     0  __scatter.o(!!!scatter)
    __scatterload_null                       0x000000d9   Thumb Code     0  __scatter.o(!!!scatter)
    __scatterload_copy                       0x00000105   Thumb Code    26  __scatter_copy.o(!!handler_copy)
    __scatterload_zeroinit                   0x00000121   Thumb Code    28  __scatter_zi.o(!!handler_zi)
    __rt_lib_init                            0x0000013d   Thumb Code     0  libinit.o(.ARM.Collect$$libinit$$00000000)
    __rt_lib_init_alloca_1                   0x0000013f   Thumb Code     0  libinit2.o(.ARM.Collect$$libinit$$0000002E)
    __rt_lib_init_argv_1                     0x0000013f   Thumb Code     0  libinit2.o(.ARM.Collect$$libinit$$0000002C)
    __rt_lib_init_atexit_1                   0x0000013f   Thumb Code     0  libinit2.o(.ARM.Collect$$libinit$$0000001B)
    __rt_lib_init_clock_1                    0x0000013f   Thumb Code     0  libinit2.o(.ARM.Collect$$libinit$$00000021)
    __rt_lib_init_cpp_1                      0x0000013f   Thumb Code     0  libinit2.o(.ARM.Collect$$libinit$$00000032)
    __rt_lib_init_exceptions_1               0x0000013f   Thumb Code     0  libinit2.o(.ARM.Collect$$libinit$$00000030)
    __rt_lib_init_fp_1                       0x0000013f   Thumb Code     0  libinit2.o(.ARM.Collect$$libinit$$00000002)
    __rt_lib_init_fp_trap_1                  0x0000013f   Thumb Code     0  libinit2.o(.ARM.Collect$$libinit$$0000001F)
    __rt_lib_init_getenv_1                   0x0000013f   Thumb Code     0  libinit2.o(.ARM.Collect$$libinit$$00000023)
    __rt_lib_init_heap_1                     0x0000013f   Thumb Code     0  libinit2.o(.ARM.Collect$$libinit$$0000000A)
    __rt_lib_init_lc_collate_1               0x0000013f   Thumb Code     0  libinit2.o(.ARM.Collect$$libinit$$00000011)
    __rt_lib_init_lc_ctype_1                 0x0000013f   Thumb Code     0  libinit2.o(.ARM.Collect$$libinit$$00000013)
    __rt_lib_init_lc_monetary_1              0x0000013f   Thumb Code     0  libinit2.o(.ARM.Collect$$libinit$$00000015)
    __rt_lib_init_lc_numeric_1               0x0000013f   Thumb Code     0  libinit2.o(.ARM.Collect$$libinit$$00000017)
    __rt_lib_init_lc_time_1                  0x0000013f   Thumb Code     0  libinit2.o(.ARM.Collect$$libinit$$00000019)
    __rt_lib_init_preinit_1                  0x0000013f   Thumb Code     0  libinit2.o(.ARM.Collect$$libinit$$00000004)
    __rt_lib_init_rand_1                     0x0000013f   Thumb Code     0  libinit2.o(.ARM.Collect$$libinit$$0000000E)
    __rt_lib_init_return                     0x0000013f   Thumb Code     0  libinit2.o(.ARM.Collect$$libinit$$00000033)
    __rt_lib_init_signal_1                   0x0000013f   Thumb Code     0  libinit2.o(.ARM.Collect$$libinit$$0000001D)
    __rt_lib_init_stdio_1                    0x0000013f   Thumb Code     0  libinit2.o(.ARM.Collect$$libinit$$00000025)
    __rt_lib_init_user_alloc_1               0x0000013f   Thumb Code     0  libinit2.o(.ARM.Collect$$libinit$$0000000C)
    __rt_lib_shutdown                        0x00000141   Thumb Code     0  libshutdown.o(.ARM.Collect$$libshutdown$$00000000)
    __rt_lib_shutdown_cpp_1                  0x00000143   Thumb Code     0  libshutdown2.o(.ARM.Collect$$libshutdown$$00000002)
    __rt_lib_shutdown_fp_trap_1              0x00000143   Thumb Code     0  libshutdown2.o(.ARM.Collect$$libshutdown$$00000007)
    __rt_lib_shutdown_heap_1                 0x00000143   Thumb Code     0  libshutdown2.o(.ARM.Collect$$libshutdown$$0000000F)
    __rt_lib_shutdown_return                 0x00000143   Thumb Code     0  libshutdown2.o(.ARM.Collect$$libshutdown$$00000010)
    __rt_lib_shutdown_signal_1               0x00000143   Thumb Code     0  libshutdown2.o(.ARM.Collect$$libshutdown$$0000000A)
    __rt_lib_shutdown_stdio_1                0x00000143   Thumb Code     0  libshutdown2.o(.ARM.Collect$$libshutdown$$00000004)
    __rt_lib_shutdown_user_alloc_1           0x00000143   Thumb Code     0  libshutdown2.o(.ARM.Collect$$libshutdown$$0000000C)
    __rt_entry                               0x00000145   Thumb Code     0  __rtentry.o(.ARM.Collect$$rtentry$$00000000)
    __rt_entry_presh_1                       0x00000145   Thumb Code     0  __rtentry2.o(.ARM.Collect$$rtentry$$00000002)
    __rt_entry_sh                            0x00000145   Thumb Code     0  __rtentry4.o(.ARM.Collect$$rtentry$$00000004)
    __rt_entry_li                            0x0000014b   Thumb Code     0  __rtentry2.o(.ARM.Collect$$rtentry$$0000000A)
    __rt_entry_postsh_1                      0x0000014b   Thumb Code     0  __rtentry2.o(.ARM.Collect$$rtentry$$00000009)
    __rt_entry_main                          0x0000014f   Thumb Code     0  __rtentry2.o(.ARM.Collect$$rtentry$$0000000D)
    __rt_entry_postli_1                      0x0000014f   Thumb Code     0  __rtentry2.o(.ARM.Collect$$rtentry$$0000000C)
    __rt_exit                                0x00000157   Thumb Code     0  rtexit.o(.ARM.Collect$$rtexit$$00000000)
    __rt_exit_ls                             0x00000159   Thumb Code     0  rtexit2.o(.ARM.Collect$$rtexit$$00000003)
    __rt_exit_prels_1                        0x00000159   Thumb Code     0  rtexit2.o(.ARM.Collect$$rtexit$$00000002)
    __rt_exit_exit                           0x0000015d   Thumb Code     0  rtexit2.o(.ARM.Collect$$rtexit$$00000004)
    Reset_Handler                            0x00000165   Thumb Code    12  startup_mkl25z4.o(.text)
    NMI_Handler                              0x00000171   Thumb Code     2  startup_mkl25z4.o(.text)
    HardFault_Handler                        0x00000173   Thumb Code     2  startup_mkl25z4.o(.text)
    SVC_Handler                              0x00000175   Thumb Code     2  startup_mkl25z4.o(.text)
    PendSV_Handler                           0x00000177   Thumb Code     2  startup_mkl25z4.o(.text)
    SysTick_Handler                          0x00000179   Thumb Code     2  startup_mkl25z4.o(.text)
    ADC0_IRQHandler                          0x0000017b   Thumb Code     0  startup_mkl25z4.o(.text)
    CMP0_IRQHandler                          0x0000017b   Thumb Code     0  startup_mkl25z4.o(.text)
    DAC0_IRQHandler                          0x0000017b   Thumb Code     0  startup_mkl25z4.o(.text)
    DMA0_IRQHandler                          0x0000017b   Thumb Code     0  startup_mkl25z4.o(.text)
    DMA1_IRQHandler                          0x0000017b   Thumb Code     0  startup_mkl25z4.o(.text)
    DMA2_IRQHandler                          0x0000017b   Thumb Code     0  startup_mkl25z4.o(.text)
    DMA3_IRQHandler                          0x0000017b   Thumb Code     0  startup_mkl25z4.o(.text)
    DefaultISR                               0x0000017b   Thumb Code     0  startup_mkl25z4.o(.text)
    FTFA_IRQHandler                          0x0000017b   Thumb Code     0  startup_mkl25z4.o(.text)
    I2C0_IRQHandler                          0x0000017b   Thumb Code     0  startup_mkl25z4.o(.text)
    I2C1_IRQHandler                          0x0000017b   Thumb Code     0  startup_mkl25z4.o(.text)
    LLWU_IRQHandler                          0x0000017b   Thumb Code     0  startup_mkl25z4.o(.text)
    LPTMR0_IRQHandler                        0x0000017b   Thumb Code     0  startup_mkl25z4.o(.text)
    LVD_LVW_IRQHandler                       0x0000017b   Thumb Code     0  startup_mkl25z4.o(.text)
    MCG_IRQHandler                           0x0000017b   Thumb Code     0  startup_mkl25z4.o(.text)
    PIT_IRQHandler                           0x0000017b   Thumb Code     0  startup_mkl25z4.o(.text)
    PORTA_IRQHandler                         0x0000017b   Thumb Code     0  startup_mkl25z4.o(.text)
    PORTD_IRQHandler                         0x0000017b   Thumb Code     0  startup_mkl25z4.o(.text)
    RTC_IRQHandler                           0x0000017b   Thumb Code     0  startup_mkl25z4.o(.text)
    RTC_Seconds_IRQHandler                   0x0000017b   Thumb Code     0  startup_mkl25z4.o(.text)
    Reserved20_IRQHandler                    0x0000017b   Thumb Code     0  startup_mkl25z4.o(.text)
    Reserved39_IRQHandler                    0x0000017b   Thumb Code     0  startup_mkl25z4.o(.text)
    Reserved45_IRQHandler                    0x0000017b   Thumb Code     0  startup_mkl25z4.o(.text)
    SPI0_IRQHandler                          0x0000017b   Thumb Code     0  startup_mkl25z4.o(.text)
    SPI1_IRQHandler                          0x0000017b   Thumb Code     0  startup_mkl25z4.o(.text)
    TPM0_IRQHandler                          0x0000017b   Thumb Code     0  startup_mkl25z4.o(.text)
    TPM1_IRQHandler                          0x0000017b   Thumb Code     0  startup_mkl25z4.o(.text)
    TPM2_IRQHandler                          0x0000017b   Thumb Code     0  startup_mkl25z4.o(.text)
    TSI0_IRQHandler                          0x0000017b   Thumb Code     0  startup_mkl25z4.o(.text)
    UART0_IRQHandler                         0x0000017b   Thumb Code     0  startup_mkl25z4.o(.text)
    UART1_IRQHandler                         0x0000017b   Thumb Code     0  startup_mkl25z4.o(.text)
    UART2_IRQHandler                         0x0000017b   Thumb Code     0  startup_mkl25z4.o(.text)
    USB0_IRQHandler                          0x0000017b   Thumb Code     0  startup_mkl25z4.o(.text)
    __user_initial_stackheap                 0x00000181   Thumb Code     0  startup_mkl25z4.o(.text)
    __aeabi_uidiv                            0x000001a5   Thumb Code     0  aeabi_sdiv.o(.text)
    __aeabi_uidivmod                         0x000001a5   Thumb Code    20  aeabi_sdiv.o(.text)
    __aeabi_idiv                             0x000001b9   Thumb Code     0  aeabi_sdiv.o(.text)
    __aeabi_idivmod                          0x000001b9   Thumb Code   326  aeabi_sdiv.o(.text)
    __use_two_region_memory                  0x000002ff   Thumb Code     2  heapauxi.o(.text)
    __rt_heap_escrow$2region                 0x00000301   Thumb Code     2  heapauxi.o(.text)
    __rt_heap_expand$2region                 0x00000303   Thumb Code     2  heapauxi.o(.text)
    __aeabi_d2iz                             0x00000305   Thumb Code     0  dfixi.o(.text)
    _dfix                                    0x00000305   Thumb Code    98  dfixi.o(.text)
    __aeabi_d2uiz                            0x00000371   Thumb Code     0  dfixui.o(.text)
    _dfixu                                   0x00000371   Thumb Code    68  dfixui.o(.text)
    __read_errno                             0x000003b9   Thumb Code    10  _rserrno.o(.text)
    __set_errno                              0x000003c3   Thumb Code    12  _rserrno.o(.text)
    __aeabi_errno_addr                       0x000003d1   Thumb Code     8  rt_errno_addr_intlibspace.o(.text)
    __errno$intlibspace                      0x000003d1   Thumb Code     0  rt_errno_addr_intlibspace.o(.text)
    __rt_errno_addr$intlibspace              0x000003d1   Thumb Code     0  rt_errno_addr_intlibspace.o(.text)
    __user_libspace                          0x000003d9   Thumb Code     8  libspace.o(.text)
    __user_perproc_libspace                  0x000003d9   Thumb Code     0  libspace.o(.text)
    __user_perthread_libspace                0x000003d9   Thumb Code     0  libspace.o(.text)
    exit                                     0x000003e1   Thumb Code    16  exit.o(.text)
    _sys_exit                                0x000003f1   Thumb Code     8  sys_exit.o(.text)
    __I$use$semihosting                      0x000003fd   Thumb Code     0  use_no_semi.o(.text)
    __use_no_semihosting_swi                 0x000003fd   Thumb Code     2  use_no_semi.o(.text)
    __I$use$fp                               0x000003fe   Number         0  usenofp.o(x$fpl$usenofp)
    __semihosting_library_function           0x000003ff   Thumb Code     0  indicate_semi.o(.text)
    __aeabi_dadd                             0x00000709   Thumb Code     0  daddsub.o(.text)
    _dadd                                    0x00000709   Thumb Code    26  daddsub.o(.text)
    __aeabi_dsub                             0x00000723   Thumb Code     0  daddsub.o(.text)
    _dsub                                    0x00000723   Thumb Code    22  daddsub.o(.text)
    __aeabi_drsub                            0x00000739   Thumb Code     0  daddsub.o(.text)
    _drsb                                    0x00000739   Thumb Code    28  daddsub.o(.text)
    __aeabi_ddiv                             0x00000769   Thumb Code     0  ddiv.o(.text)
    _ddiv                                    0x00000769   Thumb Code  1072  ddiv.o(.text)
    _drdiv                                   0x00000b99   Thumb Code    20  ddiv.o(.text)
    __aeabi_i2d_normalise                    0x00000bb1   Thumb Code    66  dflti.o(.text)
    __aeabi_i2d                              0x00000bf3   Thumb Code    16  dflti.o(.text)
    _dflt                                    0x00000bf3   Thumb Code     0  dflti.o(.text)
    __aeabi_ui2d                             0x00000c03   Thumb Code     6  dflti.o(.text)
    _dfltu                                   0x00000c03   Thumb Code     0  dflti.o(.text)
    __aeabi_dmul                             0x00000c09   Thumb Code     0  dmul.o(.text)
    _dmul                                    0x00000c09   Thumb Code   558  dmul.o(.text)
    __aeabi_f2iz                             0x00000e51   Thumb Code     0  ffixi.o(.text)
    _ffix                                    0x00000e51   Thumb Code    76  ffixi.o(.text)
    __aeabi_i2f_normalise                    0x00000e9d   Thumb Code    72  fflti.o(.text)
    __aeabi_i2f                              0x00000ee5   Thumb Code    16  fflti.o(.text)
    _fflt                                    0x00000ee5   Thumb Code     0  fflti.o(.text)
    __aeabi_ui2f                             0x00000ef5   Thumb Code     6  fflti.o(.text)
    _ffltu                                   0x00000ef5   Thumb Code     0  fflti.o(.text)
    __ARM_scalbn                             0x00000efd   Thumb Code    84  dscalbn.o(.text)
    _dsqrt                                   0x00000f5d   Thumb Code   248  dsqrt.o(.text)
    __user_setup_stackheap                   0x0000105d   Thumb Code    62  sys_stackheap_outer.o(.text)
    SystemInit                               0x0000109d   Thumb Code     8  system_mkl25z4.o(i.SystemInit)
    __ARM_common_switch8                     0x000010a9   Thumb Code    28  uart.o(i.__ARM_common_switch8)
    __ARM_fpclassify                         0x000010c5   Thumb Code    40  fpclassify.o(i.__ARM_fpclassify)
    __kernel_poly                            0x000010f1   Thumb Code   172  poly.o(i.__kernel_poly)
    __mathlib_dbl_infnan                     0x0000119d   Thumb Code    10  dunder.o(i.__mathlib_dbl_infnan)
    __mathlib_dbl_invalid                    0x000011a7   Thumb Code    16  dunder.o(i.__mathlib_dbl_invalid)
    __mathlib_dbl_underflow                  0x000011b9   Thumb Code    14  dunder.o(i.__mathlib_dbl_underflow)
    accel_init                               0x000011cd   Thumb Code    28  mma8451.o(i.accel_init)
    accel_read                               0x000011e9   Thumb Code   278  mma8451.o(i.accel_read)
    angle_calculation                        0x00001319   Thumb Code   426  angle_cal.o(i.angle_calculation)
    asin                                     0x00001501   Thumb Code   574  asin.o(i.asin)
    hal_dev_mma8451_init                     0x00001775   Thumb Code    10  mma8451.o(i.hal_dev_mma8451_init)
    hal_dev_mma8451_read_reg                 0x00001785   Thumb Code   124  mma8451.o(i.hal_dev_mma8451_read_reg)
    hal_dev_mma8451_write_reg                0x00001805   Thumb Code    84  mma8451.o(i.hal_dev_mma8451_write_reg)
    hal_i2c0_init                            0x0000185d   Thumb Code    46  i2c.o(i.hal_i2c0_init)
    i2c_get_ack                              0x00001895   Thumb Code    20  i2c.o(i.i2c_get_ack)
    i2c_give_nack                            0x000018a9   Thumb Code    10  i2c.o(i.i2c_give_nack)
    i2c_read_byte                            0x000018b3   Thumb Code     6  i2c.o(i.i2c_read_byte)
    i2c_repeated_start                       0x000018b9   Thumb Code    10  i2c.o(i.i2c_repeated_start)
    i2c_set_master_mode                      0x000018c3   Thumb Code    10  i2c.o(i.i2c_set_master_mode)
    i2c_set_rx_mode                          0x000018cd   Thumb Code    10  i2c.o(i.i2c_set_rx_mode)
    i2c_set_slave_mode                       0x000018d7   Thumb Code    10  i2c.o(i.i2c_set_slave_mode)
    i2c_set_tx_mode                          0x000018e1   Thumb Code    10  i2c.o(i.i2c_set_tx_mode)
    i2c_start                                0x000018eb   Thumb Code    18  i2c.o(i.i2c_start)
    i2c_stop                                 0x000018fd   Thumb Code    18  i2c.o(i.i2c_stop)
    i2c_wait                                 0x0000190f   Thumb Code    20  i2c.o(i.i2c_wait)
    i2c_write_byte                           0x00001923   Thumb Code     4  i2c.o(i.i2c_write_byte)
    initSerwo                                0x00001929   Thumb Code    66  serwo.o(i.initSerwo)
    main                                     0x00001971   Thumb Code   262  main.o(i.main)
    median                                   0x00001aa9   Thumb Code   120  median.o(i.median)
    pwm_tpm_Ch_Init                          0x00001b2d   Thumb Code   598  pwm.o(i.pwm_tpm_Ch_Init)
    pwm_tpm_CnV                              0x00001db1   Thumb Code    14  pwm.o(i.pwm_tpm_CnV)
    pwm_tpm_Init                             0x00001dc1   Thumb Code   152  pwm.o(i.pwm_tpm_Init)
    resetPosition                            0x00001e69   Thumb Code    44  serwo.o(i.resetPosition)
    setPosition                              0x00001e95   Thumb Code   116  serwo.o(i.setPosition)
    sqrt                                     0x00001f25   Thumb Code    66  sqrt.o(i.sqrt)
    sqrt_16                                  0x00001f6d   Thumb Code    46  sqrt16.o(i.sqrt_16)
    time_delay_ms                            0x00001f9d   Thumb Code    66  lptmr.o(i.time_delay_ms)
    uart_Init                                0x00001fe9   Thumb Code   596  uart.o(i.uart_Init)
    uart_Put                                 0x00002265   Thumb Code    16  uart.o(i.uart_Put)
    uart_String                              0x00002275   Thumb Code    26  uart.o(i.uart_String)
    Region$$Table$$Base                      0x00002360   Number         0  anon$$obj.o(Region$$Table)
    Region$$Table$$Limit                     0x00002380   Number         0  anon$$obj.o(Region$$Table)
    X_acc                                    0x1ffff000   Data           4  angle_cal.o(.data)
    Y_acc                                    0x1ffff004   Data           4  angle_cal.o(.data)
    Z_acc                                    0x1ffff008   Data           4  angle_cal.o(.data)
    xy_mag                                   0x1ffff00c   Data           4  angle_cal.o(.data)
    xz_mag                                   0x1ffff010   Data           4  angle_cal.o(.data)
    yz_mag                                   0x1ffff014   Data           4  angle_cal.o(.data)
    xy_angle                                 0x1ffff018   Data           4  angle_cal.o(.data)
    xz_angle                                 0x1ffff01c   Data           4  angle_cal.o(.data)
    yz_angle                                 0x1ffff020   Data           4  angle_cal.o(.data)
    cat                                      0x1ffff024   Data           4  angle_cal.o(.data)
    offset                                   0x1ffff028   Data           4  angle_cal.o(.data)
    fall_input                               0x1ffff02c   Data           1  angle_cal.o(.data)
    ti_fall                                  0x1ffff02e   Data           2  angle_cal.o(.data)
    accel_x                                  0x1ffff030   Data           2  mma8451.o(.data)
    accel_y                                  0x1ffff032   Data           2  mma8451.o(.data)
    accel_z                                  0x1ffff034   Data           2  mma8451.o(.data)
    resultx                                  0x1ffff036   Data           2  mma8451.o(.data)
    resulty                                  0x1ffff038   Data           2  mma8451.o(.data)
    resultz                                  0x1ffff03a   Data           2  mma8451.o(.data)
    SystemCoreClock                          0x1ffff03c   Data           4  system_mkl25z4.o(.data)
    arr_medianas                             0x1ffff040   Data         108  angle_cal.o(.bss)
    __libspace_start                         0x1ffff0ac   Data          96  libspace.o(.bss)
    __temporary_stack_top$libspace           0x1ffff10c   Data           0  libspace.o(.bss)



==============================================================================

Memory Map of the image

  Image Entry point : 0x00000165

  Load Region LR_1 (Base: 0x00000000, Size: 0x000023c0, Max: 0xffffffff, ABSOLUTE)

    Execution Region ER_RO (Exec base: 0x00000000, Load base: 0x00000000, Size: 0x00002380, Max: 0xffffffff, ABSOLUTE)

    Exec Addr    Load Addr    Size         Type   Attr      Idx    E Section Name        Object

    0x00000000   0x00000000   0x000000c0   Data   RO          737    RESET               startup_mkl25z4.o
    0x000000c0   0x000000c0   0x00000008   Code   RO          785  * !!!main             c_p.l(__main.o)
    0x000000c8   0x000000c8   0x0000003c   Code   RO         1065    !!!scatter          c_p.l(__scatter.o)
    0x00000104   0x00000104   0x0000001a   Code   RO         1067    !!handler_copy      c_p.l(__scatter_copy.o)
    0x0000011e   0x0000011e   0x00000002   PAD
    0x00000120   0x00000120   0x0000001c   Code   RO         1069    !!handler_zi        c_p.l(__scatter_zi.o)
    0x0000013c   0x0000013c   0x00000002   Code   RO          935    .ARM.Collect$$libinit$$00000000  c_p.l(libinit.o)
    0x0000013e   0x0000013e   0x00000000   Code   RO          948    .ARM.Collect$$libinit$$00000002  c_p.l(libinit2.o)
    0x0000013e   0x0000013e   0x00000000   Code   RO          950    .ARM.Collect$$libinit$$00000004  c_p.l(libinit2.o)
    0x0000013e   0x0000013e   0x00000000   Code   RO          953    .ARM.Collect$$libinit$$0000000A  c_p.l(libinit2.o)
    0x0000013e   0x0000013e   0x00000000   Code   RO          955    .ARM.Collect$$libinit$$0000000C  c_p.l(libinit2.o)
    0x0000013e   0x0000013e   0x00000000   Code   RO          957    .ARM.Collect$$libinit$$0000000E  c_p.l(libinit2.o)
    0x0000013e   0x0000013e   0x00000000   Code   RO          960    .ARM.Collect$$libinit$$00000011  c_p.l(libinit2.o)
    0x0000013e   0x0000013e   0x00000000   Code   RO          962    .ARM.Collect$$libinit$$00000013  c_p.l(libinit2.o)
    0x0000013e   0x0000013e   0x00000000   Code   RO          964    .ARM.Collect$$libinit$$00000015  c_p.l(libinit2.o)
    0x0000013e   0x0000013e   0x00000000   Code   RO          966    .ARM.Collect$$libinit$$00000017  c_p.l(libinit2.o)
    0x0000013e   0x0000013e   0x00000000   Code   RO          968    .ARM.Collect$$libinit$$00000019  c_p.l(libinit2.o)
    0x0000013e   0x0000013e   0x00000000   Code   RO          970    .ARM.Collect$$libinit$$0000001B  c_p.l(libinit2.o)
    0x0000013e   0x0000013e   0x00000000   Code   RO          972    .ARM.Collect$$libinit$$0000001D  c_p.l(libinit2.o)
    0x0000013e   0x0000013e   0x00000000   Code   RO          974    .ARM.Collect$$libinit$$0000001F  c_p.l(libinit2.o)
    0x0000013e   0x0000013e   0x00000000   Code   RO          976    .ARM.Collect$$libinit$$00000021  c_p.l(libinit2.o)
    0x0000013e   0x0000013e   0x00000000   Code   RO          978    .ARM.Collect$$libinit$$00000023  c_p.l(libinit2.o)
    0x0000013e   0x0000013e   0x00000000   Code   RO          980    .ARM.Collect$$libinit$$00000025  c_p.l(libinit2.o)
    0x0000013e   0x0000013e   0x00000000   Code   RO          984    .ARM.Collect$$libinit$$0000002C  c_p.l(libinit2.o)
    0x0000013e   0x0000013e   0x00000000   Code   RO          986    .ARM.Collect$$libinit$$0000002E  c_p.l(libinit2.o)
    0x0000013e   0x0000013e   0x00000000   Code   RO          988    .ARM.Collect$$libinit$$00000030  c_p.l(libinit2.o)
    0x0000013e   0x0000013e   0x00000000   Code   RO          990    .ARM.Collect$$libinit$$00000032  c_p.l(libinit2.o)
    0x0000013e   0x0000013e   0x00000002   Code   RO          991    .ARM.Collect$$libinit$$00000033  c_p.l(libinit2.o)
    0x00000140   0x00000140   0x00000002   Code   RO         1022    .ARM.Collect$$libshutdown$$00000000  c_p.l(libshutdown.o)
    0x00000142   0x00000142   0x00000000   Code   RO         1048    .ARM.Collect$$libshutdown$$00000002  c_p.l(libshutdown2.o)
    0x00000142   0x00000142   0x00000000   Code   RO         1050    .ARM.Collect$$libshutdown$$00000004  c_p.l(libshutdown2.o)
    0x00000142   0x00000142   0x00000000   Code   RO         1053    .ARM.Collect$$libshutdown$$00000007  c_p.l(libshutdown2.o)
    0x00000142   0x00000142   0x00000000   Code   RO         1056    .ARM.Collect$$libshutdown$$0000000A  c_p.l(libshutdown2.o)
    0x00000142   0x00000142   0x00000000   Code   RO         1058    .ARM.Collect$$libshutdown$$0000000C  c_p.l(libshutdown2.o)
    0x00000142   0x00000142   0x00000000   Code   RO         1061    .ARM.Collect$$libshutdown$$0000000F  c_p.l(libshutdown2.o)
    0x00000142   0x00000142   0x00000002   Code   RO         1062    .ARM.Collect$$libshutdown$$00000010  c_p.l(libshutdown2.o)
    0x00000144   0x00000144   0x00000000   Code   RO          849    .ARM.Collect$$rtentry$$00000000  c_p.l(__rtentry.o)
    0x00000144   0x00000144   0x00000000   Code   RO          893    .ARM.Collect$$rtentry$$00000002  c_p.l(__rtentry2.o)
    0x00000144   0x00000144   0x00000006   Code   RO          905    .ARM.Collect$$rtentry$$00000004  c_p.l(__rtentry4.o)
    0x0000014a   0x0000014a   0x00000000   Code   RO          895    .ARM.Collect$$rtentry$$00000009  c_p.l(__rtentry2.o)
    0x0000014a   0x0000014a   0x00000004   Code   RO          896    .ARM.Collect$$rtentry$$0000000A  c_p.l(__rtentry2.o)
    0x0000014e   0x0000014e   0x00000000   Code   RO          898    .ARM.Collect$$rtentry$$0000000C  c_p.l(__rtentry2.o)
    0x0000014e   0x0000014e   0x00000008   Code   RO          899    .ARM.Collect$$rtentry$$0000000D  c_p.l(__rtentry2.o)
    0x00000156   0x00000156   0x00000002   Code   RO          939    .ARM.Collect$$rtexit$$00000000  c_p.l(rtexit.o)
    0x00000158   0x00000158   0x00000000   Code   RO          995    .ARM.Collect$$rtexit$$00000002  c_p.l(rtexit2.o)
    0x00000158   0x00000158   0x00000004   Code   RO          996    .ARM.Collect$$rtexit$$00000003  c_p.l(rtexit2.o)
    0x0000015c   0x0000015c   0x00000006   Code   RO          997    .ARM.Collect$$rtexit$$00000004  c_p.l(rtexit2.o)
    0x00000162   0x00000162   0x00000002   PAD
    0x00000164   0x00000164   0x00000040   Code   RO          739  * .text               startup_mkl25z4.o
    0x000001a4   0x000001a4   0x0000015a   Code   RO          779    .text               c_p.l(aeabi_sdiv.o)
    0x000002fe   0x000002fe   0x00000006   Code   RO          783    .text               c_p.l(heapauxi.o)
    0x00000304   0x00000304   0x0000006c   Code   RO          796    .text               fz_ps.l(dfixi.o)
    0x00000370   0x00000370   0x00000048   Code   RO          798    .text               fz_ps.l(dfixui.o)
    0x000003b8   0x000003b8   0x00000016   Code   RO          854    .text               c_p.l(_rserrno.o)
    0x000003ce   0x000003ce   0x00000002   PAD
    0x000003d0   0x000003d0   0x00000008   Code   RO          912    .text               c_p.l(rt_errno_addr_intlibspace.o)
    0x000003d8   0x000003d8   0x00000008   Code   RO          918    .text               c_p.l(libspace.o)
    0x000003e0   0x000003e0   0x00000010   Code   RO          924    .text               c_p.l(exit.o)
    0x000003f0   0x000003f0   0x0000000c   Code   RO          992    .text               c_p.l(sys_exit.o)
    0x000003fc   0x000003fc   0x00000002   Code   RO         1011    .text               c_p.l(use_no_semi.o)
    0x000003fe   0x000003fe   0x00000000   Code   RO         1013    .text               c_p.l(indicate_semi.o)
    0x000003fe   0x000003fe   0x00000000   Code   RO          862    x$fpl$usenofp       fz_ps.l(usenofp.o)
    0x000003fe   0x000003fe   0x00000002   PAD
    0x00000400   0x00000400   0x00000010   Code   RO          738    .ARM.__at_0x400     startup_mkl25z4.o
    0x00000410   0x00000410   0x00000358   Code   RO          789    .text               fz_ps.l(daddsub.o)
    0x00000768   0x00000768   0x00000448   Code   RO          791    .text               fz_ps.l(ddiv.o)
    0x00000bb0   0x00000bb0   0x00000058   Code   RO          800    .text               fz_ps.l(dflti.o)
    0x00000c08   0x00000c08   0x00000248   Code   RO          804    .text               fz_ps.l(dmul.o)
    0x00000e50   0x00000e50   0x0000004c   Code   RO          817    .text               fz_ps.l(ffixi.o)
    0x00000e9c   0x00000e9c   0x0000005e   Code   RO          819    .text               fz_ps.l(fflti.o)
    0x00000efa   0x00000efa   0x00000002   PAD
    0x00000efc   0x00000efc   0x00000060   Code   RO          858    .text               fz_ps.l(dscalbn.o)
    0x00000f5c   0x00000f5c   0x00000100   Code   RO          860    .text               fz_ps.l(dsqrt.o)
    0x0000105c   0x0000105c   0x0000003e   Code   RO          921    .text               c_p.l(sys_stackheap_outer.o)
    0x0000109a   0x0000109a   0x00000002   PAD
    0x0000109c   0x0000109c   0x0000000c   Code   RO          748    i.SystemInit        system_mkl25z4.o
    0x000010a8   0x000010a8   0x0000001c   Code   RO          492    i.__ARM_common_switch8  uart.o
    0x000010c4   0x000010c4   0x0000002c   Code   RO          887    i.__ARM_fpclassify  m_ps.l(fpclassify.o)
    0x000010f0   0x000010f0   0x000000ac   Code   RO          889    i.__kernel_poly     m_ps.l(poly.o)
    0x0000119c   0x0000119c   0x0000000a   Code   RO          874    i.__mathlib_dbl_infnan  m_ps.l(dunder.o)
    0x000011a6   0x000011a6   0x00000010   Code   RO          876    i.__mathlib_dbl_invalid  m_ps.l(dunder.o)
    0x000011b6   0x000011b6   0x00000002   PAD
    0x000011b8   0x000011b8   0x00000014   Code   RO          879    i.__mathlib_dbl_underflow  m_ps.l(dunder.o)
    0x000011cc   0x000011cc   0x0000001c   Code   RO          655    i.accel_init        mma8451.o
    0x000011e8   0x000011e8   0x00000130   Code   RO          656    i.accel_read        mma8451.o
    0x00001318   0x00001318   0x000001e8   Code   RO          502    i.angle_calculation  angle_cal.o
    0x00001500   0x00001500   0x00000274   Code   RO          824    i.asin              m_ps.l(asin.o)
    0x00001774   0x00001774   0x00000010   Code   RO          657    i.hal_dev_mma8451_init  mma8451.o
    0x00001784   0x00001784   0x00000080   Code   RO          658    i.hal_dev_mma8451_read_reg  mma8451.o
    0x00001804   0x00001804   0x00000058   Code   RO          659    i.hal_dev_mma8451_write_reg  mma8451.o
    0x0000185c   0x0000185c   0x00000038   Code   RO          540    i.hal_i2c0_init     i2c.o
    0x00001894   0x00001894   0x00000014   Code   RO          543    i.i2c_get_ack       i2c.o
    0x000018a8   0x000018a8   0x0000000a   Code   RO          545    i.i2c_give_nack     i2c.o
    0x000018b2   0x000018b2   0x00000006   Code   RO          546    i.i2c_read_byte     i2c.o
    0x000018b8   0x000018b8   0x0000000a   Code   RO          547    i.i2c_repeated_start  i2c.o
    0x000018c2   0x000018c2   0x0000000a   Code   RO          548    i.i2c_set_master_mode  i2c.o
    0x000018cc   0x000018cc   0x0000000a   Code   RO          549    i.i2c_set_rx_mode   i2c.o
    0x000018d6   0x000018d6   0x0000000a   Code   RO          550    i.i2c_set_slave_mode  i2c.o
    0x000018e0   0x000018e0   0x0000000a   Code   RO          551    i.i2c_set_tx_mode   i2c.o
    0x000018ea   0x000018ea   0x00000012   Code   RO          552    i.i2c_start         i2c.o
    0x000018fc   0x000018fc   0x00000012   Code   RO          553    i.i2c_stop          i2c.o
    0x0000190e   0x0000190e   0x00000014   Code   RO          554    i.i2c_wait          i2c.o
    0x00001922   0x00001922   0x00000004   Code   RO          555    i.i2c_write_byte    i2c.o
    0x00001926   0x00001926   0x00000002   PAD
    0x00001928   0x00001928   0x00000048   Code   RO          126    i.initSerwo         serwo.o
    0x00001970   0x00001970   0x00000138   Code   RO            3    i.main              main.o
    0x00001aa8   0x00001aa8   0x00000078   Code   RO          723    i.median            median.o
    0x00001b20   0x00001b20   0x0000000c   Code   RO          660    i.pause             mma8451.o
    0x00001b2c   0x00001b2c   0x00000284   Code   RO           92    i.pwm_tpm_Ch_Init   pwm.o
    0x00001db0   0x00001db0   0x0000000e   Code   RO           93    i.pwm_tpm_CnV       pwm.o
    0x00001dbe   0x00001dbe   0x00000002   PAD
    0x00001dc0   0x00001dc0   0x000000a8   Code   RO           94    i.pwm_tpm_Init      pwm.o
    0x00001e68   0x00001e68   0x0000002c   Code   RO          127    i.resetPosition     serwo.o
    0x00001e94   0x00001e94   0x00000090   Code   RO          130    i.setPosition       serwo.o
    0x00001f24   0x00001f24   0x00000048   Code   RO          842    i.sqrt              m_ps.l(sqrt.o)
    0x00001f6c   0x00001f6c   0x0000002e   Code   RO          712    i.sqrt_16           sqrt16.o
    0x00001f9a   0x00001f9a   0x00000002   PAD
    0x00001f9c   0x00001f9c   0x0000004c   Code   RO          434    i.time_delay_ms     lptmr.o
    0x00001fe8   0x00001fe8   0x0000027c   Code   RO          460    i.uart_Init         uart.o
    0x00002264   0x00002264   0x00000010   Code   RO          461    i.uart_Put          uart.o
    0x00002274   0x00002274   0x0000001a   Code   RO          462    i.uart_String       uart.o
    0x0000228e   0x0000228e   0x00000080   Data   RO          792    .constdata          fz_ps.l(ddiv.o)
    0x0000230e   0x0000230e   0x00000002   PAD
    0x00002310   0x00002310   0x00000050   Data   RO          825    .constdata          m_ps.l(asin.o)
    0x00002360   0x00002360   0x00000020   Data   RO         1063    Region$$Table       anon$$obj.o


    Execution Region ER_RW (Exec base: 0x1ffff000, Load base: 0x00002380, Size: 0x00000040, Max: 0xffffffff, ABSOLUTE)

    Exec Addr    Load Addr    Size         Type   Attr      Idx    E Section Name        Object

    0x1ffff000   0x00002380   0x00000030   Data   RW          505    .data               angle_cal.o
    0x1ffff030   0x000023b0   0x0000000c   Data   RW          661    .data               mma8451.o
    0x1ffff03c   0x000023bc   0x00000004   Data   RW          749    .data               system_mkl25z4.o


    Execution Region ER_ZI (Exec base: 0x1ffff040, Load base: 0x000023c0, Size: 0x000001d0, Max: 0xffffffff, ABSOLUTE)

    Exec Addr    Load Addr    Size         Type   Attr      Idx    E Section Name        Object

    0x1ffff040        -       0x0000006c   Zero   RW          504    .bss                angle_cal.o
    0x1ffff0ac        -       0x00000060   Zero   RW          919    .bss                c_p.l(libspace.o)
    0x1ffff10c   0x000023c0   0x00000004   PAD
    0x1ffff110        -       0x00000000   Zero   RW          736    HEAP                startup_mkl25z4.o
    0x1ffff110        -       0x00000100   Zero   RW          735    STACK               startup_mkl25z4.o


==============================================================================

Image component sizes


      Code (inc. data)   RO Data    RW Data    ZI Data      Debug   Object Name

       488         62          0         48        108       2113   angle_cal.o
       202         10          0          0          0       5053   i2c.o
        76         10          0          0          0        412   lptmr.o
       312         50          0          0          0     217502   main.o
       120          0          0          0          0        981   median.o
       576         40          0         12          0       2982   mma8451.o
       826         62          0          0          0       2299   pwm.o
       260         34          0          0          0       1998   serwo.o
        46          0          0          0          0        558   sqrt16.o
        80         44        192          0        256        812   startup_mkl25z4.o
        12          4          0          4          0        619   system_mkl25z4.o
       706         48          0          0          0       1949   uart.o

    ----------------------------------------------------------------------
      3710        364        224         64        364     237278   Object Totals
         0          0         32          0          0          0   (incl. Generated)
         6          0          0          0          0          0   (incl. Padding)

    ----------------------------------------------------------------------

      Code (inc. data)   RO Data    RW Data    ZI Data      Debug   Library Member Name

         8          0          0          0          0         68   __main.o
         0          0          0          0          0          0   __rtentry.o
        12          0          0          0          0          0   __rtentry2.o
         6          0          0          0          0          0   __rtentry4.o
        60          8          0          0          0          0   __scatter.o
        26          0          0          0          0          0   __scatter_copy.o
        28          0          0          0          0          0   __scatter_zi.o
        22          0          0          0          0         92   _rserrno.o
       346          0          0          0          0         92   aeabi_sdiv.o
        16          0          0          0          0         68   exit.o
         6          0          0          0          0        136   heapauxi.o
         0          0          0          0          0          0   indicate_semi.o
         2          0          0          0          0          0   libinit.o
         2          0          0          0          0          0   libinit2.o
         2          0          0          0          0          0   libshutdown.o
         2          0          0          0          0          0   libshutdown2.o
         8          4          0          0         96         68   libspace.o
         8          4          0          0          0         68   rt_errno_addr_intlibspace.o
         2          0          0          0          0          0   rtexit.o
        10          0          0          0          0          0   rtexit2.o
        12          4          0          0          0         60   sys_exit.o
        62          0          0          0          0         80   sys_stackheap_outer.o
         2          0          0          0          0         68   use_no_semi.o
       856         20          0          0          0        208   daddsub.o
      1096         26        128          0          0        112   ddiv.o
       108         10          0          0          0         72   dfixi.o
        72          4          0          0          0         68   dfixui.o
        88          0          0          0          0         92   dflti.o
       584         26          0          0          0         84   dmul.o
        96         12          0          0          0         72   dscalbn.o
       256          8          0          0          0         76   dsqrt.o
        76          0          0          0          0         68   ffixi.o
        94          0          0          0          0         92   fflti.o
         0          0          0          0          0          0   usenofp.o
       628         54         80          0          0        104   asin.o
        46          6          0          0          0        204   dunder.o
        44          4          0          0          0         60   fpclassify.o
       172          0          0          0          0         76   poly.o
        72          6          0          0          0         76   sqrt.o

    ----------------------------------------------------------------------
      4944        196        210          0        100       2264   Library Totals
        14          0          2          0          4          0   (incl. Padding)

    ----------------------------------------------------------------------

      Code (inc. data)   RO Data    RW Data    ZI Data      Debug   Library Name

       642         20          0          0         96        800   c_p.l
      3326        106        128          0          0        944   fz_ps.l
       962         70         80          0          0        520   m_ps.l

    ----------------------------------------------------------------------
      4944        196        210          0        100       2264   Library Totals

    ----------------------------------------------------------------------

==============================================================================


      Code (inc. data)   RO Data    RW Data    ZI Data      Debug   

      8654        560        434         64        464     237102   Grand Totals
      8654        560        434         64        464     237102   ELF Image Totals
      8654        560        434         64          0          0   ROM Totals

==============================================================================

    Total RO  Size (Code + RO Data)                 9088 (   8.88kB)
    Total RW  Size (RW Data + ZI Data)               528 (   0.52kB)
    Total ROM Size (Code + RO Data + RW Data)       9152 (   8.94kB)

==============================================================================

