Component: ARM Compiler 5.06 update 6 (build 750) Tool: armlink [4d35ed]

==============================================================================

Section Cross References

    main.o(i.main) refers to serwo.o(i.initSerwo) for initSerwo
    main.o(i.main) refers to serwo.o(i.resetPosition) for resetPosition
    main.o(i.main) refers to lptmr.o(i.time_delay_ms) for time_delay_ms
    main.o(i.main) refers to uart.o(i.uart_Init) for uart_Init
    main.o(i.main) refers to mma8451.o(i.accel_init) for accel_init
    main.o(i.main) refers to uart.o(i.uart_String) for uart_String
    main.o(i.main) refers to uart.o(i.uart_Put) for uart_Put
    main.o(i.main) refers to mma8451.o(i.hal_dev_mma8451_read_reg) for hal_dev_mma8451_read_reg
    serwo.o(i.goToPosition) refers to dflti.o(.text) for __aeabi_ui2d
    serwo.o(i.goToPosition) refers to dmul.o(.text) for __aeabi_dmul
    serwo.o(i.goToPosition) refers to daddsub.o(.text) for __aeabi_dadd
    serwo.o(i.goToPosition) refers to ddiv.o(.text) for __aeabi_ddiv
    serwo.o(i.goToPosition) refers to dfixui.o(.text) for __aeabi_d2uiz
    serwo.o(i.goToPosition) refers to pwm.o(i.pwm_tpm_CnV) for pwm_tpm_CnV
    serwo.o(i.goToPosition) refers to extra.o(i.delay_mc) for delay_mc
    serwo.o(i.goToPosition) refers to dlef.o(x$fpl$dleqf) for __aeabi_cdcmple
    serwo.o(i.goToZero) refers to serwo.o(i.rotateFor) for rotateFor
    serwo.o(i.initSerwo) refers to pwm.o(i.pwm_tpm_Init) for pwm_tpm_Init
    serwo.o(i.initSerwo) refers to pwm.o(i.pwm_tpm_Ch_Init) for pwm_tpm_Ch_Init
    serwo.o(i.resetPosition) refers to pwm.o(i.pwm_tpm_CnV) for pwm_tpm_CnV
    serwo.o(i.rotateFor) refers to dflti.o(.text) for __aeabi_i2d
    serwo.o(i.rotateFor) refers to dmul.o(.text) for __aeabi_dmul
    serwo.o(i.rotateFor) refers to daddsub.o(.text) for __aeabi_dadd
    serwo.o(i.rotateFor) refers to dfixui.o(.text) for __aeabi_d2uiz
    serwo.o(i.rotateFor) refers to pwm.o(i.pwm_tpm_CnV) for pwm_tpm_CnV
    serwo.o(i.rotateSerwoControl) refers to dflti.o(.text) for __aeabi_i2d
    serwo.o(i.rotateSerwoControl) refers to deqf.o(x$fpl$deqf) for __aeabi_cdcmpeq
    serwo.o(i.rotateSerwoControl) refers to serwo.o(i.rotateFor) for rotateFor
    serwo.o(i.rotateSerwoControl) refers to serwo.o(i.setPosition) for setPosition
    serwo.o(i.rotateSerwoControl) refers to serwo.o(.data) for buffer
    serwo.o(i.setPosition) refers to dflti.o(.text) for __aeabi_i2d
    serwo.o(i.setPosition) refers to dmul.o(.text) for __aeabi_dmul
    serwo.o(i.setPosition) refers to daddsub.o(.text) for __aeabi_dadd
    serwo.o(i.setPosition) refers to dfixui.o(.text) for __aeabi_d2uiz
    serwo.o(i.setPosition) refers to pwm.o(i.pwm_tpm_CnV) for pwm_tpm_CnV
    accelometer.o(i.Gyro_R_Read) refers to accelometer.o(i.X_gyro_read) for X_gyro_read
    accelometer.o(i.Gyro_R_Read) refers to accelometer.o(i.Y_gyro_read) for Y_gyro_read
    accelometer.o(i.Gyro_R_Read) refers to accelometer.o(i.Z_gyro_read) for Z_gyro_read
    accelometer.o(i.Gyro_R_Read) refers to accelometer.o(i.X_acc_read) for X_acc_read
    accelometer.o(i.Gyro_R_Read) refers to accelometer.o(i.Y_acc_read) for Y_acc_read
    accelometer.o(i.Gyro_R_Read) refers to accelometer.o(i.Z_acc_read) for Z_acc_read
    accelometer.o(i.Gyro_R_Read) refers to dmul.o(.text) for __aeabi_dmul
    accelometer.o(i.Gyro_R_Read) refers to daddsub.o(.text) for __aeabi_dadd
    accelometer.o(i.Gyro_R_Read) refers to sqrt.o(i.sqrt) for sqrt
    accelometer.o(i.Gyro_R_Read) refers to ddiv.o(.text) for __aeabi_ddiv
    accelometer.o(i.Gyro_R_Read) refers to accelometer.o(i.omega_x) for omega_x
    accelometer.o(i.Gyro_R_Read) refers to accelometer.o(i.omega_y) for omega_y
    accelometer.o(i.X_acc_read) refers to accelometer.o(i.read_register) for read_register
    accelometer.o(i.X_acc_read) refers to dflti.o(.text) for __aeabi_i2d
    accelometer.o(i.X_acc_read) refers to dmul.o(.text) for __aeabi_dmul
    accelometer.o(i.X_gyro_read) refers to accelometer.o(i.read_register) for read_register
    accelometer.o(i.X_gyro_read) refers to dflti.o(.text) for __aeabi_i2d
    accelometer.o(i.X_gyro_read) refers to dmul.o(.text) for __aeabi_dmul
    accelometer.o(i.Y_acc_read) refers to accelometer.o(i.read_register) for read_register
    accelometer.o(i.Y_acc_read) refers to dflti.o(.text) for __aeabi_i2d
    accelometer.o(i.Y_acc_read) refers to dmul.o(.text) for __aeabi_dmul
    accelometer.o(i.Y_gyro_read) refers to accelometer.o(i.read_register) for read_register
    accelometer.o(i.Y_gyro_read) refers to dflti.o(.text) for __aeabi_i2d
    accelometer.o(i.Y_gyro_read) refers to dmul.o(.text) for __aeabi_dmul
    accelometer.o(i.Z_acc_read) refers to accelometer.o(i.read_register) for read_register
    accelometer.o(i.Z_acc_read) refers to dflti.o(.text) for __aeabi_i2d
    accelometer.o(i.Z_acc_read) refers to dmul.o(.text) for __aeabi_dmul
    accelometer.o(i.Z_gyro_read) refers to accelometer.o(i.read_register) for read_register
    accelometer.o(i.Z_gyro_read) refers to dflti.o(.text) for __aeabi_i2d
    accelometer.o(i.Z_gyro_read) refers to dmul.o(.text) for __aeabi_dmul
    accelometer.o(i.omega_x) refers to accelometer.o(i.psi_x) for psi_x
    accelometer.o(i.omega_x) refers to extra.o(i.delay_mc) for delay_mc
    accelometer.o(i.omega_x) refers to daddsub.o(.text) for __aeabi_dsub
    accelometer.o(i.omega_x) refers to ddiv.o(.text) for __aeabi_ddiv
    accelometer.o(i.omega_y) refers to accelometer.o(i.psi_y) for psi_y
    accelometer.o(i.omega_y) refers to extra.o(i.delay_mc) for delay_mc
    accelometer.o(i.omega_y) refers to daddsub.o(.text) for __aeabi_dsub
    accelometer.o(i.omega_y) refers to ddiv.o(.text) for __aeabi_ddiv
    accelometer.o(i.psi_x) refers to accelometer.o(i.X_gyro_read) for X_gyro_read
    accelometer.o(i.psi_x) refers to accelometer.o(i.Y_gyro_read) for Y_gyro_read
    accelometer.o(i.psi_x) refers to accelometer.o(i.Z_gyro_read) for Z_gyro_read
    accelometer.o(i.psi_x) refers to atan2.o(i.atan2) for atan2
    accelometer.o(i.psi_y) refers to accelometer.o(i.X_gyro_read) for X_gyro_read
    accelometer.o(i.psi_y) refers to accelometer.o(i.Y_gyro_read) for Y_gyro_read
    accelometer.o(i.psi_y) refers to accelometer.o(i.Z_gyro_read) for Z_gyro_read
    accelometer.o(i.psi_y) refers to atan2.o(i.atan2) for atan2
    accelometer.o(i.read_register) refers to i2c_transmission.o(i.I2C_Start) for I2C_Start
    accelometer.o(i.read_register) refers to i2c_transmission.o(i.I2C_Write) for I2C_Write
    accelometer.o(i.read_register) refers to i2c_transmission.o(i.I2C_Wait) for I2C_Wait
    accelometer.o(i.read_register) refers to i2c_transmission.o(i.I2C_GetAck) for I2C_GetAck
    accelometer.o(i.read_register) refers to i2c_transmission.o(i.I2C_RepeatedStart) for I2C_RepeatedStart
    accelometer.o(i.read_register) refers to i2c_transmission.o(i.I2C_SetRXmode) for I2C_SetRXmode
    accelometer.o(i.read_register) refers to i2c_transmission.o(i.I2C_SendNack) for I2C_SendNack
    accelometer.o(i.read_register) refers to i2c_transmission.o(i.I2C_ReadByte) for I2C_ReadByte
    accelometer.o(i.read_register) refers to i2c_transmission.o(i.I2C_Stop) for I2C_Stop
    accelometer.o(i.write_register) refers to i2c_transmission.o(i.I2C_Start) for I2C_Start
    accelometer.o(i.write_register) refers to i2c_transmission.o(i.I2C_WriteByte) for I2C_WriteByte
    accelometer.o(i.write_register) refers to i2c_transmission.o(i.I2C_Wait) for I2C_Wait
    accelometer.o(i.write_register) refers to i2c_transmission.o(i.I2C_GetAck) for I2C_GetAck
    accelometer.o(i.write_register) refers to i2c_transmission.o(i.I2C_Stop) for I2C_Stop
    accelometer.o(i.write_register) refers to accelometer.o(i.pause) for pause
    i2c_transmission.o(i.I2C_Start) refers to i2c_transmission.o(i.I2C_set_master_mode) for I2C_set_master_mode
    i2c_transmission.o(i.I2C_Start) refers to i2c_transmission.o(i.I2C_SetTXmode) for I2C_SetTXmode
    i2c_transmission.o(i.I2C_Stop) refers to i2c_transmission.o(i.I2C_set_slave_mode) for I2C_set_slave_mode
    i2c_transmission.o(i.I2C_Stop) refers to i2c_transmission.o(i.I2C_SetRXmode) for I2C_SetRXmode
    i2c_transmission.o(i.I2C_WaitForAck) refers to i2c_transmission.o(i.I2C_Wait) for I2C_Wait
    i2c_transmission.o(i.I2C_WaitForAck) refers to i2c_transmission.o(i.I2C_GetAck) for I2C_GetAck
    i2c_transmission.o(i.I2C_WaitForAck) refers to i2c_transmission.o(i.I2C_Stop) for I2C_Stop
    i2c_transmission.o(i.I2C_Write) refers to i2c_transmission.o(i.I2C_WriteByte) for I2C_WriteByte
    i2c_transmission.o(i.I2C_Write) refers to i2c_transmission.o(i.I2C_WaitForAck) for I2C_WaitForAck
    uart.o(i.uart_Init) refers to aeabi_sdiv.o(.text) for __aeabi_uidivmod
    uart.o(i.uart_Init) refers to uart.o(i.__ARM_common_switch8) for __ARM_common_switch8
    uart.o(i.uart_Init) refers to system_mkl25z4.o(.data) for SystemCoreClock
    uart.o(i.uart_String) refers to uart.o(i.uart_Put) for uart_Put
    angle_cal.o(i.angle_calculation) refers to median.o(i.median) for median
    angle_cal.o(i.angle_calculation) refers to aeabi_sdiv.o(.text) for __aeabi_idivmod
    angle_cal.o(i.angle_calculation) refers to dflti.o(.text) for __aeabi_i2d
    angle_cal.o(i.angle_calculation) refers to atan.o(i.atan) for atan
    angle_cal.o(i.angle_calculation) refers to dfixi.o(.text) for __aeabi_d2iz
    angle_cal.o(i.angle_calculation) refers to mma8451.o(.data) for resultx
    angle_cal.o(i.angle_calculation) refers to angle_cal.o(.bss) for arr_medianas
    angle_cal.o(i.angle_calculation) refers to angle_cal.o(.data) for X_acc
    angle_cal.o(i.detect_fall_detection) refers to angle_cal.o(.data) for xy_mag
    i2c.o(i.i2c_start) refers to i2c.o(i.i2c_set_master_mode) for i2c_set_master_mode
    i2c.o(i.i2c_start) refers to i2c.o(i.i2c_set_tx_mode) for i2c_set_tx_mode
    i2c.o(i.i2c_stop) refers to i2c.o(i.i2c_set_slave_mode) for i2c_set_slave_mode
    i2c.o(i.i2c_stop) refers to i2c.o(i.i2c_set_rx_mode) for i2c_set_rx_mode
    mma8451.o(i.accel_init) refers to mma8451.o(i.hal_dev_mma8451_init) for hal_dev_mma8451_init
    mma8451.o(i.accel_read) refers to mma8451.o(i.hal_dev_mma8451_read_reg) for hal_dev_mma8451_read_reg
    mma8451.o(i.accel_read) refers to angle_cal.o(i.angle_calculation) for angle_calculation
    mma8451.o(i.accel_read) refers to mma8451.o(.data) for accel_x
    mma8451.o(i.hal_dev_mma8451_init) refers to i2c.o(i.hal_i2c0_init) for hal_i2c0_init
    mma8451.o(i.hal_dev_mma8451_read_reg) refers to i2c.o(i.i2c_start) for i2c_start
    mma8451.o(i.hal_dev_mma8451_read_reg) refers to i2c.o(i.i2c_write_byte) for i2c_write_byte
    mma8451.o(i.hal_dev_mma8451_read_reg) refers to i2c.o(i.i2c_wait) for i2c_wait
    mma8451.o(i.hal_dev_mma8451_read_reg) refers to i2c.o(i.i2c_get_ack) for i2c_get_ack
    mma8451.o(i.hal_dev_mma8451_read_reg) refers to i2c.o(i.i2c_repeated_start) for i2c_repeated_start
    mma8451.o(i.hal_dev_mma8451_read_reg) refers to i2c.o(i.i2c_set_rx_mode) for i2c_set_rx_mode
    mma8451.o(i.hal_dev_mma8451_read_reg) refers to i2c.o(i.i2c_give_nack) for i2c_give_nack
    mma8451.o(i.hal_dev_mma8451_read_reg) refers to i2c.o(i.i2c_read_byte) for i2c_read_byte
    mma8451.o(i.hal_dev_mma8451_read_reg) refers to i2c.o(i.i2c_stop) for i2c_stop
    mma8451.o(i.hal_dev_mma8451_read_reg) refers to mma8451.o(i.pause) for pause
    mma8451.o(i.hal_dev_mma8451_write_reg) refers to i2c.o(i.i2c_start) for i2c_start
    mma8451.o(i.hal_dev_mma8451_write_reg) refers to i2c.o(i.i2c_write_byte) for i2c_write_byte
    mma8451.o(i.hal_dev_mma8451_write_reg) refers to i2c.o(i.i2c_wait) for i2c_wait
    mma8451.o(i.hal_dev_mma8451_write_reg) refers to i2c.o(i.i2c_get_ack) for i2c_get_ack
    mma8451.o(i.hal_dev_mma8451_write_reg) refers to i2c.o(i.i2c_stop) for i2c_stop
    mma8451.o(i.hal_dev_mma8451_write_reg) refers to mma8451.o(i.pause) for pause
    sqrt16.o(i.sqrt_16) refers to aeabi_sdiv.o(.text) for __aeabi_uidivmod
    startup_mkl25z4.o(STACK) refers (Special) to heapauxi.o(.text) for __use_two_region_memory
    startup_mkl25z4.o(HEAP) refers (Special) to heapauxi.o(.text) for __use_two_region_memory
    startup_mkl25z4.o(RESET) refers (Special) to heapauxi.o(.text) for __use_two_region_memory
    startup_mkl25z4.o(RESET) refers to startup_mkl25z4.o(STACK) for __initial_sp
    startup_mkl25z4.o(RESET) refers to startup_mkl25z4.o(.text) for Reset_Handler
    startup_mkl25z4.o(.ARM.__at_0x400) refers (Special) to heapauxi.o(.text) for __use_two_region_memory
    startup_mkl25z4.o(.text) refers (Special) to heapauxi.o(.text) for __use_two_region_memory
    startup_mkl25z4.o(.text) refers to system_mkl25z4.o(i.SystemInit) for SystemInit
    startup_mkl25z4.o(.text) refers to __main.o(!!!main) for __main
    startup_mkl25z4.o(.text) refers to startup_mkl25z4.o(HEAP) for Heap_Mem
    startup_mkl25z4.o(.text) refers to startup_mkl25z4.o(STACK) for Stack_Mem
    system_mkl25z4.o(i.SystemCoreClockUpdate) refers to aeabi_sdiv.o(.text) for __aeabi_uidivmod
    system_mkl25z4.o(i.SystemCoreClockUpdate) refers to uart.o(i.__ARM_common_switch8) for __ARM_common_switch8
    system_mkl25z4.o(i.SystemCoreClockUpdate) refers to system_mkl25z4.o(.data) for SystemCoreClock
    __main.o(!!!main) refers to __rtentry.o(.ARM.Collect$$rtentry$$00000000) for __rt_entry
    daddsub.o(.text) refers (Special) to usenofp.o(x$fpl$usenofp) for __I$use$fp
    ddiv.o(.text) refers (Special) to usenofp.o(x$fpl$usenofp) for __I$use$fp
    ddiv.o(.text) refers to ddiv.o(.constdata) for .constdata
    ddiv.o(.constdata) refers (Special) to usenofp.o(x$fpl$usenofp) for __I$use$fp
    deqf.o(x$fpl$deqf) refers (Special) to usenofp.o(x$fpl$usenofp) for __I$use$fp
    deqf.o(x$fpl$deqf) refers to dcmpin.o(.text) for __fpl_dcmp_InfNaN
    dfixi.o(.text) refers (Special) to usenofp.o(x$fpl$usenofp) for __I$use$fp
    dfixui.o(.text) refers (Special) to usenofp.o(x$fpl$usenofp) for __I$use$fp
    dflti.o(.text) refers (Special) to usenofp.o(x$fpl$usenofp) for __I$use$fp
    dlef.o(x$fpl$dleqf) refers (Special) to usenofp.o(x$fpl$usenofp) for __I$use$fp
    dlef.o(x$fpl$dleqf) refers to dcmpin.o(.text) for __fpl_dcmp_InfNaN
    dmul.o(.text) refers (Special) to usenofp.o(x$fpl$usenofp) for __I$use$fp
    atan.o(i.__softfp_atan) refers (Special) to usenofp.o(x$fpl$usenofp) for __I$use$fp
    atan.o(i.__softfp_atan) refers to atan.o(i.atan) for atan
    atan.o(i.atan) refers (Special) to usenofp.o(x$fpl$usenofp) for __I$use$fp
    atan.o(i.atan) refers to dunder.o(i.__mathlib_dbl_infnan) for __mathlib_dbl_infnan
    atan.o(i.atan) refers to fpclassify.o(i.__ARM_fpclassify) for __ARM_fpclassify
    atan.o(i.atan) refers to dunder.o(i.__mathlib_dbl_underflow) for __mathlib_dbl_underflow
    atan.o(i.atan) refers to daddsub.o(.text) for __aeabi_dadd
    atan.o(i.atan) refers to dscalbn.o(.text) for __ARM_scalbn
    atan.o(i.atan) refers to ddiv.o(.text) for __aeabi_ddiv
    atan.o(i.atan) refers to dmul.o(.text) for __aeabi_dmul
    atan.o(i.atan) refers to poly.o(i.__kernel_poly) for __kernel_poly
    atan.o(i.atan) refers to atan.o(.constdata) for .constdata
    atan.o(.constdata) refers (Special) to usenofp.o(x$fpl$usenofp) for __I$use$fp
    atan_x.o(i.____softfp_atan$lsc) refers (Special) to usenofp.o(x$fpl$usenofp) for __I$use$fp
    atan_x.o(i.____softfp_atan$lsc) refers to atan_x.o(i.__atan$lsc) for __atan$lsc
    atan_x.o(i.__atan$lsc) refers (Special) to usenofp.o(x$fpl$usenofp) for __I$use$fp
    atan_x.o(i.__atan$lsc) refers to dunder.o(i.__mathlib_dbl_infnan) for __mathlib_dbl_infnan
    atan_x.o(i.__atan$lsc) refers to daddsub.o(.text) for __aeabi_dadd
    atan_x.o(i.__atan$lsc) refers to dscalbn.o(.text) for __ARM_scalbn
    atan_x.o(i.__atan$lsc) refers to ddiv.o(.text) for __aeabi_ddiv
    atan_x.o(i.__atan$lsc) refers to dmul.o(.text) for __aeabi_dmul
    atan_x.o(i.__atan$lsc) refers to poly.o(i.__kernel_poly) for __kernel_poly
    atan_x.o(i.__atan$lsc) refers to atan_x.o(.constdata) for .constdata
    atan_x.o(.constdata) refers (Special) to usenofp.o(x$fpl$usenofp) for __I$use$fp
    atan2.o(i.__softfp_atan2) refers (Special) to usenofp.o(x$fpl$usenofp) for __I$use$fp
    atan2.o(i.__softfp_atan2) refers to atan2.o(i.atan2) for atan2
    atan2.o(i.atan2) refers (Special) to usenofp.o(x$fpl$usenofp) for __I$use$fp
    atan2.o(i.atan2) refers to dunder.o(i.__mathlib_dbl_infnan2) for __mathlib_dbl_infnan2
    atan2.o(i.atan2) refers to atan.o(i.atan) for atan
    atan2.o(i.atan2) refers to ddiv.o(.text) for __aeabi_ddiv
    atan2.o(i.atan2) refers to daddsub.o(.text) for __aeabi_dsub
    atan2.o(i.atan2) refers to qnan.o(.constdata) for __mathlib_zero
    atan2_x.o(i.____softfp_atan2$lsc) refers (Special) to usenofp.o(x$fpl$usenofp) for __I$use$fp
    atan2_x.o(i.____softfp_atan2$lsc) refers to atan2_x.o(i.__atan2$lsc) for __atan2$lsc
    atan2_x.o(i.__atan2$lsc) refers (Special) to usenofp.o(x$fpl$usenofp) for __I$use$fp
    atan2_x.o(i.__atan2$lsc) refers to dunder.o(i.__mathlib_dbl_infnan2) for __mathlib_dbl_infnan2
    atan2_x.o(i.__atan2$lsc) refers to atan.o(i.atan) for atan
    atan2_x.o(i.__atan2$lsc) refers to _rserrno.o(.text) for __set_errno
    atan2_x.o(i.__atan2$lsc) refers to ddiv.o(.text) for __aeabi_ddiv
    atan2_x.o(i.__atan2$lsc) refers to daddsub.o(.text) for __aeabi_dsub
    atan2_x.o(i.__atan2$lsc) refers to qnan.o(.constdata) for __mathlib_zero
    sqrt.o(i.__softfp_sqrt) refers (Special) to usenofp.o(x$fpl$usenofp) for __I$use$fp
    sqrt.o(i.__softfp_sqrt) refers to dsqrt.o(.text) for _dsqrt
    sqrt.o(i.__softfp_sqrt) refers to _rserrno.o(.text) for __set_errno
    sqrt.o(i.sqrt) refers (Special) to usenofp.o(x$fpl$usenofp) for __I$use$fp
    sqrt.o(i.sqrt) refers to dsqrt.o(.text) for _dsqrt
    sqrt.o(i.sqrt) refers to _rserrno.o(.text) for __set_errno
    sqrt_x.o(i.____softfp_sqrt$lsc) refers (Special) to usenofp.o(x$fpl$usenofp) for __I$use$fp
    sqrt_x.o(i.____softfp_sqrt$lsc) refers to dlef.o(x$fpl$dleqf) for __aeabi_cdcmple
    sqrt_x.o(i.____softfp_sqrt$lsc) refers to _rserrno.o(.text) for __set_errno
    sqrt_x.o(i.____softfp_sqrt$lsc) refers to dsqrt.o(.text) for _dsqrt
    sqrt_x.o(i.__sqrt$lsc) refers (Special) to usenofp.o(x$fpl$usenofp) for __I$use$fp
    sqrt_x.o(i.__sqrt$lsc) refers to dlef.o(x$fpl$dleqf) for __aeabi_cdcmple
    sqrt_x.o(i.__sqrt$lsc) refers to _rserrno.o(.text) for __set_errno
    sqrt_x.o(i.__sqrt$lsc) refers to dsqrt.o(.text) for _dsqrt
    __rtentry.o(.ARM.Collect$$rtentry$$00000000) refers (Special) to __rtentry2.o(.ARM.Collect$$rtentry$$0000000A) for __rt_entry_li
    __rtentry.o(.ARM.Collect$$rtentry$$00000000) refers (Special) to __rtentry2.o(.ARM.Collect$$rtentry$$0000000D) for __rt_entry_main
    __rtentry.o(.ARM.Collect$$rtentry$$00000000) refers (Special) to __rtentry2.o(.ARM.Collect$$rtentry$$0000000C) for __rt_entry_postli_1
    __rtentry.o(.ARM.Collect$$rtentry$$00000000) refers (Special) to __rtentry2.o(.ARM.Collect$$rtentry$$00000009) for __rt_entry_postsh_1
    __rtentry.o(.ARM.Collect$$rtentry$$00000000) refers (Special) to __rtentry2.o(.ARM.Collect$$rtentry$$00000002) for __rt_entry_presh_1
    __rtentry.o(.ARM.Collect$$rtentry$$00000000) refers (Special) to __rtentry4.o(.ARM.Collect$$rtentry$$00000004) for __rt_entry_sh
    aeabi_idiv0_sigfpe.o(.text) refers to rt_div0.o(.text) for __rt_div0
    _rserrno.o(.text) refers to rt_errno_addr_intlibspace.o(.text) for __aeabi_errno_addr
    dcmpin.o(.text) refers (Special) to usenofp.o(x$fpl$usenofp) for __I$use$fp
    dcmpin.o(.text) refers to cmpret.o(.text) for __fpl_cmpreturn
    dcmpin.o(.text) refers to dnan2.o(.text) for __fpl_dcheck_NaN2
    dscalbn.o(.text) refers (Special) to usenofp.o(x$fpl$usenofp) for __I$use$fp
    dsqrt.o(.text) refers (Special) to usenofp.o(x$fpl$usenofp) for __I$use$fp
    dunder.o(i.__mathlib_dbl_divzero) refers to ddiv.o(.text) for __aeabi_ddiv
    dunder.o(i.__mathlib_dbl_infnan) refers to dscalbn.o(.text) for __ARM_scalbn
    dunder.o(i.__mathlib_dbl_infnan2) refers to daddsub.o(.text) for __aeabi_dadd
    dunder.o(i.__mathlib_dbl_invalid) refers to ddiv.o(.text) for __aeabi_ddiv
    dunder.o(i.__mathlib_dbl_overflow) refers to dscalbn.o(.text) for __ARM_scalbn
    dunder.o(i.__mathlib_dbl_posinfnan) refers to dmul.o(.text) for __aeabi_dmul
    dunder.o(i.__mathlib_dbl_underflow) refers to dscalbn.o(.text) for __ARM_scalbn
    fpclassify.o(i.__ARM_fpclassify) refers (Special) to usenofp.o(x$fpl$usenofp) for __I$use$fp
    poly.o(i.__kernel_poly) refers (Special) to usenofp.o(x$fpl$usenofp) for __I$use$fp
    poly.o(i.__kernel_poly) refers to dmul.o(.text) for __aeabi_dmul
    poly.o(i.__kernel_poly) refers to daddsub.o(.text) for __aeabi_dadd
    qnan.o(.constdata) refers (Special) to usenofp.o(x$fpl$usenofp) for __I$use$fp
    __rtentry2.o(.ARM.Collect$$rtentry$$00000008) refers to boardinit2.o(.text) for _platform_post_stackheap_init
    __rtentry2.o(.ARM.Collect$$rtentry$$0000000A) refers to libinit.o(.ARM.Collect$$libinit$$00000000) for __rt_lib_init
    __rtentry2.o(.ARM.Collect$$rtentry$$0000000B) refers to boardinit3.o(.text) for _platform_post_lib_init
    __rtentry2.o(.ARM.Collect$$rtentry$$0000000D) refers to main.o(i.main) for main
    __rtentry2.o(.ARM.Collect$$rtentry$$0000000D) refers to exit.o(.text) for exit
    __rtentry2.o(.ARM.exidx) refers to __rtentry2.o(.ARM.Collect$$rtentry$$00000001) for .ARM.Collect$$rtentry$$00000001
    __rtentry2.o(.ARM.exidx) refers to __rtentry2.o(.ARM.Collect$$rtentry$$00000008) for .ARM.Collect$$rtentry$$00000008
    __rtentry2.o(.ARM.exidx) refers to __rtentry2.o(.ARM.Collect$$rtentry$$0000000A) for .ARM.Collect$$rtentry$$0000000A
    __rtentry2.o(.ARM.exidx) refers to __rtentry2.o(.ARM.Collect$$rtentry$$0000000B) for .ARM.Collect$$rtentry$$0000000B
    __rtentry2.o(.ARM.exidx) refers to __rtentry2.o(.ARM.Collect$$rtentry$$0000000D) for .ARM.Collect$$rtentry$$0000000D
    __rtentry4.o(.ARM.Collect$$rtentry$$00000004) refers to sys_stackheap_outer.o(.text) for __user_setup_stackheap
    __rtentry4.o(.ARM.exidx) refers to __rtentry4.o(.ARM.Collect$$rtentry$$00000004) for .ARM.Collect$$rtentry$$00000004
    rt_div0.o(.text) refers to defsig_fpe_outer.o(.text) for __rt_SIGFPE
    rt_errno_addr.o(.text) refers to rt_errno_addr.o(.bss) for __aeabi_errno_addr_data
    rt_errno_addr_intlibspace.o(.text) refers to libspace.o(.bss) for __libspace_start
    cmpret.o(.text) refers (Special) to usenofp.o(x$fpl$usenofp) for __I$use$fp
    dnan2.o(.text) refers (Special) to usenofp.o(x$fpl$usenofp) for __I$use$fp
    dnan2.o(.text) refers to retnan.o(.text) for __fpl_return_NaN
    libspace.o(.text) refers to libspace.o(.bss) for __libspace_start
    sys_stackheap_outer.o(.text) refers to libspace.o(.text) for __user_perproc_libspace
    sys_stackheap_outer.o(.text) refers to startup_mkl25z4.o(.text) for __user_initial_stackheap
    sys_stackheap_outer.o(__vectab_stack_and_reset_area) refers to tempstk.o(.text) for __temporary_stack_top
    sys_stackheap_outer.o(__vectab_stack_and_reset_area) refers to __main.o(!!!main) for __main
    exit.o(.text) refers to rtexit.o(.ARM.Collect$$rtexit$$00000000) for __rt_exit
    defsig_fpe_outer.o(.text) refers to defsig_fpe_inner.o(.text) for __rt_SIGFPE_inner
    defsig_fpe_outer.o(.text) refers to defsig_exit.o(.text) for __sig_exit
    defsig_fpe_formal.o(.text) refers to rt_raise.o(.text) for __rt_raise
    libinit.o(.ARM.Collect$$libinit$$00000000) refers (Special) to libinit2.o(.ARM.Collect$$libinit$$0000002E) for __rt_lib_init_alloca_1
    libinit.o(.ARM.Collect$$libinit$$00000000) refers (Special) to libinit2.o(.ARM.Collect$$libinit$$0000002C) for __rt_lib_init_argv_1
    libinit.o(.ARM.Collect$$libinit$$00000000) refers (Special) to libinit2.o(.ARM.Collect$$libinit$$0000001B) for __rt_lib_init_atexit_1
    libinit.o(.ARM.Collect$$libinit$$00000000) refers (Special) to libinit2.o(.ARM.Collect$$libinit$$00000021) for __rt_lib_init_clock_1
    libinit.o(.ARM.Collect$$libinit$$00000000) refers (Special) to libinit2.o(.ARM.Collect$$libinit$$00000032) for __rt_lib_init_cpp_1
    libinit.o(.ARM.Collect$$libinit$$00000000) refers (Special) to libinit2.o(.ARM.Collect$$libinit$$00000030) for __rt_lib_init_exceptions_1
    libinit.o(.ARM.Collect$$libinit$$00000000) refers (Special) to libinit2.o(.ARM.Collect$$libinit$$00000002) for __rt_lib_init_fp_1
    libinit.o(.ARM.Collect$$libinit$$00000000) refers (Special) to libinit2.o(.ARM.Collect$$libinit$$0000001F) for __rt_lib_init_fp_trap_1
    libinit.o(.ARM.Collect$$libinit$$00000000) refers (Special) to libinit2.o(.ARM.Collect$$libinit$$00000023) for __rt_lib_init_getenv_1
    libinit.o(.ARM.Collect$$libinit$$00000000) refers (Special) to libinit2.o(.ARM.Collect$$libinit$$0000000A) for __rt_lib_init_heap_1
    libinit.o(.ARM.Collect$$libinit$$00000000) refers (Special) to libinit2.o(.ARM.Collect$$libinit$$00000011) for __rt_lib_init_lc_collate_1
    libinit.o(.ARM.Collect$$libinit$$00000000) refers (Special) to libinit2.o(.ARM.Collect$$libinit$$00000013) for __rt_lib_init_lc_ctype_1
    libinit.o(.ARM.Collect$$libinit$$00000000) refers (Special) to libinit2.o(.ARM.Collect$$libinit$$00000015) for __rt_lib_init_lc_monetary_1
    libinit.o(.ARM.Collect$$libinit$$00000000) refers (Special) to libinit2.o(.ARM.Collect$$libinit$$00000017) for __rt_lib_init_lc_numeric_1
    libinit.o(.ARM.Collect$$libinit$$00000000) refers (Special) to libinit2.o(.ARM.Collect$$libinit$$00000019) for __rt_lib_init_lc_time_1
    libinit.o(.ARM.Collect$$libinit$$00000000) refers (Special) to libinit2.o(.ARM.Collect$$libinit$$00000004) for __rt_lib_init_preinit_1
    libinit.o(.ARM.Collect$$libinit$$00000000) refers (Special) to libinit2.o(.ARM.Collect$$libinit$$0000000E) for __rt_lib_init_rand_1
    libinit.o(.ARM.Collect$$libinit$$00000000) refers (Special) to libinit2.o(.ARM.Collect$$libinit$$00000033) for __rt_lib_init_return
    libinit.o(.ARM.Collect$$libinit$$00000000) refers (Special) to libinit2.o(.ARM.Collect$$libinit$$0000001D) for __rt_lib_init_signal_1
    libinit.o(.ARM.Collect$$libinit$$00000000) refers (Special) to libinit2.o(.ARM.Collect$$libinit$$00000025) for __rt_lib_init_stdio_1
    libinit.o(.ARM.Collect$$libinit$$00000000) refers (Special) to libinit2.o(.ARM.Collect$$libinit$$0000000C) for __rt_lib_init_user_alloc_1
    retnan.o(.text) refers (Special) to usenofp.o(x$fpl$usenofp) for __I$use$fp
    retnan.o(.text) refers to cmpret.o(.text) for __fpl_cmpreturn
    rtexit.o(.ARM.Collect$$rtexit$$00000000) refers (Special) to rtexit2.o(.ARM.Collect$$rtexit$$00000004) for __rt_exit_exit
    rtexit.o(.ARM.Collect$$rtexit$$00000000) refers (Special) to rtexit2.o(.ARM.Collect$$rtexit$$00000003) for __rt_exit_ls
    rtexit.o(.ARM.Collect$$rtexit$$00000000) refers (Special) to rtexit2.o(.ARM.Collect$$rtexit$$00000002) for __rt_exit_prels_1
    rtexit.o(.ARM.exidx) refers (Special) to rtexit2.o(.ARM.Collect$$rtexit$$00000004) for __rt_exit_exit
    rtexit.o(.ARM.exidx) refers (Special) to rtexit2.o(.ARM.Collect$$rtexit$$00000003) for __rt_exit_ls
    rtexit.o(.ARM.exidx) refers (Special) to rtexit2.o(.ARM.Collect$$rtexit$$00000002) for __rt_exit_prels_1
    rtexit.o(.ARM.exidx) refers to rtexit.o(.ARM.Collect$$rtexit$$00000000) for .ARM.Collect$$rtexit$$00000000
    rt_raise.o(.text) refers to __raise.o(.text) for __raise
    rt_raise.o(.text) refers to sys_exit.o(.text) for _sys_exit
    defsig_exit.o(.text) refers to sys_exit.o(.text) for _sys_exit
    defsig_fpe_inner.o(.text) refers to defsig_general.o(.text) for __default_signal_display
    libinit2.o(.ARM.Collect$$libinit$$00000010) refers to libinit2.o(.ARM.Collect$$libinit$$0000000F) for .ARM.Collect$$libinit$$0000000F
    libinit2.o(.ARM.Collect$$libinit$$00000012) refers to libinit2.o(.ARM.Collect$$libinit$$0000000F) for .ARM.Collect$$libinit$$0000000F
    libinit2.o(.ARM.Collect$$libinit$$00000014) refers to libinit2.o(.ARM.Collect$$libinit$$0000000F) for .ARM.Collect$$libinit$$0000000F
    libinit2.o(.ARM.Collect$$libinit$$00000016) refers to libinit2.o(.ARM.Collect$$libinit$$0000000F) for .ARM.Collect$$libinit$$0000000F
    libinit2.o(.ARM.Collect$$libinit$$00000018) refers to libinit2.o(.ARM.Collect$$libinit$$0000000F) for .ARM.Collect$$libinit$$0000000F
    libinit2.o(.ARM.Collect$$libinit$$00000026) refers to argv_veneer.o(.text) for __ARM_argv_veneer
    libinit2.o(.ARM.Collect$$libinit$$00000027) refers to argv_veneer.o(.text) for __ARM_argv_veneer
    sys_exit.o(.text) refers (Special) to use_no_semi.o(.text) for __I$use$semihosting
    sys_exit.o(.text) refers (Special) to indicate_semi.o(.text) for __semihosting_library_function
    rtexit2.o(.ARM.Collect$$rtexit$$00000003) refers to libshutdown.o(.ARM.Collect$$libshutdown$$00000000) for __rt_lib_shutdown
    rtexit2.o(.ARM.Collect$$rtexit$$00000004) refers to sys_exit.o(.text) for _sys_exit
    rtexit2.o(.ARM.exidx) refers to rtexit2.o(.ARM.Collect$$rtexit$$00000001) for .ARM.Collect$$rtexit$$00000001
    rtexit2.o(.ARM.exidx) refers to rtexit2.o(.ARM.Collect$$rtexit$$00000003) for .ARM.Collect$$rtexit$$00000003
    rtexit2.o(.ARM.exidx) refers to rtexit2.o(.ARM.Collect$$rtexit$$00000004) for .ARM.Collect$$rtexit$$00000004
    __raise.o(.text) refers to defsig.o(CL$$defsig) for __default_signal_handler
    defsig_general.o(.text) refers to sys_wrch.o(.text) for _ttywrch
    sys_wrch.o(.text) refers (Special) to use_no_semi.o(.text) for __I$use$semihosting
    sys_wrch.o(.text) refers (Special) to indicate_semi.o(.text) for __semihosting_library_function
    defsig.o(CL$$defsig) refers to defsig_fpe_inner.o(.text) for __rt_SIGFPE_inner
    defsig.o(CL$$defsig) refers to defsig_rtmem_inner.o(.text) for __rt_SIGRTMEM_inner
    _get_argv_nomalloc.o(.text) refers (Special) to hrguard.o(.text) for __heap_region$guard
    _get_argv_nomalloc.o(.text) refers to defsig_rtmem_outer.o(.text) for __rt_SIGRTMEM
    _get_argv_nomalloc.o(.text) refers to sys_command.o(.text) for _sys_command_string
    libshutdown.o(.ARM.Collect$$libshutdown$$00000000) refers (Special) to libshutdown2.o(.ARM.Collect$$libshutdown$$00000002) for __rt_lib_shutdown_cpp_1
    libshutdown.o(.ARM.Collect$$libshutdown$$00000000) refers (Special) to libshutdown2.o(.ARM.Collect$$libshutdown$$00000007) for __rt_lib_shutdown_fp_trap_1
    libshutdown.o(.ARM.Collect$$libshutdown$$00000000) refers (Special) to libshutdown2.o(.ARM.Collect$$libshutdown$$0000000F) for __rt_lib_shutdown_heap_1
    libshutdown.o(.ARM.Collect$$libshutdown$$00000000) refers (Special) to libshutdown2.o(.ARM.Collect$$libshutdown$$00000010) for __rt_lib_shutdown_return
    libshutdown.o(.ARM.Collect$$libshutdown$$00000000) refers (Special) to libshutdown2.o(.ARM.Collect$$libshutdown$$0000000A) for __rt_lib_shutdown_signal_1
    libshutdown.o(.ARM.Collect$$libshutdown$$00000000) refers (Special) to libshutdown2.o(.ARM.Collect$$libshutdown$$00000004) for __rt_lib_shutdown_stdio_1
    libshutdown.o(.ARM.Collect$$libshutdown$$00000000) refers (Special) to libshutdown2.o(.ARM.Collect$$libshutdown$$0000000C) for __rt_lib_shutdown_user_alloc_1
    sys_command.o(.text) refers (Special) to use_no_semi.o(.text) for __I$use$semihosting
    sys_command.o(.text) refers (Special) to indicate_semi.o(.text) for __semihosting_library_function
    defsig_abrt_inner.o(.text) refers to defsig_general.o(.text) for __default_signal_display
    defsig_rtred_inner.o(.text) refers to defsig_general.o(.text) for __default_signal_display
    defsig_rtmem_inner.o(.text) refers to defsig_general.o(.text) for __default_signal_display
    defsig_rtmem_outer.o(.text) refers to defsig_rtmem_inner.o(.text) for __rt_SIGRTMEM_inner
    defsig_rtmem_outer.o(.text) refers to defsig_exit.o(.text) for __sig_exit
    defsig_rtmem_formal.o(.text) refers to rt_raise.o(.text) for __rt_raise
    defsig_stak_inner.o(.text) refers to defsig_general.o(.text) for __default_signal_display
    defsig_pvfn_inner.o(.text) refers to defsig_general.o(.text) for __default_signal_display
    defsig_cppl_inner.o(.text) refers to defsig_general.o(.text) for __default_signal_display
    defsig_segv_inner.o(.text) refers to defsig_general.o(.text) for __default_signal_display
    defsig_other.o(.text) refers to defsig_general.o(.text) for __default_signal_display


==============================================================================

Removing Unused input sections from the image.

    Removing main.o(.rev16_text), (4 bytes).
    Removing main.o(.revsh_text), (4 bytes).
    Removing pwm.o(.rev16_text), (4 bytes).
    Removing pwm.o(.revsh_text), (4 bytes).
    Removing serwo.o(.rev16_text), (4 bytes).
    Removing serwo.o(.revsh_text), (4 bytes).
    Removing serwo.o(i.goToPosition), (204 bytes).
    Removing serwo.o(i.goToZero), (16 bytes).
    Removing serwo.o(i.rotateFor), (152 bytes).
    Removing serwo.o(i.rotateSerwoControl), (104 bytes).
    Removing serwo.o(i.setPosition), (144 bytes).
    Removing serwo.o(.data), (4 bytes).
    Removing extra.o(.rev16_text), (4 bytes).
    Removing extra.o(.revsh_text), (4 bytes).
    Removing extra.o(i.delay_mc), (28 bytes).
    Removing accelometer.o(.rev16_text), (4 bytes).
    Removing accelometer.o(.revsh_text), (4 bytes).
    Removing accelometer.o(i.Gyro_R_Read), (636 bytes).
    Removing accelometer.o(i.X_acc_read), (64 bytes).
    Removing accelometer.o(i.X_gyro_read), (84 bytes).
    Removing accelometer.o(i.Y_acc_read), (64 bytes).
    Removing accelometer.o(i.Y_gyro_read), (84 bytes).
    Removing accelometer.o(i.Z_acc_read), (64 bytes).
    Removing accelometer.o(i.Z_gyro_read), (84 bytes).
    Removing accelometer.o(i.omega_x), (64 bytes).
    Removing accelometer.o(i.omega_y), (64 bytes).
    Removing accelometer.o(i.pause), (14 bytes).
    Removing accelometer.o(i.psi_x), (48 bytes).
    Removing accelometer.o(i.psi_y), (48 bytes).
    Removing accelometer.o(i.read_register), (102 bytes).
    Removing accelometer.o(i.write_register), (62 bytes).
    Removing i2c_transmission.o(.rev16_text), (4 bytes).
    Removing i2c_transmission.o(.revsh_text), (4 bytes).
    Removing i2c_transmission.o(i.I2C_GetAck), (24 bytes).
    Removing i2c_transmission.o(i.I2C_Init), (76 bytes).
    Removing i2c_transmission.o(i.I2C_ReadByte), (12 bytes).
    Removing i2c_transmission.o(i.I2C_RepeatedStart), (20 bytes).
    Removing i2c_transmission.o(i.I2C_SendAck), (20 bytes).
    Removing i2c_transmission.o(i.I2C_SendNack), (20 bytes).
    Removing i2c_transmission.o(i.I2C_SetRXmode), (20 bytes).
    Removing i2c_transmission.o(i.I2C_SetTXmode), (20 bytes).
    Removing i2c_transmission.o(i.I2C_Start), (12 bytes).
    Removing i2c_transmission.o(i.I2C_Stop), (12 bytes).
    Removing i2c_transmission.o(i.I2C_Wait), (32 bytes).
    Removing i2c_transmission.o(i.I2C_WaitForAck), (20 bytes).
    Removing i2c_transmission.o(i.I2C_Write), (16 bytes).
    Removing i2c_transmission.o(i.I2C_WriteByte), (12 bytes).
    Removing i2c_transmission.o(i.I2C_deinit), (28 bytes).
    Removing i2c_transmission.o(i.I2C_set_master_mode), (20 bytes).
    Removing i2c_transmission.o(i.I2C_set_slave_mode), (20 bytes).
    Removing lptmr.o(.rev16_text), (4 bytes).
    Removing lptmr.o(.revsh_text), (4 bytes).
    Removing lptmr.o(i.lptmr_init), (72 bytes).
    Removing uart.o(.rev16_text), (4 bytes).
    Removing uart.o(.revsh_text), (4 bytes).
    Removing uart.o(i.uart_Get), (18 bytes).
    Removing angle_cal.o(.rev16_text), (4 bytes).
    Removing angle_cal.o(.revsh_text), (4 bytes).
    Removing angle_cal.o(i.angle_calculation), (136 bytes).
    Removing angle_cal.o(i.detect_fall_detection), (76 bytes).
    Removing angle_cal.o(.bss), (108 bytes).
    Removing angle_cal.o(.data), (48 bytes).
    Removing i2c.o(.rev16_text), (4 bytes).
    Removing i2c.o(.revsh_text), (4 bytes).
    Removing i2c.o(i.hal_i2c0_deinit), (24 bytes).
    Removing i2c.o(i.hal_i2c1_deinit), (24 bytes).
    Removing i2c.o(i.hal_i2c1_init), (52 bytes).
    Removing i2c.o(i.i2c_give_ack), (10 bytes).
    Removing mma8451.o(.rev16_text), (4 bytes).
    Removing mma8451.o(.revsh_text), (4 bytes).
    Removing mma8451.o(i.accel_read), (148 bytes).
    Removing mma8451.o(i.hal_dev_mma8451_write_reg), (88 bytes).
    Removing mma8451.o(.data), (12 bytes).
    Removing sqrt16.o(i.sqrt_16), (46 bytes).
    Removing median.o(i.median), (120 bytes).
    Removing system_mkl25z4.o(.rev16_text), (4 bytes).
    Removing system_mkl25z4.o(.revsh_text), (4 bytes).
    Removing system_mkl25z4.o(i.SystemCoreClockUpdate), (400 bytes).

78 unused section(s) (total 3996 bytes) removed from the image.

==============================================================================

Image Symbol Table

    Local Symbols

    Symbol Name                              Value     Ov Type        Size  Object(Section)

    RESET                                    0x00000000   Section      192  startup_mkl25z4.o(RESET)
    ../clib/angel/boardlib.s                 0x00000000   Number         0  boardshut.o ABSOLUTE
    ../clib/angel/boardlib.s                 0x00000000   Number         0  boardinit3.o ABSOLUTE
    ../clib/angel/boardlib.s                 0x00000000   Number         0  boardinit2.o ABSOLUTE
    ../clib/angel/boardlib.s                 0x00000000   Number         0  boardinit1.o ABSOLUTE
    ../clib/angel/handlers.s                 0x00000000   Number         0  __scatter_copy.o ABSOLUTE
    ../clib/angel/handlers.s                 0x00000000   Number         0  __scatter_zi.o ABSOLUTE
    ../clib/angel/kernel.s                   0x00000000   Number         0  rtexit.o ABSOLUTE
    ../clib/angel/kernel.s                   0x00000000   Number         0  __rtentry4.o ABSOLUTE
    ../clib/angel/kernel.s                   0x00000000   Number         0  __rtentry.o ABSOLUTE
    ../clib/angel/kernel.s                   0x00000000   Number         0  __rtentry2.o ABSOLUTE
    ../clib/angel/kernel.s                   0x00000000   Number         0  rtexit2.o ABSOLUTE
    ../clib/angel/rt.s                       0x00000000   Number         0  rt_errno_addr_intlibspace.o ABSOLUTE
    ../clib/angel/rt.s                       0x00000000   Number         0  rt_raise.o ABSOLUTE
    ../clib/angel/rt.s                       0x00000000   Number         0  aeabi_idiv0_sigfpe.o ABSOLUTE
    ../clib/angel/rt.s                       0x00000000   Number         0  aeabi_idiv0.o ABSOLUTE
    ../clib/angel/rt.s                       0x00000000   Number         0  rt_div0.o ABSOLUTE
    ../clib/angel/rt.s                       0x00000000   Number         0  rt_errno_addr.o ABSOLUTE
    ../clib/angel/scatterp.s                 0x00000000   Number         0  __scatter.o ABSOLUTE
    ../clib/angel/startup.s                  0x00000000   Number         0  __main.o ABSOLUTE
    ../clib/angel/sys.s                      0x00000000   Number         0  tempstk.o ABSOLUTE
    ../clib/angel/sys.s                      0x00000000   Number         0  sys_stackheap_outer.o ABSOLUTE
    ../clib/angel/sys.s                      0x00000000   Number         0  indicate_semi.o ABSOLUTE
    ../clib/angel/sys.s                      0x00000000   Number         0  libspace.o ABSOLUTE
    ../clib/angel/sys.s                      0x00000000   Number         0  use_no_semi.o ABSOLUTE
    ../clib/angel/sysapp.c                   0x00000000   Number         0  sys_command.o ABSOLUTE
    ../clib/angel/sysapp.c                   0x00000000   Number         0  sys_exit.o ABSOLUTE
    ../clib/angel/sysapp.c                   0x00000000   Number         0  sys_wrch.o ABSOLUTE
    ../clib/armsys.c                         0x00000000   Number         0  _get_argv_nomalloc.o ABSOLUTE
    ../clib/armsys.c                         0x00000000   Number         0  no_argv.o ABSOLUTE
    ../clib/armsys.c                         0x00000000   Number         0  argv_veneer.o ABSOLUTE
    ../clib/division.s                       0x00000000   Number         0  aeabi_sdiv.o ABSOLUTE
    ../clib/division.s                       0x00000000   Number         0  aeabi_sdiv_div0.o ABSOLUTE
    ../clib/fenv.c                           0x00000000   Number         0  _rserrno.o ABSOLUTE
    ../clib/heapalloc.c                      0x00000000   Number         0  hrguard.o ABSOLUTE
    ../clib/heapaux.c                        0x00000000   Number         0  heapauxi.o ABSOLUTE
    ../clib/libinit.s                        0x00000000   Number         0  libshutdown.o ABSOLUTE
    ../clib/libinit.s                        0x00000000   Number         0  libinit.o ABSOLUTE
    ../clib/libinit.s                        0x00000000   Number         0  libshutdown2.o ABSOLUTE
    ../clib/libinit.s                        0x00000000   Number         0  libinit2.o ABSOLUTE
    ../clib/signal.c                         0x00000000   Number         0  defsig_rtred_inner.o ABSOLUTE
    ../clib/signal.c                         0x00000000   Number         0  defsig_rtmem_formal.o ABSOLUTE
    ../clib/signal.c                         0x00000000   Number         0  defsig_abrt_inner.o ABSOLUTE
    ../clib/signal.c                         0x00000000   Number         0  defsig_exit.o ABSOLUTE
    ../clib/signal.c                         0x00000000   Number         0  defsig_other.o ABSOLUTE
    ../clib/signal.c                         0x00000000   Number         0  defsig_segv_inner.o ABSOLUTE
    ../clib/signal.c                         0x00000000   Number         0  defsig_cppl_inner.o ABSOLUTE
    ../clib/signal.c                         0x00000000   Number         0  defsig_pvfn_inner.o ABSOLUTE
    ../clib/signal.c                         0x00000000   Number         0  defsig_stak_inner.o ABSOLUTE
    ../clib/signal.c                         0x00000000   Number         0  defsig_rtmem_outer.o ABSOLUTE
    ../clib/signal.c                         0x00000000   Number         0  defsig_fpe_formal.o ABSOLUTE
    ../clib/signal.c                         0x00000000   Number         0  defsig_rtmem_inner.o ABSOLUTE
    ../clib/signal.c                         0x00000000   Number         0  defsig_general.o ABSOLUTE
    ../clib/signal.c                         0x00000000   Number         0  __raise.o ABSOLUTE
    ../clib/signal.c                         0x00000000   Number         0  defsig_fpe_outer.o ABSOLUTE
    ../clib/signal.c                         0x00000000   Number         0  defsig_fpe_inner.o ABSOLUTE
    ../clib/signal.s                         0x00000000   Number         0  defsig.o ABSOLUTE
    ../clib/stdlib.c                         0x00000000   Number         0  exit.o ABSOLUTE
    ../fplib/cfplib/cmpret.c                 0x00000000   Number         0  cmpret.o ABSOLUTE
    ../fplib/cfplib/daddsub.c                0x00000000   Number         0  daddsub.o ABSOLUTE
    ../fplib/cfplib/dcmpin.c                 0x00000000   Number         0  dcmpin.o ABSOLUTE
    ../fplib/cfplib/ddiv.c                   0x00000000   Number         0  ddiv.o ABSOLUTE
    ../fplib/cfplib/dmul.c                   0x00000000   Number         0  dmul.o ABSOLUTE
    ../fplib/cfplib/dsqrt.c                  0x00000000   Number         0  dsqrt.o ABSOLUTE
    ../fplib/cfplib/ffix.c                   0x00000000   Number         0  dfixui.o ABSOLUTE
    ../fplib/cfplib/ffix.c                   0x00000000   Number         0  dfixi.o ABSOLUTE
    ../fplib/cfplib/fflt.c                   0x00000000   Number         0  dflti.o ABSOLUTE
    ../fplib/cfplib/fpinit.c                 0x00000000   Number         0  fpinit.o ABSOLUTE
    ../fplib/cfplib/nan2.c                   0x00000000   Number         0  dnan2.o ABSOLUTE
    ../fplib/cfplib/retnan.c                 0x00000000   Number         0  retnan.o ABSOLUTE
    ../fplib/cfplib/scalbn.c                 0x00000000   Number         0  dscalbn.o ABSOLUTE
    ../fplib/deqf6m.s                        0x00000000   Number         0  deqf.o ABSOLUTE
    ../fplib/dleqf6m.s                       0x00000000   Number         0  dlef.o ABSOLUTE
    ../fplib/usenofp.s                       0x00000000   Number         0  usenofp.o ABSOLUTE
    ../mathlib/atan.c                        0x00000000   Number         0  atan.o ABSOLUTE
    ../mathlib/atan.c                        0x00000000   Number         0  atan_x.o ABSOLUTE
    ../mathlib/atan2.c                       0x00000000   Number         0  atan2.o ABSOLUTE
    ../mathlib/atan2.c                       0x00000000   Number         0  atan2_x.o ABSOLUTE
    ../mathlib/dunder.c                      0x00000000   Number         0  dunder.o ABSOLUTE
    ../mathlib/fpclassify.c                  0x00000000   Number         0  fpclassify.o ABSOLUTE
    ../mathlib/poly.c                        0x00000000   Number         0  poly.o ABSOLUTE
    ../mathlib/qnan.c                        0x00000000   Number         0  qnan.o ABSOLUTE
    ../mathlib/sqrt.c                        0x00000000   Number         0  sqrt.o ABSOLUTE
    ../mathlib/sqrt.c                        0x00000000   Number         0  sqrt_x.o ABSOLUTE
    Accelometer.c                            0x00000000   Number         0  accelometer.o ABSOLUTE
    Accelometer.c                            0x00000000   Number         0  accelometer.o ABSOLUTE
    I2C_Transmission.c                       0x00000000   Number         0  i2c_transmission.o ABSOLUTE
    I2C_Transmission.c                       0x00000000   Number         0  i2c_transmission.o ABSOLUTE
    RTE\Device\MKL25Z128xxx4\startup_MKL25Z4.s 0x00000000   Number         0  startup_mkl25z4.o ABSOLUTE
    RTE\Device\MKL25Z128xxx4\system_MKL25Z4.c 0x00000000   Number         0  system_mkl25z4.o ABSOLUTE
    RTE\\Device\\MKL25Z128xxx4\\system_MKL25Z4.c 0x00000000   Number         0  system_mkl25z4.o ABSOLUTE
    angle_cal.c                              0x00000000   Number         0  angle_cal.o ABSOLUTE
    angle_cal.c                              0x00000000   Number         0  angle_cal.o ABSOLUTE
    dc.s                                     0x00000000   Number         0  dc.o ABSOLUTE
    extra.c                                  0x00000000   Number         0  extra.o ABSOLUTE
    extra.c                                  0x00000000   Number         0  extra.o ABSOLUTE
    i2c.c                                    0x00000000   Number         0  i2c.o ABSOLUTE
    i2c.c                                    0x00000000   Number         0  i2c.o ABSOLUTE
    lptmr.c                                  0x00000000   Number         0  lptmr.o ABSOLUTE
    lptmr.c                                  0x00000000   Number         0  lptmr.o ABSOLUTE
    main.c                                   0x00000000   Number         0  main.o ABSOLUTE
    main.c                                   0x00000000   Number         0  main.o ABSOLUTE
    median.c                                 0x00000000   Number         0  median.o ABSOLUTE
    mma8451.c                                0x00000000   Number         0  mma8451.o ABSOLUTE
    mma8451.c                                0x00000000   Number         0  mma8451.o ABSOLUTE
    pwm.c                                    0x00000000   Number         0  pwm.o ABSOLUTE
    pwm.c                                    0x00000000   Number         0  pwm.o ABSOLUTE
    serwo.c                                  0x00000000   Number         0  serwo.o ABSOLUTE
    serwo.c                                  0x00000000   Number         0  serwo.o ABSOLUTE
    sqrt16.c                                 0x00000000   Number         0  sqrt16.o ABSOLUTE
    uart.c                                   0x00000000   Number         0  uart.o ABSOLUTE
    uart.c                                   0x00000000   Number         0  uart.o ABSOLUTE
    !!!main                                  0x000000c0   Section        8  __main.o(!!!main)
    !!!scatter                               0x000000c8   Section       60  __scatter.o(!!!scatter)
    !!handler_copy                           0x00000104   Section       26  __scatter_copy.o(!!handler_copy)
    !!handler_zi                             0x00000120   Section       28  __scatter_zi.o(!!handler_zi)
    .ARM.Collect$$libinit$$00000000          0x0000013c   Section        2  libinit.o(.ARM.Collect$$libinit$$00000000)
    .ARM.Collect$$libinit$$00000002          0x0000013e   Section        0  libinit2.o(.ARM.Collect$$libinit$$00000002)
    .ARM.Collect$$libinit$$00000004          0x0000013e   Section        0  libinit2.o(.ARM.Collect$$libinit$$00000004)
    .ARM.Collect$$libinit$$0000000A          0x0000013e   Section        0  libinit2.o(.ARM.Collect$$libinit$$0000000A)
    .ARM.Collect$$libinit$$0000000C          0x0000013e   Section        0  libinit2.o(.ARM.Collect$$libinit$$0000000C)
    .ARM.Collect$$libinit$$0000000E          0x0000013e   Section        0  libinit2.o(.ARM.Collect$$libinit$$0000000E)
    .ARM.Collect$$libinit$$00000011          0x0000013e   Section        0  libinit2.o(.ARM.Collect$$libinit$$00000011)
    .ARM.Collect$$libinit$$00000013          0x0000013e   Section        0  libinit2.o(.ARM.Collect$$libinit$$00000013)
    .ARM.Collect$$libinit$$00000015          0x0000013e   Section        0  libinit2.o(.ARM.Collect$$libinit$$00000015)
    .ARM.Collect$$libinit$$00000017          0x0000013e   Section        0  libinit2.o(.ARM.Collect$$libinit$$00000017)
    .ARM.Collect$$libinit$$00000019          0x0000013e   Section        0  libinit2.o(.ARM.Collect$$libinit$$00000019)
    .ARM.Collect$$libinit$$0000001B          0x0000013e   Section        0  libinit2.o(.ARM.Collect$$libinit$$0000001B)
    .ARM.Collect$$libinit$$0000001D          0x0000013e   Section        0  libinit2.o(.ARM.Collect$$libinit$$0000001D)
    .ARM.Collect$$libinit$$0000001F          0x0000013e   Section        0  libinit2.o(.ARM.Collect$$libinit$$0000001F)
    .ARM.Collect$$libinit$$00000021          0x0000013e   Section        0  libinit2.o(.ARM.Collect$$libinit$$00000021)
    .ARM.Collect$$libinit$$00000023          0x0000013e   Section        0  libinit2.o(.ARM.Collect$$libinit$$00000023)
    .ARM.Collect$$libinit$$00000025          0x0000013e   Section        0  libinit2.o(.ARM.Collect$$libinit$$00000025)
    .ARM.Collect$$libinit$$0000002C          0x0000013e   Section        0  libinit2.o(.ARM.Collect$$libinit$$0000002C)
    .ARM.Collect$$libinit$$0000002E          0x0000013e   Section        0  libinit2.o(.ARM.Collect$$libinit$$0000002E)
    .ARM.Collect$$libinit$$00000030          0x0000013e   Section        0  libinit2.o(.ARM.Collect$$libinit$$00000030)
    .ARM.Collect$$libinit$$00000032          0x0000013e   Section        0  libinit2.o(.ARM.Collect$$libinit$$00000032)
    .ARM.Collect$$libinit$$00000033          0x0000013e   Section        2  libinit2.o(.ARM.Collect$$libinit$$00000033)
    .ARM.Collect$$libshutdown$$00000000      0x00000140   Section        2  libshutdown.o(.ARM.Collect$$libshutdown$$00000000)
    .ARM.Collect$$libshutdown$$00000002      0x00000142   Section        0  libshutdown2.o(.ARM.Collect$$libshutdown$$00000002)
    .ARM.Collect$$libshutdown$$00000004      0x00000142   Section        0  libshutdown2.o(.ARM.Collect$$libshutdown$$00000004)
    .ARM.Collect$$libshutdown$$00000007      0x00000142   Section        0  libshutdown2.o(.ARM.Collect$$libshutdown$$00000007)
    .ARM.Collect$$libshutdown$$0000000A      0x00000142   Section        0  libshutdown2.o(.ARM.Collect$$libshutdown$$0000000A)
    .ARM.Collect$$libshutdown$$0000000C      0x00000142   Section        0  libshutdown2.o(.ARM.Collect$$libshutdown$$0000000C)
    .ARM.Collect$$libshutdown$$0000000F      0x00000142   Section        0  libshutdown2.o(.ARM.Collect$$libshutdown$$0000000F)
    .ARM.Collect$$libshutdown$$00000010      0x00000142   Section        2  libshutdown2.o(.ARM.Collect$$libshutdown$$00000010)
    .ARM.Collect$$rtentry$$00000000          0x00000144   Section        0  __rtentry.o(.ARM.Collect$$rtentry$$00000000)
    .ARM.Collect$$rtentry$$00000002          0x00000144   Section        0  __rtentry2.o(.ARM.Collect$$rtentry$$00000002)
    .ARM.Collect$$rtentry$$00000004          0x00000144   Section        6  __rtentry4.o(.ARM.Collect$$rtentry$$00000004)
    .ARM.Collect$$rtentry$$00000009          0x0000014a   Section        0  __rtentry2.o(.ARM.Collect$$rtentry$$00000009)
    .ARM.Collect$$rtentry$$0000000A          0x0000014a   Section        4  __rtentry2.o(.ARM.Collect$$rtentry$$0000000A)
    .ARM.Collect$$rtentry$$0000000C          0x0000014e   Section        0  __rtentry2.o(.ARM.Collect$$rtentry$$0000000C)
    .ARM.Collect$$rtentry$$0000000D          0x0000014e   Section        8  __rtentry2.o(.ARM.Collect$$rtentry$$0000000D)
    .ARM.Collect$$rtexit$$00000000           0x00000156   Section        2  rtexit.o(.ARM.Collect$$rtexit$$00000000)
    .ARM.Collect$$rtexit$$00000002           0x00000158   Section        0  rtexit2.o(.ARM.Collect$$rtexit$$00000002)
    .ARM.Collect$$rtexit$$00000003           0x00000158   Section        4  rtexit2.o(.ARM.Collect$$rtexit$$00000003)
    .ARM.Collect$$rtexit$$00000004           0x0000015c   Section        6  rtexit2.o(.ARM.Collect$$rtexit$$00000004)
    .text                                    0x00000164   Section       64  startup_mkl25z4.o(.text)
    .text                                    0x000001a4   Section      346  aeabi_sdiv.o(.text)
    .text                                    0x000002fe   Section        0  heapauxi.o(.text)
    .text                                    0x00000304   Section        8  libspace.o(.text)
    .text                                    0x0000030c   Section       62  sys_stackheap_outer.o(.text)
    .text                                    0x0000034a   Section        0  exit.o(.text)
    .text                                    0x0000035c   Section        0  sys_exit.o(.text)
    .text                                    0x00000368   Section        2  use_no_semi.o(.text)
    .text                                    0x0000036a   Section        0  indicate_semi.o(.text)
    i.SystemInit                             0x0000036c   Section        0  system_mkl25z4.o(i.SystemInit)
    i.__ARM_common_switch8                   0x00000378   Section        0  uart.o(i.__ARM_common_switch8)
    i.accel_init                             0x00000394   Section        0  mma8451.o(i.accel_init)
    i.hal_dev_mma8451_init                   0x0000039c   Section        0  mma8451.o(i.hal_dev_mma8451_init)
    i.hal_i2c0_init                          0x000003ac   Section        0  i2c.o(i.hal_i2c0_init)
    i.i2c_get_ack                            0x000003e0   Section        0  i2c.o(i.i2c_get_ack)
    i.i2c_give_nack                          0x000003f4   Section        0  i2c.o(i.i2c_give_nack)
    .ARM.__at_0x400                          0x00000400   Section       16  startup_mkl25z4.o(.ARM.__at_0x400)
    i.hal_dev_mma8451_read_reg               0x00000410   Section        0  mma8451.o(i.hal_dev_mma8451_read_reg)
    i.i2c_read_byte                          0x00000490   Section        0  i2c.o(i.i2c_read_byte)
    i.i2c_repeated_start                     0x00000496   Section        0  i2c.o(i.i2c_repeated_start)
    i.i2c_set_master_mode                    0x000004a0   Section        0  i2c.o(i.i2c_set_master_mode)
    i.i2c_set_rx_mode                        0x000004aa   Section        0  i2c.o(i.i2c_set_rx_mode)
    i.i2c_set_slave_mode                     0x000004b4   Section        0  i2c.o(i.i2c_set_slave_mode)
    i.i2c_set_tx_mode                        0x000004be   Section        0  i2c.o(i.i2c_set_tx_mode)
    i.i2c_start                              0x000004c8   Section        0  i2c.o(i.i2c_start)
    i.i2c_stop                               0x000004da   Section        0  i2c.o(i.i2c_stop)
    i.i2c_wait                               0x000004ec   Section        0  i2c.o(i.i2c_wait)
    i.i2c_write_byte                         0x00000500   Section        0  i2c.o(i.i2c_write_byte)
    i.initSerwo                              0x00000504   Section        0  serwo.o(i.initSerwo)
    i.main                                   0x0000054c   Section        0  main.o(i.main)
    i.pause                                  0x00000650   Section        0  mma8451.o(i.pause)
    pause                                    0x00000651   Thumb Code    12  mma8451.o(i.pause)
    i.pwm_tpm_Ch_Init                        0x0000065c   Section        0  pwm.o(i.pwm_tpm_Ch_Init)
    i.pwm_tpm_CnV                            0x000008e0   Section        0  pwm.o(i.pwm_tpm_CnV)
    i.pwm_tpm_Init                           0x000008f0   Section        0  pwm.o(i.pwm_tpm_Init)
    i.resetPosition                          0x00000998   Section        0  serwo.o(i.resetPosition)
    i.time_delay_ms                          0x000009c4   Section        0  lptmr.o(i.time_delay_ms)
    i.uart_Init                              0x00000a10   Section        0  uart.o(i.uart_Init)
    i.uart_Put                               0x00000c8c   Section        0  uart.o(i.uart_Put)
    i.uart_String                            0x00000c9c   Section        0  uart.o(i.uart_String)
    .data                                    0x1ffff000   Section        4  system_mkl25z4.o(.data)
    .bss                                     0x1ffff004   Section       96  libspace.o(.bss)
    HEAP                                     0x1ffff068   Section        0  startup_mkl25z4.o(HEAP)
    STACK                                    0x1ffff068   Section      256  startup_mkl25z4.o(STACK)
    Heap_Mem                                 0x1ffff068   Data           0  startup_mkl25z4.o(HEAP)
    Stack_Mem                                0x1ffff068   Data         256  startup_mkl25z4.o(STACK)
    __initial_sp                             0x1ffff168   Data           0  startup_mkl25z4.o(STACK)

    Global Symbols

    Symbol Name                              Value     Ov Type        Size  Object(Section)

    BuildAttributes$$THM_ISAv3M$S$PE$A:L22$X:L11$S22$IEEE1$IW$USESV6$~STKCKD$USESV7$~SHL$OTIME$ROPI$IEEEX$EBA8$UX$STANDARDLIB$REQ8$PRES8$EABIv2 0x00000000   Number         0  anon$$obj.o ABSOLUTE
    __ARM_use_no_argv                        0x00000000   Number         0  main.o ABSOLUTE
    __Vectors                                0x00000000   Data           4  startup_mkl25z4.o(RESET)
    __ARM_exceptions_init                     - Undefined Weak Reference
    __alloca_initialize                       - Undefined Weak Reference
    __arm_preinit_                            - Undefined Weak Reference
    __cpp_initialize__aeabi_                  - Undefined Weak Reference
    __cxa_finalize                            - Undefined Weak Reference
    __rt_locale                               - Undefined Weak Reference
    __sigvec_lookup                           - Undefined Weak Reference
    _atexit_init                              - Undefined Weak Reference
    _call_atexit_fns                          - Undefined Weak Reference
    _clock_init                               - Undefined Weak Reference
    _fp_trap_init                             - Undefined Weak Reference
    _fp_trap_shutdown                         - Undefined Weak Reference
    _get_lc_collate                           - Undefined Weak Reference
    _get_lc_ctype                             - Undefined Weak Reference
    _get_lc_monetary                          - Undefined Weak Reference
    _get_lc_numeric                           - Undefined Weak Reference
    _get_lc_time                              - Undefined Weak Reference
    _getenv_init                              - Undefined Weak Reference
    _handle_redirection                       - Undefined Weak Reference
    _init_alloc                               - Undefined Weak Reference
    _init_user_alloc                          - Undefined Weak Reference
    _initio                                   - Undefined Weak Reference
    _rand_init                                - Undefined Weak Reference
    _signal_finish                            - Undefined Weak Reference
    _signal_init                              - Undefined Weak Reference
    _terminate_alloc                          - Undefined Weak Reference
    _terminate_user_alloc                     - Undefined Weak Reference
    _terminateio                              - Undefined Weak Reference
    __Vectors_End                            0x000000c0   Data           0  startup_mkl25z4.o(RESET)
    __Vectors_Size                           0x000000c0   Number         0  startup_mkl25z4.o ABSOLUTE
    __main                                   0x000000c1   Thumb Code     8  __main.o(!!!main)
    __scatterload                            0x000000c9   Thumb Code     0  __scatter.o(!!!scatter)
    __scatterload_rt2                        0x000000c9   Thumb Code    52  __scatter.o(!!!scatter)
    __scatterload_rt2_thumb_only             0x000000c9   Thumb Code     0  __scatter.o(!!!scatter)
    __scatterload_null                       0x000000d9   Thumb Code     0  __scatter.o(!!!scatter)
    __scatterload_copy                       0x00000105   Thumb Code    26  __scatter_copy.o(!!handler_copy)
    __scatterload_zeroinit                   0x00000121   Thumb Code    28  __scatter_zi.o(!!handler_zi)
    __rt_lib_init                            0x0000013d   Thumb Code     0  libinit.o(.ARM.Collect$$libinit$$00000000)
    __rt_lib_init_alloca_1                   0x0000013f   Thumb Code     0  libinit2.o(.ARM.Collect$$libinit$$0000002E)
    __rt_lib_init_argv_1                     0x0000013f   Thumb Code     0  libinit2.o(.ARM.Collect$$libinit$$0000002C)
    __rt_lib_init_atexit_1                   0x0000013f   Thumb Code     0  libinit2.o(.ARM.Collect$$libinit$$0000001B)
    __rt_lib_init_clock_1                    0x0000013f   Thumb Code     0  libinit2.o(.ARM.Collect$$libinit$$00000021)
    __rt_lib_init_cpp_1                      0x0000013f   Thumb Code     0  libinit2.o(.ARM.Collect$$libinit$$00000032)
    __rt_lib_init_exceptions_1               0x0000013f   Thumb Code     0  libinit2.o(.ARM.Collect$$libinit$$00000030)
    __rt_lib_init_fp_1                       0x0000013f   Thumb Code     0  libinit2.o(.ARM.Collect$$libinit$$00000002)
    __rt_lib_init_fp_trap_1                  0x0000013f   Thumb Code     0  libinit2.o(.ARM.Collect$$libinit$$0000001F)
    __rt_lib_init_getenv_1                   0x0000013f   Thumb Code     0  libinit2.o(.ARM.Collect$$libinit$$00000023)
    __rt_lib_init_heap_1                     0x0000013f   Thumb Code     0  libinit2.o(.ARM.Collect$$libinit$$0000000A)
    __rt_lib_init_lc_collate_1               0x0000013f   Thumb Code     0  libinit2.o(.ARM.Collect$$libinit$$00000011)
    __rt_lib_init_lc_ctype_1                 0x0000013f   Thumb Code     0  libinit2.o(.ARM.Collect$$libinit$$00000013)
    __rt_lib_init_lc_monetary_1              0x0000013f   Thumb Code     0  libinit2.o(.ARM.Collect$$libinit$$00000015)
    __rt_lib_init_lc_numeric_1               0x0000013f   Thumb Code     0  libinit2.o(.ARM.Collect$$libinit$$00000017)
    __rt_lib_init_lc_time_1                  0x0000013f   Thumb Code     0  libinit2.o(.ARM.Collect$$libinit$$00000019)
    __rt_lib_init_preinit_1                  0x0000013f   Thumb Code     0  libinit2.o(.ARM.Collect$$libinit$$00000004)
    __rt_lib_init_rand_1                     0x0000013f   Thumb Code     0  libinit2.o(.ARM.Collect$$libinit$$0000000E)
    __rt_lib_init_return                     0x0000013f   Thumb Code     0  libinit2.o(.ARM.Collect$$libinit$$00000033)
    __rt_lib_init_signal_1                   0x0000013f   Thumb Code     0  libinit2.o(.ARM.Collect$$libinit$$0000001D)
    __rt_lib_init_stdio_1                    0x0000013f   Thumb Code     0  libinit2.o(.ARM.Collect$$libinit$$00000025)
    __rt_lib_init_user_alloc_1               0x0000013f   Thumb Code     0  libinit2.o(.ARM.Collect$$libinit$$0000000C)
    __rt_lib_shutdown                        0x00000141   Thumb Code     0  libshutdown.o(.ARM.Collect$$libshutdown$$00000000)
    __rt_lib_shutdown_cpp_1                  0x00000143   Thumb Code     0  libshutdown2.o(.ARM.Collect$$libshutdown$$00000002)
    __rt_lib_shutdown_fp_trap_1              0x00000143   Thumb Code     0  libshutdown2.o(.ARM.Collect$$libshutdown$$00000007)
    __rt_lib_shutdown_heap_1                 0x00000143   Thumb Code     0  libshutdown2.o(.ARM.Collect$$libshutdown$$0000000F)
    __rt_lib_shutdown_return                 0x00000143   Thumb Code     0  libshutdown2.o(.ARM.Collect$$libshutdown$$00000010)
    __rt_lib_shutdown_signal_1               0x00000143   Thumb Code     0  libshutdown2.o(.ARM.Collect$$libshutdown$$0000000A)
    __rt_lib_shutdown_stdio_1                0x00000143   Thumb Code     0  libshutdown2.o(.ARM.Collect$$libshutdown$$00000004)
    __rt_lib_shutdown_user_alloc_1           0x00000143   Thumb Code     0  libshutdown2.o(.ARM.Collect$$libshutdown$$0000000C)
    __rt_entry                               0x00000145   Thumb Code     0  __rtentry.o(.ARM.Collect$$rtentry$$00000000)
    __rt_entry_presh_1                       0x00000145   Thumb Code     0  __rtentry2.o(.ARM.Collect$$rtentry$$00000002)
    __rt_entry_sh                            0x00000145   Thumb Code     0  __rtentry4.o(.ARM.Collect$$rtentry$$00000004)
    __rt_entry_li                            0x0000014b   Thumb Code     0  __rtentry2.o(.ARM.Collect$$rtentry$$0000000A)
    __rt_entry_postsh_1                      0x0000014b   Thumb Code     0  __rtentry2.o(.ARM.Collect$$rtentry$$00000009)
    __rt_entry_main                          0x0000014f   Thumb Code     0  __rtentry2.o(.ARM.Collect$$rtentry$$0000000D)
    __rt_entry_postli_1                      0x0000014f   Thumb Code     0  __rtentry2.o(.ARM.Collect$$rtentry$$0000000C)
    __rt_exit                                0x00000157   Thumb Code     0  rtexit.o(.ARM.Collect$$rtexit$$00000000)
    __rt_exit_ls                             0x00000159   Thumb Code     0  rtexit2.o(.ARM.Collect$$rtexit$$00000003)
    __rt_exit_prels_1                        0x00000159   Thumb Code     0  rtexit2.o(.ARM.Collect$$rtexit$$00000002)
    __rt_exit_exit                           0x0000015d   Thumb Code     0  rtexit2.o(.ARM.Collect$$rtexit$$00000004)
    Reset_Handler                            0x00000165   Thumb Code    12  startup_mkl25z4.o(.text)
    NMI_Handler                              0x00000171   Thumb Code     2  startup_mkl25z4.o(.text)
    HardFault_Handler                        0x00000173   Thumb Code     2  startup_mkl25z4.o(.text)
    SVC_Handler                              0x00000175   Thumb Code     2  startup_mkl25z4.o(.text)
    PendSV_Handler                           0x00000177   Thumb Code     2  startup_mkl25z4.o(.text)
    SysTick_Handler                          0x00000179   Thumb Code     2  startup_mkl25z4.o(.text)
    ADC0_IRQHandler                          0x0000017b   Thumb Code     0  startup_mkl25z4.o(.text)
    CMP0_IRQHandler                          0x0000017b   Thumb Code     0  startup_mkl25z4.o(.text)
    DAC0_IRQHandler                          0x0000017b   Thumb Code     0  startup_mkl25z4.o(.text)
    DMA0_IRQHandler                          0x0000017b   Thumb Code     0  startup_mkl25z4.o(.text)
    DMA1_IRQHandler                          0x0000017b   Thumb Code     0  startup_mkl25z4.o(.text)
    DMA2_IRQHandler                          0x0000017b   Thumb Code     0  startup_mkl25z4.o(.text)
    DMA3_IRQHandler                          0x0000017b   Thumb Code     0  startup_mkl25z4.o(.text)
    DefaultISR                               0x0000017b   Thumb Code     0  startup_mkl25z4.o(.text)
    FTFA_IRQHandler                          0x0000017b   Thumb Code     0  startup_mkl25z4.o(.text)
    I2C0_IRQHandler                          0x0000017b   Thumb Code     0  startup_mkl25z4.o(.text)
    I2C1_IRQHandler                          0x0000017b   Thumb Code     0  startup_mkl25z4.o(.text)
    LLWU_IRQHandler                          0x0000017b   Thumb Code     0  startup_mkl25z4.o(.text)
    LPTMR0_IRQHandler                        0x0000017b   Thumb Code     0  startup_mkl25z4.o(.text)
    LVD_LVW_IRQHandler                       0x0000017b   Thumb Code     0  startup_mkl25z4.o(.text)
    MCG_IRQHandler                           0x0000017b   Thumb Code     0  startup_mkl25z4.o(.text)
    PIT_IRQHandler                           0x0000017b   Thumb Code     0  startup_mkl25z4.o(.text)
    PORTA_IRQHandler                         0x0000017b   Thumb Code     0  startup_mkl25z4.o(.text)
    PORTD_IRQHandler                         0x0000017b   Thumb Code     0  startup_mkl25z4.o(.text)
    RTC_IRQHandler                           0x0000017b   Thumb Code     0  startup_mkl25z4.o(.text)
    RTC_Seconds_IRQHandler                   0x0000017b   Thumb Code     0  startup_mkl25z4.o(.text)
    Reserved20_IRQHandler                    0x0000017b   Thumb Code     0  startup_mkl25z4.o(.text)
    Reserved39_IRQHandler                    0x0000017b   Thumb Code     0  startup_mkl25z4.o(.text)
    Reserved45_IRQHandler                    0x0000017b   Thumb Code     0  startup_mkl25z4.o(.text)
    SPI0_IRQHandler                          0x0000017b   Thumb Code     0  startup_mkl25z4.o(.text)
    SPI1_IRQHandler                          0x0000017b   Thumb Code     0  startup_mkl25z4.o(.text)
    TPM0_IRQHandler                          0x0000017b   Thumb Code     0  startup_mkl25z4.o(.text)
    TPM1_IRQHandler                          0x0000017b   Thumb Code     0  startup_mkl25z4.o(.text)
    TPM2_IRQHandler                          0x0000017b   Thumb Code     0  startup_mkl25z4.o(.text)
    TSI0_IRQHandler                          0x0000017b   Thumb Code     0  startup_mkl25z4.o(.text)
    UART0_IRQHandler                         0x0000017b   Thumb Code     0  startup_mkl25z4.o(.text)
    UART1_IRQHandler                         0x0000017b   Thumb Code     0  startup_mkl25z4.o(.text)
    UART2_IRQHandler                         0x0000017b   Thumb Code     0  startup_mkl25z4.o(.text)
    USB0_IRQHandler                          0x0000017b   Thumb Code     0  startup_mkl25z4.o(.text)
    __user_initial_stackheap                 0x00000181   Thumb Code     0  startup_mkl25z4.o(.text)
    __aeabi_uidiv                            0x000001a5   Thumb Code     0  aeabi_sdiv.o(.text)
    __aeabi_uidivmod                         0x000001a5   Thumb Code    20  aeabi_sdiv.o(.text)
    __aeabi_idiv                             0x000001b9   Thumb Code     0  aeabi_sdiv.o(.text)
    __aeabi_idivmod                          0x000001b9   Thumb Code   326  aeabi_sdiv.o(.text)
    __use_two_region_memory                  0x000002ff   Thumb Code     2  heapauxi.o(.text)
    __rt_heap_escrow$2region                 0x00000301   Thumb Code     2  heapauxi.o(.text)
    __rt_heap_expand$2region                 0x00000303   Thumb Code     2  heapauxi.o(.text)
    __user_libspace                          0x00000305   Thumb Code     8  libspace.o(.text)
    __user_perproc_libspace                  0x00000305   Thumb Code     0  libspace.o(.text)
    __user_perthread_libspace                0x00000305   Thumb Code     0  libspace.o(.text)
    __user_setup_stackheap                   0x0000030d   Thumb Code    62  sys_stackheap_outer.o(.text)
    exit                                     0x0000034b   Thumb Code    16  exit.o(.text)
    _sys_exit                                0x0000035d   Thumb Code     8  sys_exit.o(.text)
    __I$use$semihosting                      0x00000369   Thumb Code     0  use_no_semi.o(.text)
    __use_no_semihosting_swi                 0x00000369   Thumb Code     2  use_no_semi.o(.text)
    __semihosting_library_function           0x0000036b   Thumb Code     0  indicate_semi.o(.text)
    SystemInit                               0x0000036d   Thumb Code     8  system_mkl25z4.o(i.SystemInit)
    __ARM_common_switch8                     0x00000379   Thumb Code    28  uart.o(i.__ARM_common_switch8)
    accel_init                               0x00000395   Thumb Code     8  mma8451.o(i.accel_init)
    hal_dev_mma8451_init                     0x0000039d   Thumb Code    10  mma8451.o(i.hal_dev_mma8451_init)
    hal_i2c0_init                            0x000003ad   Thumb Code    42  i2c.o(i.hal_i2c0_init)
    i2c_get_ack                              0x000003e1   Thumb Code    20  i2c.o(i.i2c_get_ack)
    i2c_give_nack                            0x000003f5   Thumb Code    10  i2c.o(i.i2c_give_nack)
    hal_dev_mma8451_read_reg                 0x00000411   Thumb Code   124  mma8451.o(i.hal_dev_mma8451_read_reg)
    i2c_read_byte                            0x00000491   Thumb Code     6  i2c.o(i.i2c_read_byte)
    i2c_repeated_start                       0x00000497   Thumb Code    10  i2c.o(i.i2c_repeated_start)
    i2c_set_master_mode                      0x000004a1   Thumb Code    10  i2c.o(i.i2c_set_master_mode)
    i2c_set_rx_mode                          0x000004ab   Thumb Code    10  i2c.o(i.i2c_set_rx_mode)
    i2c_set_slave_mode                       0x000004b5   Thumb Code    10  i2c.o(i.i2c_set_slave_mode)
    i2c_set_tx_mode                          0x000004bf   Thumb Code    10  i2c.o(i.i2c_set_tx_mode)
    i2c_start                                0x000004c9   Thumb Code    18  i2c.o(i.i2c_start)
    i2c_stop                                 0x000004db   Thumb Code    18  i2c.o(i.i2c_stop)
    i2c_wait                                 0x000004ed   Thumb Code    20  i2c.o(i.i2c_wait)
    i2c_write_byte                           0x00000501   Thumb Code     4  i2c.o(i.i2c_write_byte)
    initSerwo                                0x00000505   Thumb Code    66  serwo.o(i.initSerwo)
    main                                     0x0000054d   Thumb Code   192  main.o(i.main)
    pwm_tpm_Ch_Init                          0x0000065d   Thumb Code   598  pwm.o(i.pwm_tpm_Ch_Init)
    pwm_tpm_CnV                              0x000008e1   Thumb Code    14  pwm.o(i.pwm_tpm_CnV)
    pwm_tpm_Init                             0x000008f1   Thumb Code   152  pwm.o(i.pwm_tpm_Init)
    resetPosition                            0x00000999   Thumb Code    44  serwo.o(i.resetPosition)
    time_delay_ms                            0x000009c5   Thumb Code    66  lptmr.o(i.time_delay_ms)
    uart_Init                                0x00000a11   Thumb Code   596  uart.o(i.uart_Init)
    uart_Put                                 0x00000c8d   Thumb Code    16  uart.o(i.uart_Put)
    uart_String                              0x00000c9d   Thumb Code    26  uart.o(i.uart_String)
    Region$$Table$$Base                      0x00000cb8   Number         0  anon$$obj.o(Region$$Table)
    Region$$Table$$Limit                     0x00000cd8   Number         0  anon$$obj.o(Region$$Table)
    SystemCoreClock                          0x1ffff000   Data           4  system_mkl25z4.o(.data)
    __libspace_start                         0x1ffff004   Data          96  libspace.o(.bss)
    __temporary_stack_top$libspace           0x1ffff064   Data           0  libspace.o(.bss)



==============================================================================

Memory Map of the image

  Image Entry point : 0x00000165

  Load Region LR_1 (Base: 0x00000000, Size: 0x00000cdc, Max: 0xffffffff, ABSOLUTE)

    Execution Region ER_RO (Exec base: 0x00000000, Load base: 0x00000000, Size: 0x00000cd8, Max: 0xffffffff, ABSOLUTE)

    Exec Addr    Load Addr    Size         Type   Attr      Idx    E Section Name        Object

    0x00000000   0x00000000   0x000000c0   Data   RO          721    RESET               startup_mkl25z4.o
    0x000000c0   0x000000c0   0x00000008   Code   RO          769  * !!!main             c_p.l(__main.o)
    0x000000c8   0x000000c8   0x0000003c   Code   RO         1020    !!!scatter          c_p.l(__scatter.o)
    0x00000104   0x00000104   0x0000001a   Code   RO         1022    !!handler_copy      c_p.l(__scatter_copy.o)
    0x0000011e   0x0000011e   0x00000002   PAD
    0x00000120   0x00000120   0x0000001c   Code   RO         1024    !!handler_zi        c_p.l(__scatter_zi.o)
    0x0000013c   0x0000013c   0x00000002   Code   RO          890    .ARM.Collect$$libinit$$00000000  c_p.l(libinit.o)
    0x0000013e   0x0000013e   0x00000000   Code   RO          903    .ARM.Collect$$libinit$$00000002  c_p.l(libinit2.o)
    0x0000013e   0x0000013e   0x00000000   Code   RO          905    .ARM.Collect$$libinit$$00000004  c_p.l(libinit2.o)
    0x0000013e   0x0000013e   0x00000000   Code   RO          908    .ARM.Collect$$libinit$$0000000A  c_p.l(libinit2.o)
    0x0000013e   0x0000013e   0x00000000   Code   RO          910    .ARM.Collect$$libinit$$0000000C  c_p.l(libinit2.o)
    0x0000013e   0x0000013e   0x00000000   Code   RO          912    .ARM.Collect$$libinit$$0000000E  c_p.l(libinit2.o)
    0x0000013e   0x0000013e   0x00000000   Code   RO          915    .ARM.Collect$$libinit$$00000011  c_p.l(libinit2.o)
    0x0000013e   0x0000013e   0x00000000   Code   RO          917    .ARM.Collect$$libinit$$00000013  c_p.l(libinit2.o)
    0x0000013e   0x0000013e   0x00000000   Code   RO          919    .ARM.Collect$$libinit$$00000015  c_p.l(libinit2.o)
    0x0000013e   0x0000013e   0x00000000   Code   RO          921    .ARM.Collect$$libinit$$00000017  c_p.l(libinit2.o)
    0x0000013e   0x0000013e   0x00000000   Code   RO          923    .ARM.Collect$$libinit$$00000019  c_p.l(libinit2.o)
    0x0000013e   0x0000013e   0x00000000   Code   RO          925    .ARM.Collect$$libinit$$0000001B  c_p.l(libinit2.o)
    0x0000013e   0x0000013e   0x00000000   Code   RO          927    .ARM.Collect$$libinit$$0000001D  c_p.l(libinit2.o)
    0x0000013e   0x0000013e   0x00000000   Code   RO          929    .ARM.Collect$$libinit$$0000001F  c_p.l(libinit2.o)
    0x0000013e   0x0000013e   0x00000000   Code   RO          931    .ARM.Collect$$libinit$$00000021  c_p.l(libinit2.o)
    0x0000013e   0x0000013e   0x00000000   Code   RO          933    .ARM.Collect$$libinit$$00000023  c_p.l(libinit2.o)
    0x0000013e   0x0000013e   0x00000000   Code   RO          935    .ARM.Collect$$libinit$$00000025  c_p.l(libinit2.o)
    0x0000013e   0x0000013e   0x00000000   Code   RO          939    .ARM.Collect$$libinit$$0000002C  c_p.l(libinit2.o)
    0x0000013e   0x0000013e   0x00000000   Code   RO          941    .ARM.Collect$$libinit$$0000002E  c_p.l(libinit2.o)
    0x0000013e   0x0000013e   0x00000000   Code   RO          943    .ARM.Collect$$libinit$$00000030  c_p.l(libinit2.o)
    0x0000013e   0x0000013e   0x00000000   Code   RO          945    .ARM.Collect$$libinit$$00000032  c_p.l(libinit2.o)
    0x0000013e   0x0000013e   0x00000002   Code   RO          946    .ARM.Collect$$libinit$$00000033  c_p.l(libinit2.o)
    0x00000140   0x00000140   0x00000002   Code   RO          977    .ARM.Collect$$libshutdown$$00000000  c_p.l(libshutdown.o)
    0x00000142   0x00000142   0x00000000   Code   RO         1003    .ARM.Collect$$libshutdown$$00000002  c_p.l(libshutdown2.o)
    0x00000142   0x00000142   0x00000000   Code   RO         1005    .ARM.Collect$$libshutdown$$00000004  c_p.l(libshutdown2.o)
    0x00000142   0x00000142   0x00000000   Code   RO         1008    .ARM.Collect$$libshutdown$$00000007  c_p.l(libshutdown2.o)
    0x00000142   0x00000142   0x00000000   Code   RO         1011    .ARM.Collect$$libshutdown$$0000000A  c_p.l(libshutdown2.o)
    0x00000142   0x00000142   0x00000000   Code   RO         1013    .ARM.Collect$$libshutdown$$0000000C  c_p.l(libshutdown2.o)
    0x00000142   0x00000142   0x00000000   Code   RO         1016    .ARM.Collect$$libshutdown$$0000000F  c_p.l(libshutdown2.o)
    0x00000142   0x00000142   0x00000002   Code   RO         1017    .ARM.Collect$$libshutdown$$00000010  c_p.l(libshutdown2.o)
    0x00000144   0x00000144   0x00000000   Code   RO          814    .ARM.Collect$$rtentry$$00000000  c_p.l(__rtentry.o)
    0x00000144   0x00000144   0x00000000   Code   RO          848    .ARM.Collect$$rtentry$$00000002  c_p.l(__rtentry2.o)
    0x00000144   0x00000144   0x00000006   Code   RO          860    .ARM.Collect$$rtentry$$00000004  c_p.l(__rtentry4.o)
    0x0000014a   0x0000014a   0x00000000   Code   RO          850    .ARM.Collect$$rtentry$$00000009  c_p.l(__rtentry2.o)
    0x0000014a   0x0000014a   0x00000004   Code   RO          851    .ARM.Collect$$rtentry$$0000000A  c_p.l(__rtentry2.o)
    0x0000014e   0x0000014e   0x00000000   Code   RO          853    .ARM.Collect$$rtentry$$0000000C  c_p.l(__rtentry2.o)
    0x0000014e   0x0000014e   0x00000008   Code   RO          854    .ARM.Collect$$rtentry$$0000000D  c_p.l(__rtentry2.o)
    0x00000156   0x00000156   0x00000002   Code   RO          894    .ARM.Collect$$rtexit$$00000000  c_p.l(rtexit.o)
    0x00000158   0x00000158   0x00000000   Code   RO          950    .ARM.Collect$$rtexit$$00000002  c_p.l(rtexit2.o)
    0x00000158   0x00000158   0x00000004   Code   RO          951    .ARM.Collect$$rtexit$$00000003  c_p.l(rtexit2.o)
    0x0000015c   0x0000015c   0x00000006   Code   RO          952    .ARM.Collect$$rtexit$$00000004  c_p.l(rtexit2.o)
    0x00000162   0x00000162   0x00000002   PAD
    0x00000164   0x00000164   0x00000040   Code   RO          723  * .text               startup_mkl25z4.o
    0x000001a4   0x000001a4   0x0000015a   Code   RO          763    .text               c_p.l(aeabi_sdiv.o)
    0x000002fe   0x000002fe   0x00000006   Code   RO          767    .text               c_p.l(heapauxi.o)
    0x00000304   0x00000304   0x00000008   Code   RO          873    .text               c_p.l(libspace.o)
    0x0000030c   0x0000030c   0x0000003e   Code   RO          876    .text               c_p.l(sys_stackheap_outer.o)
    0x0000034a   0x0000034a   0x00000010   Code   RO          879    .text               c_p.l(exit.o)
    0x0000035a   0x0000035a   0x00000002   PAD
    0x0000035c   0x0000035c   0x0000000c   Code   RO          947    .text               c_p.l(sys_exit.o)
    0x00000368   0x00000368   0x00000002   Code   RO          966    .text               c_p.l(use_no_semi.o)
    0x0000036a   0x0000036a   0x00000000   Code   RO          968    .text               c_p.l(indicate_semi.o)
    0x0000036a   0x0000036a   0x00000002   PAD
    0x0000036c   0x0000036c   0x0000000c   Code   RO          732    i.SystemInit        system_mkl25z4.o
    0x00000378   0x00000378   0x0000001c   Code   RO          480    i.__ARM_common_switch8  uart.o
    0x00000394   0x00000394   0x00000008   Code   RO          643    i.accel_init        mma8451.o
    0x0000039c   0x0000039c   0x00000010   Code   RO          645    i.hal_dev_mma8451_init  mma8451.o
    0x000003ac   0x000003ac   0x00000034   Code   RO          528    i.hal_i2c0_init     i2c.o
    0x000003e0   0x000003e0   0x00000014   Code   RO          531    i.i2c_get_ack       i2c.o
    0x000003f4   0x000003f4   0x0000000a   Code   RO          533    i.i2c_give_nack     i2c.o
    0x000003fe   0x000003fe   0x00000002   PAD
    0x00000400   0x00000400   0x00000010   Code   RO          722    .ARM.__at_0x400     startup_mkl25z4.o
    0x00000410   0x00000410   0x00000080   Code   RO          646    i.hal_dev_mma8451_read_reg  mma8451.o
    0x00000490   0x00000490   0x00000006   Code   RO          534    i.i2c_read_byte     i2c.o
    0x00000496   0x00000496   0x0000000a   Code   RO          535    i.i2c_repeated_start  i2c.o
    0x000004a0   0x000004a0   0x0000000a   Code   RO          536    i.i2c_set_master_mode  i2c.o
    0x000004aa   0x000004aa   0x0000000a   Code   RO          537    i.i2c_set_rx_mode   i2c.o
    0x000004b4   0x000004b4   0x0000000a   Code   RO          538    i.i2c_set_slave_mode  i2c.o
    0x000004be   0x000004be   0x0000000a   Code   RO          539    i.i2c_set_tx_mode   i2c.o
    0x000004c8   0x000004c8   0x00000012   Code   RO          540    i.i2c_start         i2c.o
    0x000004da   0x000004da   0x00000012   Code   RO          541    i.i2c_stop          i2c.o
    0x000004ec   0x000004ec   0x00000014   Code   RO          542    i.i2c_wait          i2c.o
    0x00000500   0x00000500   0x00000004   Code   RO          543    i.i2c_write_byte    i2c.o
    0x00000504   0x00000504   0x00000048   Code   RO          125    i.initSerwo         serwo.o
    0x0000054c   0x0000054c   0x00000104   Code   RO            3    i.main              main.o
    0x00000650   0x00000650   0x0000000c   Code   RO          648    i.pause             mma8451.o
    0x0000065c   0x0000065c   0x00000284   Code   RO           91    i.pwm_tpm_Ch_Init   pwm.o
    0x000008e0   0x000008e0   0x0000000e   Code   RO           92    i.pwm_tpm_CnV       pwm.o
    0x000008ee   0x000008ee   0x00000002   PAD
    0x000008f0   0x000008f0   0x000000a8   Code   RO           93    i.pwm_tpm_Init      pwm.o
    0x00000998   0x00000998   0x0000002c   Code   RO          126    i.resetPosition     serwo.o
    0x000009c4   0x000009c4   0x0000004c   Code   RO          422    i.time_delay_ms     lptmr.o
    0x00000a10   0x00000a10   0x0000027c   Code   RO          448    i.uart_Init         uart.o
    0x00000c8c   0x00000c8c   0x00000010   Code   RO          449    i.uart_Put          uart.o
    0x00000c9c   0x00000c9c   0x0000001a   Code   RO          450    i.uart_String       uart.o
    0x00000cb6   0x00000cb6   0x00000002   PAD
    0x00000cb8   0x00000cb8   0x00000020   Data   RO         1018    Region$$Table       anon$$obj.o


    Execution Region ER_RW (Exec base: 0x1ffff000, Load base: 0x00000cd8, Size: 0x00000004, Max: 0xffffffff, ABSOLUTE)

    Exec Addr    Load Addr    Size         Type   Attr      Idx    E Section Name        Object

    0x1ffff000   0x00000cd8   0x00000004   Data   RW          733    .data               system_mkl25z4.o


    Execution Region ER_ZI (Exec base: 0x1ffff004, Load base: 0x00000cdc, Size: 0x00000164, Max: 0xffffffff, ABSOLUTE)

    Exec Addr    Load Addr    Size         Type   Attr      Idx    E Section Name        Object

    0x1ffff004        -       0x00000060   Zero   RW          874    .bss                c_p.l(libspace.o)
    0x1ffff064   0x00000cdc   0x00000004   PAD
    0x1ffff068        -       0x00000000   Zero   RW          720    HEAP                startup_mkl25z4.o
    0x1ffff068        -       0x00000100   Zero   RW          719    STACK               startup_mkl25z4.o


==============================================================================

Image component sizes


      Code (inc. data)   RO Data    RW Data    ZI Data      Debug   Object Name

       198         10          0          0          0       5045   i2c.o
        76         10          0          0          0        412   lptmr.o
       260         68          0          0          0     217083   main.o
       164         10          0          0          0       1655   mma8451.o
       826         62          0          0          0       2299   pwm.o
       116          6          0          0          0       1476   serwo.o
        80         44        192          0        256        812   startup_mkl25z4.o
        12          4          0          4          0        619   system_mkl25z4.o
       706         48          0          0          0       1949   uart.o

    ----------------------------------------------------------------------
      2444        262        224          4        256     231350   Object Totals
         0          0         32          0          0          0   (incl. Generated)
         6          0          0          0          0          0   (incl. Padding)

    ----------------------------------------------------------------------

      Code (inc. data)   RO Data    RW Data    ZI Data      Debug   Library Member Name

         8          0          0          0          0         68   __main.o
         0          0          0          0          0          0   __rtentry.o
        12          0          0          0          0          0   __rtentry2.o
         6          0          0          0          0          0   __rtentry4.o
        60          8          0          0          0          0   __scatter.o
        26          0          0          0          0          0   __scatter_copy.o
        28          0          0          0          0          0   __scatter_zi.o
       346          0          0          0          0         92   aeabi_sdiv.o
        16          0          0          0          0         68   exit.o
         6          0          0          0          0        136   heapauxi.o
         0          0          0          0          0          0   indicate_semi.o
         2          0          0          0          0          0   libinit.o
         2          0          0          0          0          0   libinit2.o
         2          0          0          0          0          0   libshutdown.o
         2          0          0          0          0          0   libshutdown2.o
         8          4          0          0         96         68   libspace.o
         2          0          0          0          0          0   rtexit.o
        10          0          0          0          0          0   rtexit2.o
        12          4          0          0          0         60   sys_exit.o
        62          0          0          0          0         80   sys_stackheap_outer.o
         2          0          0          0          0         68   use_no_semi.o

    ----------------------------------------------------------------------
       620         16          0          0        100        640   Library Totals
         8          0          0          0          4          0   (incl. Padding)

    ----------------------------------------------------------------------

      Code (inc. data)   RO Data    RW Data    ZI Data      Debug   Library Name

       612         16          0          0         96        640   c_p.l

    ----------------------------------------------------------------------
       620         16          0          0        100        640   Library Totals

    ----------------------------------------------------------------------

==============================================================================


      Code (inc. data)   RO Data    RW Data    ZI Data      Debug   

      3064        278        224          4        356     230658   Grand Totals
      3064        278        224          4        356     230658   ELF Image Totals
      3064        278        224          4          0          0   ROM Totals

==============================================================================

    Total RO  Size (Code + RO Data)                 3288 (   3.21kB)
    Total RW  Size (RW Data + ZI Data)               360 (   0.35kB)
    Total ROM Size (Code + RO Data + RW Data)       3292 (   3.21kB)

==============================================================================

